Archive member included to satisfy reference by file (symbol)

c:/devkitPro/libnds/lib\libnds9.a(initSystem.o)
                              c:/devkitpro/devkitarm/bin/../lib/gcc/arm-none-eabi/4.9.2/../../../../arm-none-eabi/lib/ds_arm9_crt0.o (initSystem)
c:/devkitPro/libnds/lib\libnds9.a(fifosystem.o)
                              c:/devkitPro/libnds/lib\libnds9.a(initSystem.o) (fifoSetValue32Handler)
c:/devkitPro/libnds/lib\libnds9.a(libnds_exit.arm.o)
                              c:/devkitpro/devkitarm/bin/../lib/gcc/arm-none-eabi/4.9.2/../../../../arm-none-eabi/lib/ds_arm9_crt0.o (__libnds_exit)
c:/devkitPro/libnds/lib\libnds9.a(interrupts.o)
                              c:/devkitPro/libnds/lib\libnds9.a(fifosystem.o) (irqSet)
c:/devkitPro/libnds/lib\libnds9.a(mpu_setup.o)
                              c:/devkitpro/devkitarm/bin/../lib/gcc/arm-none-eabi/4.9.2/../../../../arm-none-eabi/lib/ds_arm9_crt0.o (__libnds_mpu_setup)
c:/devkitPro/libnds/lib\libnds9.a(swiSoftReset.o)
                              c:/devkitPro/libnds/lib\libnds9.a(fifosystem.o) (swiSoftReset)
c:/devkitPro/libnds/lib\libnds9.a(biosCalls.o)
                              c:/devkitPro/libnds/lib\libnds9.a(fifosystem.o) (swiIntrWait)
c:/devkitPro/libnds/lib\libnds9.a(interruptDispatcher.o)
                              c:/devkitPro/libnds/lib\libnds9.a(interrupts.o) (IntrMain)
c:/devkitPro/libnds/lib\libnds9.a(system.o)
                              c:/devkitPro/libnds/lib\libnds9.a(initSystem.o) (systemMsgHandler)
c:/devkitPro/libnds/lib\libnds9.a(video.o)
                              c:/devkitPro/libnds/lib\libnds9.a(initSystem.o) (vramDefault)
c:/devkitPro/libnds/lib\libnds9.a(timeSupport.o)
                              c:/devkitPro/libnds/lib\libnds9.a(initSystem.o) (__libnds_gtod)
c:/devkitpro/devkitarm/bin/../lib/gcc/arm-none-eabi/4.9.2/../../../../arm-none-eabi/lib\libg.a(lib_a-init.o)
                              c:/devkitpro/devkitarm/bin/../lib/gcc/arm-none-eabi/4.9.2/../../../../arm-none-eabi/lib/ds_arm9_crt0.o (__libc_init_array)
c:/devkitpro/devkitarm/bin/../lib/gcc/arm-none-eabi/4.9.2/../../../../arm-none-eabi/lib\libg.a(lib_a-memcpy.o)
                              c:/devkitPro/libnds/lib\libnds9.a(fifosystem.o) (memcpy)
c:/devkitpro/devkitarm/bin/../lib/gcc/arm-none-eabi/4.9.2/../../../../arm-none-eabi/lib\libg.a(lib_a-memset.o)
                              main.o (memset)
c:/devkitpro/devkitarm/bin/../lib/gcc/arm-none-eabi/4.9.2/../../../../arm-none-eabi/lib\libsysbase.a(malloc_vars.o)
                              c:/devkitpro/devkitarm/bin/../lib/gcc/arm-none-eabi/4.9.2/../../../../arm-none-eabi/lib/ds_arm9_crt0.o (fake_heap_start)
c:/devkitpro/devkitarm/bin/../lib/gcc/arm-none-eabi/4.9.2/../../../../arm-none-eabi/lib\libsysbase.a(build_argv.o)
                              c:/devkitpro/devkitarm/bin/../lib/gcc/arm-none-eabi/4.9.2/../../../../arm-none-eabi/lib/ds_arm9_crt0.o (build_argv)
c:/devkitpro/devkitarm/bin/../lib/gcc/arm-none-eabi/4.9.2/../../../../arm-none-eabi/lib\libsysbase.a(syscall_support.o)
                              c:/devkitPro/libnds/lib\libnds9.a(initSystem.o) (__syscalls)

Allocating common symbols
Common symbol       size              file

fifo_datamsg_data   0x40              c:/devkitPro/libnds/lib\libnds9.a(fifosystem.o)
__dsimode           0x1               c:/devkitPro/libnds/lib\libnds9.a(initSystem.o)
fifo_buffer         0x800             c:/devkitPro/libnds/lib\libnds9.a(fifosystem.o)
fifo_value32_func   0x40              c:/devkitPro/libnds/lib\libnds9.a(fifosystem.o)
fifo_address_func   0x40              c:/devkitPro/libnds/lib\libnds9.a(fifosystem.o)
fifo_value32_data   0x40              c:/devkitPro/libnds/lib\libnds9.a(fifosystem.o)
fifo_value32_queue  0x40              c:/devkitPro/libnds/lib\libnds9.a(fifosystem.o)
fifo_data_queue     0x40              c:/devkitPro/libnds/lib\libnds9.a(fifosystem.o)
punixTime           0x4               c:/devkitPro/libnds/lib\libnds9.a(timeSupport.o)
fifo_address_data   0x40              c:/devkitPro/libnds/lib\libnds9.a(fifosystem.o)
fifo_datamsg_func   0x40              c:/devkitPro/libnds/lib\libnds9.a(fifosystem.o)
fifo_address_queue  0x40              c:/devkitPro/libnds/lib\libnds9.a(fifosystem.o)

Memory Configuration

Name             Origin             Length             Attributes
rom              0x08000000         0x02000000
ewram            0x02000000         0x003ff000
dtcm             0x0b000000         0x00004000
vectors          0x01000000         0x00000100
itcm             0x01000100         0x00007f00
*default*        0x00000000         0xffffffff

Linker script and memory map

                0x01000000                __vectors_start = ORIGIN (vectors)
                0x01000100                __itcm_start = ORIGIN (itcm)
                0x023ff000                __ewram_end = (ORIGIN (ewram) + 0x3ff000)
                0x023ff000                __eheap_end = (ORIGIN (ewram) + 0x3ff000)
                0x0b000000                __dtcm_start = ORIGIN (dtcm)
                0x0b004000                __dtcm_top = (ORIGIN (dtcm) + 0x4000)
                0x0b003ff8                __irq_flags = (__dtcm_top - 0x8)
                0x0b003ffc                __irq_vector = (__dtcm_top - 0x4)
                0x0b003f00                __sp_svc = (__dtcm_top - 0x100)
                0x0b003e00                __sp_irq = (__sp_svc - 0x100)
                0x0b003d00                __sp_usr = (__sp_irq - 0x100)

.init           0x02000000      0x248
                0x02000000                __text_start = .
 *(.init)
 .init          0x02000000      0x230 c:/devkitpro/devkitarm/bin/../lib/gcc/arm-none-eabi/4.9.2/../../../../arm-none-eabi/lib/ds_arm9_crt0.o
                0x02000000                _start
 .init          0x02000230        0xc c:/devkitpro/devkitarm/bin/../lib/gcc/arm-none-eabi/4.9.2/crti.o
                0x02000230                _init
 .init          0x0200023c        0xc c:/devkitpro/devkitarm/bin/../lib/gcc/arm-none-eabi/4.9.2/crtn.o
                0x02000248                . = ALIGN (0x4)

.plt
 *(.plt)

.text           0x02000250     0x1ff0
 *(EXCLUDE_FILE(*.itcm*) .text)
 .text          0x02000250        0x0 c:/devkitpro/devkitarm/bin/../lib/gcc/arm-none-eabi/4.9.2/../../../../arm-none-eabi/lib/ds_arm9_crt0.o
 .text          0x02000250        0x0 c:/devkitpro/devkitarm/bin/../lib/gcc/arm-none-eabi/4.9.2/crti.o
 .text          0x02000250      0x108 c:/devkitpro/devkitarm/bin/../lib/gcc/arm-none-eabi/4.9.2/crtbegin.o
 .text          0x02000358        0x0 gfx_ball.o
 .text          0x02000358        0x0 gfx_brick.o
 .text          0x02000358        0x0 gfx_gradient.o
 .text          0x02000358      0x2f8 main.o
                0x02000358                update_logic
                0x0200035c                update_graphics
                0x02000510                setupGraphics
 .text          0x02000650      0x14c c:/devkitPro/libnds/lib\libnds9.a(initSystem.o)
                0x02000650                initSystem
 .text          0x0200079c      0xcb8 c:/devkitPro/libnds/lib\libnds9.a(fifosystem.o)
                0x02000a60                fifoSetValue32Handler
                0x02000ad4                fifoSendAddress
                0x02000b00                fifoSendValue32
                0x02000b3c                fifoSendDatamsg
                0x02000bb0                fifoGetAddress
                0x02000c1c                fifoSetAddressHandler
                0x02000c90                fifoGetValue32
                0x02000ca4                fifoGetDatamsg
                0x02001158                fifoSetDatamsgHandler
                0x020011ec                fifoCheckAddress
                0x02001210                fifoCheckDatamsg
                0x02001234                fifoCheckDatamsgLength
                0x02001264                fifoCheckValue32
                0x02001288                fifoInit
 .text          0x02001454       0x5c c:/devkitPro/libnds/lib\libnds9.a(libnds_exit.arm.o)
                0x02001454                systemErrorExit
                0x02001458                __libnds_exit
 .text          0x020014b0      0x1ec c:/devkitPro/libnds/lib\libnds9.a(interrupts.o)
                0x020014b0                irqDummy
                0x020014b4                irqSet
                0x02001520                irqInit
                0x0200156c                irqInitHandler
                0x0200159c                irqEnable
                0x02001600                irqDisable
                0x02001664                irqClear
 .text          0x0200169c      0x1b4 c:/devkitPro/libnds/lib\libnds9.a(mpu_setup.o)
                0x0200169c                __libnds_mpu_setup
                0x020017dc                memCached
                0x020017f4                memUncached
 .text          0x02001850       0x30 c:/devkitPro/libnds/lib\libnds9.a(swiSoftReset.o)
                0x02001850                swiSoftReset
 .text          0x02001880       0x70 c:/devkitPro/libnds/lib\libnds9.a(biosCalls.o)
                0x02001880                swiDelay
                0x02001884                swiIntrWait
                0x02001888                swiWaitForVBlank
                0x0200188c                swiSleep
                0x02001890                swiChangeSoundBias
                0x02001894                swiDivide
                0x02001898                swiRemainder
                0x0200189e                swiDivMod
                0x020018aa                swiCopy
                0x020018ae                swiFastCopy
                0x020018b2                swiSqrt
                0x020018b6                swiCRC16
                0x020018ba                swiIsDebugger
                0x020018be                swiUnpackBits
                0x020018c2                swiDecompressLZSSWram
                0x020018c6                swiDecompressLZSSVramNTR
                0x020018ca                swiDecompressLZSSVramTWL
                0x020018ce                swiDecompressHuffman
                0x020018d2                swiDecompressRLEWram
                0x020018d6                swiDecompressRLEVram
                0x020018da                swiWaitForIRQ
                0x020018de                swiDecodeDelta8
                0x020018e2                swiDecodeDelta16
                0x020018e6                swiSetHaltCR
 .text          0x020018f0        0x0 c:/devkitPro/libnds/lib\libnds9.a(interruptDispatcher.o)
 .text          0x020018f0      0x134 c:/devkitPro/libnds/lib\libnds9.a(system.o)
                0x020018f0                setSDcallback
                0x020018fc                systemMsgHandler
                0x0200194c                systemSleep
                0x02001964                systemValueHandler
                0x020019a0                powerOn
                0x020019cc                powerOff
                0x020019f4                ledBlink
                0x02001a04                getBatteryLevel
 .text          0x02001a24      0x1f8 c:/devkitPro/libnds/lib\libnds9.a(video.o)
                0x02001a24                vramSetPrimaryBanks
                0x02001a68                vramSetMainBanks
                0x02001aac                vramSetBanks_EFG
                0x02001ae4                vramRestorePrimaryBanks
                0x02001af0                vramRestoreMainBanks
                0x02001afc                vramRestoreBanks_EFG
                0x02001b08                setBrightness
                0x02001b48                vramDefault
 .text          0x02001c1c       0x24 c:/devkitPro/libnds/lib\libnds9.a(timeSupport.o)
                0x02001c1c                __libnds_gtod
 .text          0x02001c40        0x0 c:/devkitpro/devkitarm/bin/../lib/gcc/arm-none-eabi/4.9.2/../../../../arm-none-eabi/lib\libg.a(lib_a-init.o)
 .text          0x02001c40        0x0 c:/devkitpro/devkitarm/bin/../lib/gcc/arm-none-eabi/4.9.2/../../../../arm-none-eabi/lib\libg.a(lib_a-memcpy.o)
 .text          0x02001c40        0x0 c:/devkitpro/devkitarm/bin/../lib/gcc/arm-none-eabi/4.9.2/../../../../arm-none-eabi/lib\libg.a(lib_a-memset.o)
 .text          0x02001c40        0x0 c:/devkitpro/devkitarm/bin/../lib/gcc/arm-none-eabi/4.9.2/../../../../arm-none-eabi/lib\libsysbase.a(malloc_vars.o)
 .text          0x02001c40       0x80 c:/devkitpro/devkitarm/bin/../lib/gcc/arm-none-eabi/4.9.2/../../../../arm-none-eabi/lib\libsysbase.a(build_argv.o)
                0x02001c40                build_argv
 .text          0x02001cc0      0x100 c:/devkitpro/devkitarm/bin/../lib/gcc/arm-none-eabi/4.9.2/../../../../arm-none-eabi/lib\libsysbase.a(syscall_support.o)
                0x02001cc0                __libc_lock_init
                0x02001cd8                __libc_lock_acquire
                0x02001cf0                __libc_lock_try_acquire
                0x02001d10                __libc_lock_release
                0x02001d28                __libc_lock_close
                0x02001d40                __libc_lock_init_recursive
                0x02001d58                __libc_lock_acquire_recursive
                0x02001d70                __libc_lock_try_acquire_recursive
                0x02001d90                __libc_lock_release_recursive
                0x02001da8                __libc_lock_close_recursive
 .text          0x02001dc0        0x0 c:/devkitpro/devkitarm/bin/../lib/gcc/arm-none-eabi/4.9.2/crtend.o
 .text          0x02001dc0        0x0 c:/devkitpro/devkitarm/bin/../lib/gcc/arm-none-eabi/4.9.2/crtn.o
 *(.text.*)
 .text.startup  0x02001dc0      0x1c4 main.o
                0x02001dc0                main
 .text.__libc_init_array
                0x02001f84       0x80 c:/devkitpro/devkitarm/bin/../lib/gcc/arm-none-eabi/4.9.2/../../../../arm-none-eabi/lib\libg.a(lib_a-init.o)
                0x02001f84                __libc_init_array
 .text.memcpy   0x02002004       0xf0 c:/devkitpro/devkitarm/bin/../lib/gcc/arm-none-eabi/4.9.2/../../../../arm-none-eabi/lib\libg.a(lib_a-memcpy.o)
                0x02002004                memcpy
 .text.memset   0x020020f4       0xf4 c:/devkitpro/devkitarm/bin/../lib/gcc/arm-none-eabi/4.9.2/../../../../arm-none-eabi/lib\libg.a(lib_a-memset.o)
                0x020020f4                memset
 .text.memset.__stub
                0x020021e8       0x48 linker stubs
 *(.stub)
 *(.gnu.warning)
 *(.gnu.linkonce.t*)
 *(.glue_7)
 .glue_7        0x02002240        0x0 linker stubs
 *(.glue_7t)
 .glue_7t       0x02002240        0x0 linker stubs
                0x02002240                . = ALIGN (0x4)

.vfp11_veneer   0x02002240        0x0
 .vfp11_veneer  0x02002240        0x0 linker stubs

.v4_bx          0x02002240        0x0
 .v4_bx         0x02002240        0x0 linker stubs

.iplt           0x02002240        0x0
 .iplt          0x02002240        0x0 c:/devkitpro/devkitarm/bin/../lib/gcc/arm-none-eabi/4.9.2/../../../../arm-none-eabi/lib/ds_arm9_crt0.o

.fini           0x02002240       0x18
 *(.fini)
 .fini          0x02002240        0xc c:/devkitpro/devkitarm/bin/../lib/gcc/arm-none-eabi/4.9.2/crti.o
                0x02002240                _fini
 .fini          0x0200224c        0xc c:/devkitpro/devkitarm/bin/../lib/gcc/arm-none-eabi/4.9.2/crtn.o
                0x02002258                __text_end = .

.rodata         0x02002258      0x1e8
 *(.rodata)
 .rodata        0x02002258       0xa0 gfx_ball.o
                0x02002258                gfx_ballTiles
                0x020022d8                gfx_ballPal
 .rodata        0x020022f8       0x28 gfx_brick.o
                0x020022f8                gfx_brickTiles
                0x02002318                gfx_brickPal
 .rodata        0x02002320      0x120 gfx_gradient.o
                0x02002320                gfx_gradientTiles
                0x02002420                gfx_gradientPal
 *all.rodata*(*)
 *(.roda)
 *(.rodata.*)
 *(.gnu.linkonce.r*)
                0x02002440                . = ALIGN (0x4)

.rel.dyn        0x02002440        0x0
 .rel.iplt      0x02002440        0x0 c:/devkitpro/devkitarm/bin/../lib/gcc/arm-none-eabi/4.9.2/../../../../arm-none-eabi/lib/ds_arm9_crt0.o

.ARM.extab
 *(.ARM.extab* .gnu.linkonce.armextab.*)
                0x02002440                __exidx_start = .

ARM.exidx
 *(.ARM.exidx* .gnu.linkonce.armexidx.*)
                0x02002440                __exidx_end = .
                0x02002440                . = ALIGN (0x4)
                0x02002440                PROVIDE (__preinit_array_start, .)

.preinit_array
 *(.preinit_array)
                0x02002440                PROVIDE (__preinit_array_end, .)
                0x02002440                PROVIDE (__init_array_start, .)

.init_array     0x02002440        0x4
 *(SORT(.init_array.*))
 *(.init_array)
 .init_array    0x02002440        0x4 c:/devkitpro/devkitarm/bin/../lib/gcc/arm-none-eabi/4.9.2/crtbegin.o
                0x02002444                PROVIDE (__init_array_end, .)
                0x02002444                PROVIDE (__fini_array_start, .)

.fini_array     0x02002444        0x4
 *(.fini_array)
 .fini_array    0x02002444        0x4 c:/devkitpro/devkitarm/bin/../lib/gcc/arm-none-eabi/4.9.2/crtbegin.o
 *(SORT(.fini_array.*))
                0x02002448                PROVIDE (__fini_array_end, .)

.ctors          0x02002448        0x0
 *crtbegin.o(.ctors)
 *(EXCLUDE_FILE(*crtend.o) .ctors)
 *(SORT(.ctors.*))
 *(.ctors)
                0x02002448                . = ALIGN (0x4)

.dtors          0x02002448        0x0
 *crtbegin.o(.dtors)
 *(EXCLUDE_FILE(*crtend.o) .dtors)
 *(SORT(.dtors.*))
 *(.dtors)
                0x02002448                . = ALIGN (0x4)

.eh_frame       0x02002448        0x4
 *(.eh_frame)
 .eh_frame      0x02002448        0x0 c:/devkitpro/devkitarm/bin/../lib/gcc/arm-none-eabi/4.9.2/crtbegin.o
 .eh_frame      0x02002448        0x4 c:/devkitpro/devkitarm/bin/../lib/gcc/arm-none-eabi/4.9.2/crtend.o
                0x0200244c                . = ALIGN (0x4)

.gcc_except_table
                0x0200244c        0x0
 *(.gcc_except_table)
                0x0200244c                . = ALIGN (0x4)

.jcr            0x0200244c        0x4
 *(.jcr)
 .jcr           0x0200244c        0x0 c:/devkitpro/devkitarm/bin/../lib/gcc/arm-none-eabi/4.9.2/crtbegin.o
 .jcr           0x0200244c        0x4 c:/devkitpro/devkitarm/bin/../lib/gcc/arm-none-eabi/4.9.2/crtend.o

.got
 *(.got.plt)
 *(.got)
 *(.rel.got)

.ewram          0x02002450        0x0
                0x02002450                __ewram_start = ABSOLUTE (.)
 *(.ewram)
 *ewram.*(.text)
                0x02002450                . = ALIGN (0x4)

.data           0x02002450       0x14
                0x02002450                __data_start = ABSOLUTE (.)
 *(.data)
 .data          0x02002450        0x0 c:/devkitpro/devkitarm/bin/../lib/gcc/arm-none-eabi/4.9.2/../../../../arm-none-eabi/lib/ds_arm9_crt0.o
 .data          0x02002450        0x0 c:/devkitpro/devkitarm/bin/../lib/gcc/arm-none-eabi/4.9.2/crti.o
 .data          0x02002450        0x4 c:/devkitpro/devkitarm/bin/../lib/gcc/arm-none-eabi/4.9.2/crtbegin.o
                0x02002450                __dso_handle
 .data          0x02002454        0x0 gfx_ball.o
 .data          0x02002454        0x0 gfx_brick.o
 .data          0x02002454        0x0 gfx_gradient.o
 .data          0x02002454        0x0 main.o
 .data          0x02002454        0x0 c:/devkitPro/libnds/lib\libnds9.a(initSystem.o)
 .data          0x02002454       0x10 c:/devkitPro/libnds/lib\libnds9.a(fifosystem.o)
                0x02002454                fifo_buffer_free
                0x02002458                fifo_freewords
                0x0200245c                fifo_send_queue
                0x02002460                fifo_receive_queue
 .data          0x02002464        0x0 c:/devkitPro/libnds/lib\libnds9.a(libnds_exit.arm.o)
 .data          0x02002464        0x0 c:/devkitPro/libnds/lib\libnds9.a(interrupts.o)
 .data          0x02002464        0x0 c:/devkitPro/libnds/lib\libnds9.a(mpu_setup.o)
 .data          0x02002464        0x0 c:/devkitPro/libnds/lib\libnds9.a(swiSoftReset.o)
 .data          0x02002464        0x0 c:/devkitPro/libnds/lib\libnds9.a(biosCalls.o)
 .data          0x02002464        0x0 c:/devkitPro/libnds/lib\libnds9.a(interruptDispatcher.o)
 .data          0x02002464        0x0 c:/devkitPro/libnds/lib\libnds9.a(system.o)
 .data          0x02002464        0x0 c:/devkitPro/libnds/lib\libnds9.a(video.o)
 .data          0x02002464        0x0 c:/devkitPro/libnds/lib\libnds9.a(timeSupport.o)
 .data          0x02002464        0x0 c:/devkitpro/devkitarm/bin/../lib/gcc/arm-none-eabi/4.9.2/../../../../arm-none-eabi/lib\libg.a(lib_a-init.o)
 .data          0x02002464        0x0 c:/devkitpro/devkitarm/bin/../lib/gcc/arm-none-eabi/4.9.2/../../../../arm-none-eabi/lib\libg.a(lib_a-memcpy.o)
 .data          0x02002464        0x0 c:/devkitpro/devkitarm/bin/../lib/gcc/arm-none-eabi/4.9.2/../../../../arm-none-eabi/lib\libg.a(lib_a-memset.o)
 .data          0x02002464        0x0 c:/devkitpro/devkitarm/bin/../lib/gcc/arm-none-eabi/4.9.2/../../../../arm-none-eabi/lib\libsysbase.a(malloc_vars.o)
 .data          0x02002464        0x0 c:/devkitpro/devkitarm/bin/../lib/gcc/arm-none-eabi/4.9.2/../../../../arm-none-eabi/lib\libsysbase.a(build_argv.o)
 .data          0x02002464        0x0 c:/devkitpro/devkitarm/bin/../lib/gcc/arm-none-eabi/4.9.2/../../../../arm-none-eabi/lib\libsysbase.a(syscall_support.o)
 .data          0x02002464        0x0 c:/devkitpro/devkitarm/bin/../lib/gcc/arm-none-eabi/4.9.2/crtend.o
 .data          0x02002464        0x0 c:/devkitpro/devkitarm/bin/../lib/gcc/arm-none-eabi/4.9.2/crtn.o
 *(.data.*)
 *(.gnu.linkonce.d*)
                0x02002464                . = ALIGN (0x4)
                0x02002464                __data_end = ABSOLUTE (.)
                0x02002464                __dtcm_lma = .
                0x02002464                __bss_vma = .

.igot.plt       0x02002464        0x0
 .igot.plt      0x02002464        0x0 c:/devkitpro/devkitarm/bin/../lib/gcc/arm-none-eabi/4.9.2/../../../../arm-none-eabi/lib/ds_arm9_crt0.o

.tm_clone_table
                0x02002464        0x0
 .tm_clone_table
                0x02002464        0x0 c:/devkitpro/devkitarm/bin/../lib/gcc/arm-none-eabi/4.9.2/crtbegin.o
 .tm_clone_table
                0x02002464        0x0 c:/devkitpro/devkitarm/bin/../lib/gcc/arm-none-eabi/4.9.2/crtend.o

.dtcm           0x0b000000        0x0 load address 0x02002464
 *(.dtcm)
 *(.dtcm.*)
                0x0b000000                . = ALIGN (0x4)
                0x0b000000                __dtcm_end = ABSOLUTE (.)
                0x02002464                __itcm_lma = (__dtcm_lma + SIZEOF (.dtcm))

.itcm           0x01000100      0x194 load address 0x02002464
 *(.itcm)
 .itcm          0x01000100       0xc8 c:/devkitPro/libnds/lib\libnds9.a(interrupts.o)
                0x01000100                irqTable
 .itcm          0x010001c8       0xcc c:/devkitPro/libnds/lib\libnds9.a(interruptDispatcher.o)
                0x010001c8                IntrMain
 *itcm.*(.text)
                0x01000294                . = ALIGN (0x4)
                0x01000294                __itcm_end = ABSOLUTE (.)
                0x020025f8                __vectors_lma = (__itcm_lma + SIZEOF (.itcm))

.vectors        0x01000000        0x0 load address 0x020025f8
 *(.vectors)
 *vectors.*(.text)
                0x01000000                . = ALIGN (0x4)
                0x01000000                __vectors_end = ABSOLUTE (.)

.sbss           0x0b000000        0x0
                0x0b000000                __sbss_start = ABSOLUTE (.)
                0x0b000000                __sbss_start__ = ABSOLUTE (.)
 *(.sbss)
                0x0b000000                . = ALIGN (0x4)
                0x0b000000                __sbss_end = ABSOLUTE (.)

.bss            0x02002464      0xab8
                0x02002464                __bss_start = ABSOLUTE (.)
                0x02002464                __bss_start__ = ABSOLUTE (.)
 *(.dynbss)
 *(.gnu.linkonce.b*)
 *(.bss*)
 .bss           0x02002464        0x0 c:/devkitpro/devkitarm/bin/../lib/gcc/arm-none-eabi/4.9.2/../../../../arm-none-eabi/lib/ds_arm9_crt0.o
 .bss           0x02002464        0x0 c:/devkitpro/devkitarm/bin/../lib/gcc/arm-none-eabi/4.9.2/crti.o
 .bss           0x02002464       0x1c c:/devkitpro/devkitarm/bin/../lib/gcc/arm-none-eabi/4.9.2/crtbegin.o
 .bss           0x02002480        0x0 gfx_ball.o
 .bss           0x02002480        0x0 gfx_brick.o
 .bss           0x02002480        0x0 gfx_gradient.o
 .bss           0x02002480        0x0 main.o
 .bss           0x02002480        0x0 c:/devkitPro/libnds/lib\libnds9.a(initSystem.o)
 .bss           0x02002480        0x8 c:/devkitPro/libnds/lib\libnds9.a(fifosystem.o)
                0x02002484                processing
 .bss           0x02002488        0x0 c:/devkitPro/libnds/lib\libnds9.a(libnds_exit.arm.o)
 .bss           0x02002488        0x0 c:/devkitPro/libnds/lib\libnds9.a(interrupts.o)
 .bss           0x02002488        0x0 c:/devkitPro/libnds/lib\libnds9.a(mpu_setup.o)
 .bss           0x02002488        0x0 c:/devkitPro/libnds/lib\libnds9.a(swiSoftReset.o)
 .bss           0x02002488        0x0 c:/devkitPro/libnds/lib\libnds9.a(biosCalls.o)
 .bss           0x02002488        0x0 c:/devkitPro/libnds/lib\libnds9.a(interruptDispatcher.o)
 .bss           0x02002488        0x4 c:/devkitPro/libnds/lib\libnds9.a(system.o)
 .bss           0x0200248c        0x0 c:/devkitPro/libnds/lib\libnds9.a(video.o)
 .bss           0x0200248c        0x0 c:/devkitPro/libnds/lib\libnds9.a(timeSupport.o)
 .bss           0x0200248c        0x0 c:/devkitpro/devkitarm/bin/../lib/gcc/arm-none-eabi/4.9.2/../../../../arm-none-eabi/lib\libg.a(lib_a-init.o)
 .bss           0x0200248c        0x0 c:/devkitpro/devkitarm/bin/../lib/gcc/arm-none-eabi/4.9.2/../../../../arm-none-eabi/lib\libg.a(lib_a-memcpy.o)
 .bss           0x0200248c        0x0 c:/devkitpro/devkitarm/bin/../lib/gcc/arm-none-eabi/4.9.2/../../../../arm-none-eabi/lib\libg.a(lib_a-memset.o)
 .bss           0x0200248c        0x8 c:/devkitpro/devkitarm/bin/../lib/gcc/arm-none-eabi/4.9.2/../../../../arm-none-eabi/lib\libsysbase.a(malloc_vars.o)
                0x0200248c                fake_heap_start
                0x02002490                fake_heap_end
 .bss           0x02002494        0x0 c:/devkitpro/devkitarm/bin/../lib/gcc/arm-none-eabi/4.9.2/../../../../arm-none-eabi/lib\libsysbase.a(build_argv.o)
 .bss           0x02002494       0x40 c:/devkitpro/devkitarm/bin/../lib/gcc/arm-none-eabi/4.9.2/../../../../arm-none-eabi/lib\libsysbase.a(syscall_support.o)
                0x02002494                __syscalls
 .bss           0x020024d4        0x0 c:/devkitpro/devkitarm/bin/../lib/gcc/arm-none-eabi/4.9.2/crtend.o
 .bss           0x020024d4        0x0 c:/devkitpro/devkitarm/bin/../lib/gcc/arm-none-eabi/4.9.2/crtn.o
 *(COMMON)
 COMMON         0x020024d4        0x1 c:/devkitPro/libnds/lib\libnds9.a(initSystem.o)
                0x020024d4                __dsimode
 *fill*         0x020024d5        0x3 
 COMMON         0x020024d8      0xa40 c:/devkitPro/libnds/lib\libnds9.a(fifosystem.o)
                0x020024d8                fifo_datamsg_data
                0x02002518                fifo_buffer
                0x02002d18                fifo_value32_func
                0x02002d58                fifo_address_func
                0x02002d98                fifo_value32_data
                0x02002dd8                fifo_value32_queue
                0x02002e18                fifo_data_queue
                0x02002e58                fifo_address_data
                0x02002e98                fifo_datamsg_func
                0x02002ed8                fifo_address_queue
 COMMON         0x02002f18        0x4 c:/devkitPro/libnds/lib\libnds9.a(timeSupport.o)
                0x02002f18                punixTime
                0x02002f1c                . = ALIGN (0x4)
                0x02002f1c                __bss_end__ = ABSOLUTE (.)
                0x02002f1c                __end__ = ABSOLUTE (.)

.stab
 *(.stab)

.stabstr
 *(.stabstr)

.stab.excl
 *(.stab.excl)

.stab.exclstr
 *(.stab.exclstr)

.stab.index
 *(.stab.index)

.stab.indexstr
 *(.stab.indexstr)

.comment        0x00000000       0x22
 *(.comment)
 .comment       0x00000000       0x22 c:/devkitpro/devkitarm/bin/../lib/gcc/arm-none-eabi/4.9.2/crtbegin.o
                                 0x23 (size before relaxing)
 .comment       0x00000022       0x23 main.o
 .comment       0x00000022       0x23 c:/devkitPro/libnds/lib\libnds9.a(initSystem.o)
 .comment       0x00000022       0x23 c:/devkitPro/libnds/lib\libnds9.a(fifosystem.o)
 .comment       0x00000022       0x23 c:/devkitPro/libnds/lib\libnds9.a(libnds_exit.arm.o)
 .comment       0x00000022       0x23 c:/devkitPro/libnds/lib\libnds9.a(interrupts.o)
 .comment       0x00000022       0x23 c:/devkitPro/libnds/lib\libnds9.a(system.o)
 .comment       0x00000022       0x23 c:/devkitPro/libnds/lib\libnds9.a(video.o)
 .comment       0x00000022       0x23 c:/devkitPro/libnds/lib\libnds9.a(timeSupport.o)
 .comment       0x00000022       0x23 c:/devkitpro/devkitarm/bin/../lib/gcc/arm-none-eabi/4.9.2/../../../../arm-none-eabi/lib\libg.a(lib_a-init.o)
 .comment       0x00000022       0x23 c:/devkitpro/devkitarm/bin/../lib/gcc/arm-none-eabi/4.9.2/../../../../arm-none-eabi/lib\libg.a(lib_a-memcpy.o)
 .comment       0x00000022       0x23 c:/devkitpro/devkitarm/bin/../lib/gcc/arm-none-eabi/4.9.2/../../../../arm-none-eabi/lib\libg.a(lib_a-memset.o)
 .comment       0x00000022       0x23 c:/devkitpro/devkitarm/bin/../lib/gcc/arm-none-eabi/4.9.2/../../../../arm-none-eabi/lib\libsysbase.a(malloc_vars.o)
 .comment       0x00000022       0x23 c:/devkitpro/devkitarm/bin/../lib/gcc/arm-none-eabi/4.9.2/../../../../arm-none-eabi/lib\libsysbase.a(build_argv.o)
 .comment       0x00000022       0x23 c:/devkitpro/devkitarm/bin/../lib/gcc/arm-none-eabi/4.9.2/../../../../arm-none-eabi/lib\libsysbase.a(syscall_support.o)
 .comment       0x00000022       0x23 c:/devkitpro/devkitarm/bin/../lib/gcc/arm-none-eabi/4.9.2/crtend.o

.ARM.attributes
                0x00000000       0x2d
 .ARM.attributes
                0x00000000       0x21 c:/devkitpro/devkitarm/bin/../lib/gcc/arm-none-eabi/4.9.2/../../../../arm-none-eabi/lib/ds_arm9_crt0.o
 .ARM.attributes
                0x00000021       0x16 c:/devkitpro/devkitarm/bin/../lib/gcc/arm-none-eabi/4.9.2/crti.o
 .ARM.attributes
                0x00000037       0x30 c:/devkitpro/devkitarm/bin/../lib/gcc/arm-none-eabi/4.9.2/crtbegin.o
 .ARM.attributes
                0x00000067       0x1b gfx_ball.o
 .ARM.attributes
                0x00000082       0x1b gfx_brick.o
 .ARM.attributes
                0x0000009d       0x1b gfx_gradient.o
 .ARM.attributes
                0x000000b8       0x2b main.o
 .ARM.attributes
                0x000000e3       0x27 c:/devkitPro/libnds/lib\libnds9.a(initSystem.o)
 .ARM.attributes
                0x0000010a       0x27 c:/devkitPro/libnds/lib\libnds9.a(fifosystem.o)
 .ARM.attributes
                0x00000131       0x27 c:/devkitPro/libnds/lib\libnds9.a(libnds_exit.arm.o)
 .ARM.attributes
                0x00000158       0x27 c:/devkitPro/libnds/lib\libnds9.a(interrupts.o)
 .ARM.attributes
                0x0000017f       0x21 c:/devkitPro/libnds/lib\libnds9.a(mpu_setup.o)
 .ARM.attributes
                0x000001a0       0x21 c:/devkitPro/libnds/lib\libnds9.a(swiSoftReset.o)
 .ARM.attributes
                0x000001c1       0x1b c:/devkitPro/libnds/lib\libnds9.a(biosCalls.o)
 .ARM.attributes
                0x000001dc       0x1b c:/devkitPro/libnds/lib\libnds9.a(interruptDispatcher.o)
 .ARM.attributes
                0x000001f7       0x27 c:/devkitPro/libnds/lib\libnds9.a(system.o)
 .ARM.attributes
                0x0000021e       0x27 c:/devkitPro/libnds/lib\libnds9.a(video.o)
 .ARM.attributes
                0x00000245       0x27 c:/devkitPro/libnds/lib\libnds9.a(timeSupport.o)
 .ARM.attributes
                0x0000026c       0x30 c:/devkitpro/devkitarm/bin/../lib/gcc/arm-none-eabi/4.9.2/../../../../arm-none-eabi/lib\libg.a(lib_a-init.o)
 .ARM.attributes
                0x0000029c       0x30 c:/devkitpro/devkitarm/bin/../lib/gcc/arm-none-eabi/4.9.2/../../../../arm-none-eabi/lib\libg.a(lib_a-memcpy.o)
 .ARM.attributes
                0x000002cc       0x30 c:/devkitpro/devkitarm/bin/../lib/gcc/arm-none-eabi/4.9.2/../../../../arm-none-eabi/lib\libg.a(lib_a-memset.o)
 .ARM.attributes
                0x000002fc       0x30 c:/devkitpro/devkitarm/bin/../lib/gcc/arm-none-eabi/4.9.2/../../../../arm-none-eabi/lib\libsysbase.a(malloc_vars.o)
 .ARM.attributes
                0x0000032c       0x30 c:/devkitpro/devkitarm/bin/../lib/gcc/arm-none-eabi/4.9.2/../../../../arm-none-eabi/lib\libsysbase.a(build_argv.o)
 .ARM.attributes
                0x0000035c       0x30 c:/devkitpro/devkitarm/bin/../lib/gcc/arm-none-eabi/4.9.2/../../../../arm-none-eabi/lib\libsysbase.a(syscall_support.o)
 .ARM.attributes
                0x0000038c       0x30 c:/devkitpro/devkitarm/bin/../lib/gcc/arm-none-eabi/4.9.2/crtend.o
 .ARM.attributes
                0x000003bc       0x18 c:/devkitpro/devkitarm/bin/../lib/gcc/arm-none-eabi/4.9.2/crtn.o

.debug
 *(.debug)

.line
 *(.line)

.debug_srcinfo
 *(.debug_srcinfo)

.debug_sfnames
 *(.debug_sfnames)

.debug_aranges  0x00000000      0x188
 *(.debug_aranges)
 .debug_aranges
                0x00000000       0x28 main.o
 .debug_aranges
                0x00000028       0x20 c:/devkitPro/libnds/lib\libnds9.a(initSystem.o)
 .debug_aranges
                0x00000048       0x20 c:/devkitPro/libnds/lib\libnds9.a(fifosystem.o)
 .debug_aranges
                0x00000068       0x20 c:/devkitPro/libnds/lib\libnds9.a(libnds_exit.arm.o)
 .debug_aranges
                0x00000088       0x20 c:/devkitPro/libnds/lib\libnds9.a(interrupts.o)
 .debug_aranges
                0x000000a8       0x20 c:/devkitPro/libnds/lib\libnds9.a(mpu_setup.o)
 .debug_aranges
                0x000000c8       0x20 c:/devkitPro/libnds/lib\libnds9.a(swiSoftReset.o)
 .debug_aranges
                0x000000e8       0x20 c:/devkitPro/libnds/lib\libnds9.a(biosCalls.o)
 .debug_aranges
                0x00000108       0x20 c:/devkitPro/libnds/lib\libnds9.a(interruptDispatcher.o)
 .debug_aranges
                0x00000128       0x20 c:/devkitPro/libnds/lib\libnds9.a(system.o)
 .debug_aranges
                0x00000148       0x20 c:/devkitPro/libnds/lib\libnds9.a(video.o)
 .debug_aranges
                0x00000168       0x20 c:/devkitPro/libnds/lib\libnds9.a(timeSupport.o)

.debug_pubnames
 *(.debug_pubnames)

.debug_info     0x00000000     0x54b7
 *(.debug_info)
 .debug_info    0x00000000     0x10b8 main.o
 .debug_info    0x000010b8     0x10eb c:/devkitPro/libnds/lib\libnds9.a(initSystem.o)
 .debug_info    0x000021a3     0x1597 c:/devkitPro/libnds/lib\libnds9.a(fifosystem.o)
 .debug_info    0x0000373a      0x327 c:/devkitPro/libnds/lib\libnds9.a(libnds_exit.arm.o)
 .debug_info    0x00003a61      0x5ac c:/devkitPro/libnds/lib\libnds9.a(interrupts.o)
 .debug_info    0x0000400d       0xd0 c:/devkitPro/libnds/lib\libnds9.a(mpu_setup.o)
 .debug_info    0x000040dd       0xce c:/devkitPro/libnds/lib\libnds9.a(swiSoftReset.o)
 .debug_info    0x000041ab       0xcb c:/devkitPro/libnds/lib\libnds9.a(biosCalls.o)
 .debug_info    0x00004276       0xd5 c:/devkitPro/libnds/lib\libnds9.a(interruptDispatcher.o)
 .debug_info    0x0000434b      0x8f6 c:/devkitPro/libnds/lib\libnds9.a(system.o)
 .debug_info    0x00004c41      0x730 c:/devkitPro/libnds/lib\libnds9.a(video.o)
 .debug_info    0x00005371      0x146 c:/devkitPro/libnds/lib\libnds9.a(timeSupport.o)

.debug_abbrev   0x00000000     0x13fe
 *(.debug_abbrev)
 .debug_abbrev  0x00000000      0x3b5 main.o
 .debug_abbrev  0x000003b5      0x303 c:/devkitPro/libnds/lib\libnds9.a(initSystem.o)
 .debug_abbrev  0x000006b8      0x464 c:/devkitPro/libnds/lib\libnds9.a(fifosystem.o)
 .debug_abbrev  0x00000b1c      0x175 c:/devkitPro/libnds/lib\libnds9.a(libnds_exit.arm.o)
 .debug_abbrev  0x00000c91      0x239 c:/devkitPro/libnds/lib\libnds9.a(interrupts.o)
 .debug_abbrev  0x00000eca       0x14 c:/devkitPro/libnds/lib\libnds9.a(mpu_setup.o)
 .debug_abbrev  0x00000ede       0x14 c:/devkitPro/libnds/lib\libnds9.a(swiSoftReset.o)
 .debug_abbrev  0x00000ef2       0x14 c:/devkitPro/libnds/lib\libnds9.a(biosCalls.o)
 .debug_abbrev  0x00000f06       0x14 c:/devkitPro/libnds/lib\libnds9.a(interruptDispatcher.o)
 .debug_abbrev  0x00000f1a      0x250 c:/devkitPro/libnds/lib\libnds9.a(system.o)
 .debug_abbrev  0x0000116a      0x1d7 c:/devkitPro/libnds/lib\libnds9.a(video.o)
 .debug_abbrev  0x00001341       0xbd c:/devkitPro/libnds/lib\libnds9.a(timeSupport.o)

.debug_line     0x00000000     0x1ab5
 *(.debug_line)
 .debug_line    0x00000000      0x2a1 main.o
 .debug_line    0x000002a1      0x3a5 c:/devkitPro/libnds/lib\libnds9.a(initSystem.o)
 .debug_line    0x00000646      0x6b1 c:/devkitPro/libnds/lib\libnds9.a(fifosystem.o)
 .debug_line    0x00000cf7      0x1ea c:/devkitPro/libnds/lib\libnds9.a(libnds_exit.arm.o)
 .debug_line    0x00000ee1      0x29f c:/devkitPro/libnds/lib\libnds9.a(interrupts.o)
 .debug_line    0x00001180      0x107 c:/devkitPro/libnds/lib\libnds9.a(mpu_setup.o)
 .debug_line    0x00001287       0x9d c:/devkitPro/libnds/lib\libnds9.a(swiSoftReset.o)
 .debug_line    0x00001324       0xc9 c:/devkitPro/libnds/lib\libnds9.a(biosCalls.o)
 .debug_line    0x000013ed       0xcd c:/devkitPro/libnds/lib\libnds9.a(interruptDispatcher.o)
 .debug_line    0x000014ba      0x2a5 c:/devkitPro/libnds/lib\libnds9.a(system.o)
 .debug_line    0x0000175f      0x278 c:/devkitPro/libnds/lib\libnds9.a(video.o)
 .debug_line    0x000019d7       0xde c:/devkitPro/libnds/lib\libnds9.a(timeSupport.o)

.debug_frame    0x00000000      0x5f4
 *(.debug_frame)
 .debug_frame   0x00000000       0x84 main.o
 .debug_frame   0x00000084       0x28 c:/devkitPro/libnds/lib\libnds9.a(initSystem.o)
 .debug_frame   0x000000ac      0x2bc c:/devkitPro/libnds/lib\libnds9.a(fifosystem.o)
 .debug_frame   0x00000368       0x3c c:/devkitPro/libnds/lib\libnds9.a(libnds_exit.arm.o)
 .debug_frame   0x000003a4       0xac c:/devkitPro/libnds/lib\libnds9.a(interrupts.o)
 .debug_frame   0x00000450       0xc8 c:/devkitPro/libnds/lib\libnds9.a(system.o)
 .debug_frame   0x00000518       0xbc c:/devkitPro/libnds/lib\libnds9.a(video.o)
 .debug_frame   0x000005d4       0x20 c:/devkitPro/libnds/lib\libnds9.a(timeSupport.o)

.debug_str      0x00000000     0x2794
 *(.debug_str)
 .debug_str     0x00000000      0xc22 main.o
                                0xcad (size before relaxing)
 .debug_str     0x00000c22      0x874 c:/devkitPro/libnds/lib\libnds9.a(initSystem.o)
                                0xbd3 (size before relaxing)
 .debug_str     0x00001496      0x511 c:/devkitPro/libnds/lib\libnds9.a(fifosystem.o)
                                0x832 (size before relaxing)
 .debug_str     0x000019a7      0x1bc c:/devkitPro/libnds/lib\libnds9.a(libnds_exit.arm.o)
                                0x35f (size before relaxing)
 .debug_str     0x00001b63      0x114 c:/devkitPro/libnds/lib\libnds9.a(interrupts.o)
                                0x41b (size before relaxing)
 .debug_str     0x00001c77      0x2af c:/devkitPro/libnds/lib\libnds9.a(system.o)
                                0x68c (size before relaxing)
 .debug_str     0x00001f26      0x7fc c:/devkitPro/libnds/lib\libnds9.a(video.o)
                                0xbe1 (size before relaxing)
 .debug_str     0x00002722       0x72 c:/devkitPro/libnds/lib\libnds9.a(timeSupport.o)
                                0x1d0 (size before relaxing)

.debug_loc      0x00000000     0x1ab3
 *(.debug_loc)
 .debug_loc     0x00000000      0x370 main.o
 .debug_loc     0x00000370       0x1f c:/devkitPro/libnds/lib\libnds9.a(initSystem.o)
 .debug_loc     0x0000038f     0x1128 c:/devkitPro/libnds/lib\libnds9.a(fifosystem.o)
 .debug_loc     0x000014b7       0x58 c:/devkitPro/libnds/lib\libnds9.a(libnds_exit.arm.o)
 .debug_loc     0x0000150f      0x16a c:/devkitPro/libnds/lib\libnds9.a(interrupts.o)
 .debug_loc     0x00001679      0x1ee c:/devkitPro/libnds/lib\libnds9.a(system.o)
 .debug_loc     0x00001867      0x22b c:/devkitPro/libnds/lib\libnds9.a(video.o)
 .debug_loc     0x00001a92       0x21 c:/devkitPro/libnds/lib\libnds9.a(timeSupport.o)

.debug_macinfo
 *(.debug_macinfo)

.debug_weaknames
 *(.debug_weaknames)

.debug_funcnames
 *(.debug_funcnames)

.debug_typenames
 *(.debug_typenames)

.debug_varnames
 *(.debug_varnames)

.stack          0x00080000        0x0
                0x00080000                _stack = .
 *(.stack)
LOAD c:/devkitpro/devkitarm/bin/../lib/gcc/arm-none-eabi/4.9.2/../../../../arm-none-eabi/lib/ds_arm9_crt0.o
LOAD c:/devkitpro/devkitarm/bin/../lib/gcc/arm-none-eabi/4.9.2/crti.o
LOAD c:/devkitpro/devkitarm/bin/../lib/gcc/arm-none-eabi/4.9.2/crtbegin.o
LOAD gfx_ball.o
LOAD gfx_brick.o
LOAD gfx_gradient.o
LOAD main.o
LOAD c:/devkitPro/libnds/lib\libnds9.a
START GROUP
LOAD c:/devkitpro/devkitarm/bin/../lib/gcc/arm-none-eabi/4.9.2\libgcc.a
LOAD c:/devkitpro/devkitarm/bin/../lib/gcc/arm-none-eabi/4.9.2/../../../../arm-none-eabi/lib\libg.a
LOAD c:/devkitpro/devkitarm/bin/../lib/gcc/arm-none-eabi/4.9.2/../../../../arm-none-eabi/lib\libc.a
LOAD c:/devkitpro/devkitarm/bin/../lib/gcc/arm-none-eabi/4.9.2/../../../../arm-none-eabi/lib\libsysbase.a
END GROUP
LOAD c:/devkitpro/devkitarm/bin/../lib/gcc/arm-none-eabi/4.9.2/crtend.o
LOAD c:/devkitpro/devkitarm/bin/../lib/gcc/arm-none-eabi/4.9.2/crtn.o
OUTPUT(c:/PFC/Codigo/BouncingBall/BouncingBall.elf elf32-littlearm)

.debug_ranges   0x00000000      0x500
 .debug_ranges  0x00000000       0xb8 main.o
 .debug_ranges  0x000000b8      0x340 c:/devkitPro/libnds/lib\libnds9.a(fifosystem.o)
 .debug_ranges  0x000003f8       0xc0 c:/devkitPro/libnds/lib\libnds9.a(interrupts.o)
 .debug_ranges  0x000004b8       0x48 c:/devkitPro/libnds/lib\libnds9.a(video.o)
