Archive member included to satisfy reference by file (symbol)

c:/devkitPro/libnds/lib\libnds9.a(keys.o)
                              main.o (scanKeys)
c:/devkitPro/libnds/lib\libnds9.a(initSystem.o)
                              c:/devkitpro/devkitarm/bin/../lib/gcc/arm-none-eabi/4.9.2/../../../../arm-none-eabi/lib/ds_arm9_crt0.o (initSystem)
c:/devkitPro/libnds/lib\libnds9.a(fifosystem.o)
                              c:/devkitPro/libnds/lib\libnds9.a(initSystem.o) (fifoSetValue32Handler)
c:/devkitPro/libnds/lib\libnds9.a(libnds_exit.arm.o)
                              c:/devkitpro/devkitarm/bin/../lib/gcc/arm-none-eabi/4.9.2/../../../../arm-none-eabi/lib/ds_arm9_crt0.o (__libnds_exit)
c:/devkitPro/libnds/lib\libnds9.a(interrupts.o)
                              c:/devkitPro/libnds/lib\libnds9.a(fifosystem.o) (irqSet)
c:/devkitPro/libnds/lib\libnds9.a(mpu_setup.o)
                              c:/devkitpro/devkitarm/bin/../lib/gcc/arm-none-eabi/4.9.2/../../../../arm-none-eabi/lib/ds_arm9_crt0.o (__libnds_mpu_setup)
c:/devkitPro/libnds/lib\libnds9.a(swiSoftReset.o)
                              c:/devkitPro/libnds/lib\libnds9.a(fifosystem.o) (swiSoftReset)
c:/devkitPro/libnds/lib\libnds9.a(biosCalls.o)
                              c:/devkitPro/libnds/lib\libnds9.a(fifosystem.o) (swiIntrWait)
c:/devkitPro/libnds/lib\libnds9.a(interruptDispatcher.o)
                              c:/devkitPro/libnds/lib\libnds9.a(interrupts.o) (IntrMain)
c:/devkitPro/libnds/lib\libnds9.a(system.o)
                              c:/devkitPro/libnds/lib\libnds9.a(initSystem.o) (systemMsgHandler)
c:/devkitPro/libnds/lib\libnds9.a(video.o)
                              c:/devkitPro/libnds/lib\libnds9.a(initSystem.o) (vramDefault)
c:/devkitPro/libnds/lib\libnds9.a(timeSupport.o)
                              c:/devkitPro/libnds/lib\libnds9.a(initSystem.o) (__libnds_gtod)
c:/devkitpro/devkitarm/bin/../lib/gcc/arm-none-eabi/4.9.2\libgcc.a(_divsi3.o)
                              ball.o (__aeabi_idiv)
c:/devkitpro/devkitarm/bin/../lib/gcc/arm-none-eabi/4.9.2\libgcc.a(_dvmd_tls.o)
                              c:/devkitpro/devkitarm/bin/../lib/gcc/arm-none-eabi/4.9.2\libgcc.a(_divsi3.o) (__aeabi_idiv0)
c:/devkitpro/devkitarm/bin/../lib/gcc/arm-none-eabi/4.9.2/../../../../arm-none-eabi/lib\libg.a(lib_a-init.o)
                              c:/devkitpro/devkitarm/bin/../lib/gcc/arm-none-eabi/4.9.2/../../../../arm-none-eabi/lib/ds_arm9_crt0.o (__libc_init_array)
c:/devkitpro/devkitarm/bin/../lib/gcc/arm-none-eabi/4.9.2/../../../../arm-none-eabi/lib\libg.a(lib_a-memcpy.o)
                              c:/devkitPro/libnds/lib\libnds9.a(fifosystem.o) (memcpy)
c:/devkitpro/devkitarm/bin/../lib/gcc/arm-none-eabi/4.9.2/../../../../arm-none-eabi/lib\libg.a(lib_a-memset.o)
                              main.o (memset)
c:/devkitpro/devkitarm/bin/../lib/gcc/arm-none-eabi/4.9.2/../../../../arm-none-eabi/lib\libsysbase.a(malloc_vars.o)
                              c:/devkitpro/devkitarm/bin/../lib/gcc/arm-none-eabi/4.9.2/../../../../arm-none-eabi/lib/ds_arm9_crt0.o (fake_heap_start)
c:/devkitpro/devkitarm/bin/../lib/gcc/arm-none-eabi/4.9.2/../../../../arm-none-eabi/lib\libsysbase.a(build_argv.o)
                              c:/devkitpro/devkitarm/bin/../lib/gcc/arm-none-eabi/4.9.2/../../../../arm-none-eabi/lib/ds_arm9_crt0.o (build_argv)
c:/devkitpro/devkitarm/bin/../lib/gcc/arm-none-eabi/4.9.2/../../../../arm-none-eabi/lib\libsysbase.a(syscall_support.o)
                              c:/devkitPro/libnds/lib\libnds9.a(initSystem.o) (__syscalls)

Allocating common symbols
Common symbol       size              file

fifo_datamsg_data   0x40              c:/devkitPro/libnds/lib\libnds9.a(fifosystem.o)
__dsimode           0x1               c:/devkitPro/libnds/lib\libnds9.a(initSystem.o)
fifo_buffer         0x800             c:/devkitPro/libnds/lib\libnds9.a(fifosystem.o)
g_ball              0x18              main.o
g_camera_y          0x4               main.o
fifo_value32_func   0x40              c:/devkitPro/libnds/lib\libnds9.a(fifosystem.o)
fifo_address_func   0x40              c:/devkitPro/libnds/lib\libnds9.a(fifosystem.o)
fifo_value32_data   0x40              c:/devkitPro/libnds/lib\libnds9.a(fifosystem.o)
fifo_value32_queue  0x40              c:/devkitPro/libnds/lib\libnds9.a(fifosystem.o)
fifo_data_queue     0x40              c:/devkitPro/libnds/lib\libnds9.a(fifosystem.o)
g_camera_x          0x4               main.o
punixTime           0x4               c:/devkitPro/libnds/lib\libnds9.a(timeSupport.o)
fifo_address_data   0x40              c:/devkitPro/libnds/lib\libnds9.a(fifosystem.o)
fifo_datamsg_func   0x40              c:/devkitPro/libnds/lib\libnds9.a(fifosystem.o)
fifo_address_queue  0x40              c:/devkitPro/libnds/lib\libnds9.a(fifosystem.o)

Memory Configuration

Name             Origin             Length             Attributes
rom              0x08000000         0x02000000
ewram            0x02000000         0x003ff000
dtcm             0x0b000000         0x00004000
vectors          0x01000000         0x00000100
itcm             0x01000100         0x00007f00
*default*        0x00000000         0xffffffff

Linker script and memory map

                0x01000000                __vectors_start = ORIGIN (vectors)
                0x01000100                __itcm_start = ORIGIN (itcm)
                0x023ff000                __ewram_end = (ORIGIN (ewram) + 0x3ff000)
                0x023ff000                __eheap_end = (ORIGIN (ewram) + 0x3ff000)
                0x0b000000                __dtcm_start = ORIGIN (dtcm)
                0x0b004000                __dtcm_top = (ORIGIN (dtcm) + 0x4000)
                0x0b003ff8                __irq_flags = (__dtcm_top - 0x8)
                0x0b003ffc                __irq_vector = (__dtcm_top - 0x4)
                0x0b003f00                __sp_svc = (__dtcm_top - 0x100)
                0x0b003e00                __sp_irq = (__sp_svc - 0x100)
                0x0b003d00                __sp_usr = (__sp_irq - 0x100)

.init           0x02000000      0x248
                0x02000000                __text_start = .
 *(.init)
 .init          0x02000000      0x230 c:/devkitpro/devkitarm/bin/../lib/gcc/arm-none-eabi/4.9.2/../../../../arm-none-eabi/lib/ds_arm9_crt0.o
                0x02000000                _start
 .init          0x02000230        0xc c:/devkitpro/devkitarm/bin/../lib/gcc/arm-none-eabi/4.9.2/crti.o
                0x02000230                _init
 .init          0x0200023c        0xc c:/devkitpro/devkitarm/bin/../lib/gcc/arm-none-eabi/4.9.2/crtn.o
                0x02000248                . = ALIGN (0x4)

.plt
 *(.plt)

.text           0x02000250     0x2540
 *(EXCLUDE_FILE(*.itcm*) .text)
 .text          0x02000250        0x0 c:/devkitpro/devkitarm/bin/../lib/gcc/arm-none-eabi/4.9.2/../../../../arm-none-eabi/lib/ds_arm9_crt0.o
 .text          0x02000250        0x0 c:/devkitpro/devkitarm/bin/../lib/gcc/arm-none-eabi/4.9.2/crti.o
 .text          0x02000250      0x108 c:/devkitpro/devkitarm/bin/../lib/gcc/arm-none-eabi/4.9.2/crtbegin.o
 .text          0x02000358        0x0 gfx_ball.o
 .text          0x02000358        0x0 gfx_brick.o
 .text          0x02000358        0x0 gfx_gradient.o
 .text          0x02000358      0x170 ball.o
                0x02000358                ballUpdate
                0x02000410                ballRender
 .text          0x020004c8      0x550 main.o
                0x020004c8                updateCamera
                0x02000518                setupGraphics
                0x020008a0                setupInterrupts
                0x020008a8                resetBall
                0x020008d8                updateGraphics
                0x02000910                processInput
                0x02000974                processLogic
 .text          0x02000a18       0xf4 c:/devkitPro/libnds/lib\libnds9.a(keys.o)
                0x02000a18                scanKeys
                0x02000a84                keysHeld
                0x02000a90                keysDown
                0x02000aa0                keysDownRepeat
                0x02000ab0                keysSetRepeat
                0x02000ac8                keysUp
                0x02000ad8                keysCurrent
 .text          0x02000b0c      0x14c c:/devkitPro/libnds/lib\libnds9.a(initSystem.o)
                0x02000b0c                initSystem
 .text          0x02000c58      0xcb8 c:/devkitPro/libnds/lib\libnds9.a(fifosystem.o)
                0x02000f1c                fifoSetValue32Handler
                0x02000f90                fifoSendAddress
                0x02000fbc                fifoSendValue32
                0x02000ff8                fifoSendDatamsg
                0x0200106c                fifoGetAddress
                0x020010d8                fifoSetAddressHandler
                0x0200114c                fifoGetValue32
                0x02001160                fifoGetDatamsg
                0x02001614                fifoSetDatamsgHandler
                0x020016a8                fifoCheckAddress
                0x020016cc                fifoCheckDatamsg
                0x020016f0                fifoCheckDatamsgLength
                0x02001720                fifoCheckValue32
                0x02001744                fifoInit
 .text          0x02001910       0x5c c:/devkitPro/libnds/lib\libnds9.a(libnds_exit.arm.o)
                0x02001910                systemErrorExit
                0x02001914                __libnds_exit
 .text          0x0200196c      0x1ec c:/devkitPro/libnds/lib\libnds9.a(interrupts.o)
                0x0200196c                irqDummy
                0x02001970                irqSet
                0x020019dc                irqInit
                0x02001a28                irqInitHandler
                0x02001a58                irqEnable
                0x02001abc                irqDisable
                0x02001b20                irqClear
 .text          0x02001b58      0x1b4 c:/devkitPro/libnds/lib\libnds9.a(mpu_setup.o)
                0x02001b58                __libnds_mpu_setup
                0x02001c98                memCached
                0x02001cb0                memUncached
 *fill*         0x02001d0c        0x4 ff
 .text          0x02001d10       0x30 c:/devkitPro/libnds/lib\libnds9.a(swiSoftReset.o)
                0x02001d10                swiSoftReset
 .text          0x02001d40       0x70 c:/devkitPro/libnds/lib\libnds9.a(biosCalls.o)
                0x02001d40                swiDelay
                0x02001d44                swiIntrWait
                0x02001d48                swiWaitForVBlank
                0x02001d4c                swiSleep
                0x02001d50                swiChangeSoundBias
                0x02001d54                swiDivide
                0x02001d58                swiRemainder
                0x02001d5e                swiDivMod
                0x02001d6a                swiCopy
                0x02001d6e                swiFastCopy
                0x02001d72                swiSqrt
                0x02001d76                swiCRC16
                0x02001d7a                swiIsDebugger
                0x02001d7e                swiUnpackBits
                0x02001d82                swiDecompressLZSSWram
                0x02001d86                swiDecompressLZSSVramNTR
                0x02001d8a                swiDecompressLZSSVramTWL
                0x02001d8e                swiDecompressHuffman
                0x02001d92                swiDecompressRLEWram
                0x02001d96                swiDecompressRLEVram
                0x02001d9a                swiWaitForIRQ
                0x02001d9e                swiDecodeDelta8
                0x02001da2                swiDecodeDelta16
                0x02001da6                swiSetHaltCR
 .text          0x02001db0        0x0 c:/devkitPro/libnds/lib\libnds9.a(interruptDispatcher.o)
 .text          0x02001db0      0x134 c:/devkitPro/libnds/lib\libnds9.a(system.o)
                0x02001db0                setSDcallback
                0x02001dbc                systemMsgHandler
                0x02001e0c                systemSleep
                0x02001e24                systemValueHandler
                0x02001e60                powerOn
                0x02001e8c                powerOff
                0x02001eb4                ledBlink
                0x02001ec4                getBatteryLevel
 .text          0x02001ee4      0x1f8 c:/devkitPro/libnds/lib\libnds9.a(video.o)
                0x02001ee4                vramSetPrimaryBanks
                0x02001f28                vramSetMainBanks
                0x02001f6c                vramSetBanks_EFG
                0x02001fa4                vramRestorePrimaryBanks
                0x02001fb0                vramRestoreMainBanks
                0x02001fbc                vramRestoreBanks_EFG
                0x02001fc8                setBrightness
                0x02002008                vramDefault
 .text          0x020020dc       0x24 c:/devkitPro/libnds/lib\libnds9.a(timeSupport.o)
                0x020020dc                __libnds_gtod
 .text          0x02002100      0x148 c:/devkitpro/devkitarm/bin/../lib/gcc/arm-none-eabi/4.9.2\libgcc.a(_divsi3.o)
                0x02002100                __divsi3
                0x02002100                __aeabi_idiv
                0x02002228                __aeabi_idivmod
 .text          0x02002248        0x4 c:/devkitpro/devkitarm/bin/../lib/gcc/arm-none-eabi/4.9.2\libgcc.a(_dvmd_tls.o)
                0x02002248                __aeabi_idiv0
                0x02002248                __aeabi_ldiv0
 .text          0x0200224c        0x0 c:/devkitpro/devkitarm/bin/../lib/gcc/arm-none-eabi/4.9.2/../../../../arm-none-eabi/lib\libg.a(lib_a-init.o)
 .text          0x0200224c        0x0 c:/devkitpro/devkitarm/bin/../lib/gcc/arm-none-eabi/4.9.2/../../../../arm-none-eabi/lib\libg.a(lib_a-memcpy.o)
 .text          0x0200224c        0x0 c:/devkitpro/devkitarm/bin/../lib/gcc/arm-none-eabi/4.9.2/../../../../arm-none-eabi/lib\libg.a(lib_a-memset.o)
 .text          0x0200224c        0x0 c:/devkitpro/devkitarm/bin/../lib/gcc/arm-none-eabi/4.9.2/../../../../arm-none-eabi/lib\libsysbase.a(malloc_vars.o)
 .text          0x0200224c       0x80 c:/devkitpro/devkitarm/bin/../lib/gcc/arm-none-eabi/4.9.2/../../../../arm-none-eabi/lib\libsysbase.a(build_argv.o)
                0x0200224c                build_argv
 .text          0x020022cc      0x100 c:/devkitpro/devkitarm/bin/../lib/gcc/arm-none-eabi/4.9.2/../../../../arm-none-eabi/lib\libsysbase.a(syscall_support.o)
                0x020022cc                __libc_lock_init
                0x020022e4                __libc_lock_acquire
                0x020022fc                __libc_lock_try_acquire
                0x0200231c                __libc_lock_release
                0x02002334                __libc_lock_close
                0x0200234c                __libc_lock_init_recursive
                0x02002364                __libc_lock_acquire_recursive
                0x0200237c                __libc_lock_try_acquire_recursive
                0x0200239c                __libc_lock_release_recursive
                0x020023b4                __libc_lock_close_recursive
 .text          0x020023cc        0x0 c:/devkitpro/devkitarm/bin/../lib/gcc/arm-none-eabi/4.9.2/crtend.o
 .text          0x020023cc        0x0 c:/devkitpro/devkitarm/bin/../lib/gcc/arm-none-eabi/4.9.2/crtn.o
 *(.text.*)
 .text.startup  0x020023cc       0xf8 main.o
                0x020023cc                main
 .text.__libc_init_array
                0x020024c4       0x80 c:/devkitpro/devkitarm/bin/../lib/gcc/arm-none-eabi/4.9.2/../../../../arm-none-eabi/lib\libg.a(lib_a-init.o)
                0x020024c4                __libc_init_array
 .text.memcpy   0x02002544       0xf0 c:/devkitpro/devkitarm/bin/../lib/gcc/arm-none-eabi/4.9.2/../../../../arm-none-eabi/lib\libg.a(lib_a-memcpy.o)
                0x02002544                memcpy
 .text.memset   0x02002634       0xf4 c:/devkitpro/devkitarm/bin/../lib/gcc/arm-none-eabi/4.9.2/../../../../arm-none-eabi/lib\libg.a(lib_a-memset.o)
                0x02002634                memset
 .text.memset.__stub
                0x02002728       0x54 linker stubs
 *(.stub)
 *(.gnu.warning)
 *(.gnu.linkonce.t*)
 *(.glue_7)
 .glue_7        0x02002790        0x0 linker stubs
 *(.glue_7t)
 .glue_7t       0x02002790        0x0 linker stubs
                0x02002790                . = ALIGN (0x4)

.vfp11_veneer   0x02002790        0x0
 .vfp11_veneer  0x02002790        0x0 linker stubs

.v4_bx          0x02002790        0x0
 .v4_bx         0x02002790        0x0 linker stubs

.iplt           0x02002790        0x0
 .iplt          0x02002790        0x0 c:/devkitpro/devkitarm/bin/../lib/gcc/arm-none-eabi/4.9.2/../../../../arm-none-eabi/lib/ds_arm9_crt0.o

.fini           0x02002790       0x18
 *(.fini)
 .fini          0x02002790        0xc c:/devkitpro/devkitarm/bin/../lib/gcc/arm-none-eabi/4.9.2/crti.o
                0x02002790                _fini
 .fini          0x0200279c        0xc c:/devkitpro/devkitarm/bin/../lib/gcc/arm-none-eabi/4.9.2/crtn.o
                0x020027a8                __text_end = .

.rodata         0x020027a8      0x1e8
 *(.rodata)
 .rodata        0x020027a8       0xa0 gfx_ball.o
                0x020027a8                gfx_ballTiles
                0x02002828                gfx_ballPal
 .rodata        0x02002848       0x28 gfx_brick.o
                0x02002848                gfx_brickTiles
                0x02002868                gfx_brickPal
 .rodata        0x02002870      0x120 gfx_gradient.o
                0x02002870                gfx_gradientTiles
                0x02002970                gfx_gradientPal
 *all.rodata*(*)
 *(.roda)
 *(.rodata.*)
 *(.gnu.linkonce.r*)
                0x02002990                . = ALIGN (0x4)

.rel.dyn        0x02002990        0x0
 .rel.iplt      0x02002990        0x0 c:/devkitpro/devkitarm/bin/../lib/gcc/arm-none-eabi/4.9.2/../../../../arm-none-eabi/lib/ds_arm9_crt0.o

.ARM.extab
 *(.ARM.extab* .gnu.linkonce.armextab.*)
                0x02002990                __exidx_start = .

ARM.exidx
 *(.ARM.exidx* .gnu.linkonce.armexidx.*)
                0x02002990                __exidx_end = .
                0x02002990                . = ALIGN (0x4)
                0x02002990                PROVIDE (__preinit_array_start, .)

.preinit_array
 *(.preinit_array)
                0x02002990                PROVIDE (__preinit_array_end, .)
                0x02002990                PROVIDE (__init_array_start, .)

.init_array     0x02002990        0x4
 *(SORT(.init_array.*))
 *(.init_array)
 .init_array    0x02002990        0x4 c:/devkitpro/devkitarm/bin/../lib/gcc/arm-none-eabi/4.9.2/crtbegin.o
                0x02002994                PROVIDE (__init_array_end, .)
                0x02002994                PROVIDE (__fini_array_start, .)

.fini_array     0x02002994        0x4
 *(.fini_array)
 .fini_array    0x02002994        0x4 c:/devkitpro/devkitarm/bin/../lib/gcc/arm-none-eabi/4.9.2/crtbegin.o
 *(SORT(.fini_array.*))
                0x02002998                PROVIDE (__fini_array_end, .)

.ctors          0x02002998        0x0
 *crtbegin.o(.ctors)
 *(EXCLUDE_FILE(*crtend.o) .ctors)
 *(SORT(.ctors.*))
 *(.ctors)
                0x02002998                . = ALIGN (0x4)

.dtors          0x02002998        0x0
 *crtbegin.o(.dtors)
 *(EXCLUDE_FILE(*crtend.o) .dtors)
 *(SORT(.dtors.*))
 *(.dtors)
                0x02002998                . = ALIGN (0x4)

.eh_frame       0x02002998        0x4
 *(.eh_frame)
 .eh_frame      0x02002998        0x0 c:/devkitpro/devkitarm/bin/../lib/gcc/arm-none-eabi/4.9.2/crtbegin.o
 .eh_frame      0x02002998        0x4 c:/devkitpro/devkitarm/bin/../lib/gcc/arm-none-eabi/4.9.2/crtend.o
                0x0200299c                . = ALIGN (0x4)

.gcc_except_table
                0x0200299c        0x0
 *(.gcc_except_table)
                0x0200299c                . = ALIGN (0x4)

.jcr            0x0200299c        0x4
 *(.jcr)
 .jcr           0x0200299c        0x0 c:/devkitpro/devkitarm/bin/../lib/gcc/arm-none-eabi/4.9.2/crtbegin.o
 .jcr           0x0200299c        0x4 c:/devkitpro/devkitarm/bin/../lib/gcc/arm-none-eabi/4.9.2/crtend.o

.got
 *(.got.plt)
 *(.got)
 *(.rel.got)

.ewram          0x020029a0        0x0
                0x020029a0                __ewram_start = ABSOLUTE (.)
 *(.ewram)
 *ewram.*(.text)
                0x020029a0                . = ALIGN (0x4)

.data           0x020029a0       0x18
                0x020029a0                __data_start = ABSOLUTE (.)
 *(.data)
 .data          0x020029a0        0x0 c:/devkitpro/devkitarm/bin/../lib/gcc/arm-none-eabi/4.9.2/../../../../arm-none-eabi/lib/ds_arm9_crt0.o
 .data          0x020029a0        0x0 c:/devkitpro/devkitarm/bin/../lib/gcc/arm-none-eabi/4.9.2/crti.o
 .data          0x020029a0        0x4 c:/devkitpro/devkitarm/bin/../lib/gcc/arm-none-eabi/4.9.2/crtbegin.o
                0x020029a0                __dso_handle
 .data          0x020029a4        0x0 gfx_ball.o
 .data          0x020029a4        0x0 gfx_brick.o
 .data          0x020029a4        0x0 gfx_gradient.o
 .data          0x020029a4        0x0 ball.o
 .data          0x020029a4        0x0 main.o
 .data          0x020029a4        0x3 c:/devkitPro/libnds/lib\libnds9.a(keys.o)
 .data          0x020029a7        0x0 c:/devkitPro/libnds/lib\libnds9.a(initSystem.o)
 *fill*         0x020029a7        0x1 ff
 .data          0x020029a8       0x10 c:/devkitPro/libnds/lib\libnds9.a(fifosystem.o)
                0x020029a8                fifo_buffer_free
                0x020029ac                fifo_freewords
                0x020029b0                fifo_send_queue
                0x020029b4                fifo_receive_queue
 .data          0x020029b8        0x0 c:/devkitPro/libnds/lib\libnds9.a(libnds_exit.arm.o)
 .data          0x020029b8        0x0 c:/devkitPro/libnds/lib\libnds9.a(interrupts.o)
 .data          0x020029b8        0x0 c:/devkitPro/libnds/lib\libnds9.a(mpu_setup.o)
 .data          0x020029b8        0x0 c:/devkitPro/libnds/lib\libnds9.a(swiSoftReset.o)
 .data          0x020029b8        0x0 c:/devkitPro/libnds/lib\libnds9.a(biosCalls.o)
 .data          0x020029b8        0x0 c:/devkitPro/libnds/lib\libnds9.a(interruptDispatcher.o)
 .data          0x020029b8        0x0 c:/devkitPro/libnds/lib\libnds9.a(system.o)
 .data          0x020029b8        0x0 c:/devkitPro/libnds/lib\libnds9.a(video.o)
 .data          0x020029b8        0x0 c:/devkitPro/libnds/lib\libnds9.a(timeSupport.o)
 .data          0x020029b8        0x0 c:/devkitpro/devkitarm/bin/../lib/gcc/arm-none-eabi/4.9.2\libgcc.a(_divsi3.o)
 .data          0x020029b8        0x0 c:/devkitpro/devkitarm/bin/../lib/gcc/arm-none-eabi/4.9.2\libgcc.a(_dvmd_tls.o)
 .data          0x020029b8        0x0 c:/devkitpro/devkitarm/bin/../lib/gcc/arm-none-eabi/4.9.2/../../../../arm-none-eabi/lib\libg.a(lib_a-init.o)
 .data          0x020029b8        0x0 c:/devkitpro/devkitarm/bin/../lib/gcc/arm-none-eabi/4.9.2/../../../../arm-none-eabi/lib\libg.a(lib_a-memcpy.o)
 .data          0x020029b8        0x0 c:/devkitpro/devkitarm/bin/../lib/gcc/arm-none-eabi/4.9.2/../../../../arm-none-eabi/lib\libg.a(lib_a-memset.o)
 .data          0x020029b8        0x0 c:/devkitpro/devkitarm/bin/../lib/gcc/arm-none-eabi/4.9.2/../../../../arm-none-eabi/lib\libsysbase.a(malloc_vars.o)
 .data          0x020029b8        0x0 c:/devkitpro/devkitarm/bin/../lib/gcc/arm-none-eabi/4.9.2/../../../../arm-none-eabi/lib\libsysbase.a(build_argv.o)
 .data          0x020029b8        0x0 c:/devkitpro/devkitarm/bin/../lib/gcc/arm-none-eabi/4.9.2/../../../../arm-none-eabi/lib\libsysbase.a(syscall_support.o)
 .data          0x020029b8        0x0 c:/devkitpro/devkitarm/bin/../lib/gcc/arm-none-eabi/4.9.2/crtend.o
 .data          0x020029b8        0x0 c:/devkitpro/devkitarm/bin/../lib/gcc/arm-none-eabi/4.9.2/crtn.o
 *(.data.*)
 *(.gnu.linkonce.d*)
                0x020029b8                . = ALIGN (0x4)
                0x020029b8                __data_end = ABSOLUTE (.)
                0x020029b8                __dtcm_lma = .
                0x020029b8                __bss_vma = .

.igot.plt       0x020029b8        0x0
 .igot.plt      0x020029b8        0x0 c:/devkitpro/devkitarm/bin/../lib/gcc/arm-none-eabi/4.9.2/../../../../arm-none-eabi/lib/ds_arm9_crt0.o

.tm_clone_table
                0x020029b8        0x0
 .tm_clone_table
                0x020029b8        0x0 c:/devkitpro/devkitarm/bin/../lib/gcc/arm-none-eabi/4.9.2/crtbegin.o
 .tm_clone_table
                0x020029b8        0x0 c:/devkitpro/devkitarm/bin/../lib/gcc/arm-none-eabi/4.9.2/crtend.o

.dtcm           0x0b000000        0x0 load address 0x020029b8
 *(.dtcm)
 *(.dtcm.*)
                0x0b000000                . = ALIGN (0x4)
                0x0b000000                __dtcm_end = ABSOLUTE (.)
                0x020029b8                __itcm_lma = (__dtcm_lma + SIZEOF (.dtcm))

.itcm           0x01000100      0x194 load address 0x020029b8
 *(.itcm)
 .itcm          0x01000100       0xc8 c:/devkitPro/libnds/lib\libnds9.a(interrupts.o)
                0x01000100                irqTable
 .itcm          0x010001c8       0xcc c:/devkitPro/libnds/lib\libnds9.a(interruptDispatcher.o)
                0x010001c8                IntrMain
 *itcm.*(.text)
                0x01000294                . = ALIGN (0x4)
                0x01000294                __itcm_end = ABSOLUTE (.)
                0x02002b4c                __vectors_lma = (__itcm_lma + SIZEOF (.itcm))

.vectors        0x01000000        0x0 load address 0x02002b4c
 *(.vectors)
 *vectors.*(.text)
                0x01000000                . = ALIGN (0x4)
                0x01000000                __vectors_end = ABSOLUTE (.)

.sbss           0x0b000000        0x0
                0x0b000000                __sbss_start = ABSOLUTE (.)
                0x0b000000                __sbss_start__ = ABSOLUTE (.)
 *(.sbss)
                0x0b000000                . = ALIGN (0x4)
                0x0b000000                __sbss_end = ABSOLUTE (.)

.bss            0x020029b8      0xae0
                0x020029b8                __bss_start = ABSOLUTE (.)
                0x020029b8                __bss_start__ = ABSOLUTE (.)
 *(.dynbss)
 *(.gnu.linkonce.b*)
 *(.bss*)
 .bss           0x020029b8        0x0 c:/devkitpro/devkitarm/bin/../lib/gcc/arm-none-eabi/4.9.2/../../../../arm-none-eabi/lib/ds_arm9_crt0.o
 .bss           0x020029b8        0x0 c:/devkitpro/devkitarm/bin/../lib/gcc/arm-none-eabi/4.9.2/crti.o
 .bss           0x020029b8       0x1c c:/devkitpro/devkitarm/bin/../lib/gcc/arm-none-eabi/4.9.2/crtbegin.o
 .bss           0x020029d4        0x0 gfx_ball.o
 .bss           0x020029d4        0x0 gfx_brick.o
 .bss           0x020029d4        0x0 gfx_gradient.o
 .bss           0x020029d4        0x0 ball.o
 .bss           0x020029d4        0x0 main.o
 .bss           0x020029d4        0x6 c:/devkitPro/libnds/lib\libnds9.a(keys.o)
 .bss           0x020029da        0x0 c:/devkitPro/libnds/lib\libnds9.a(initSystem.o)
 *fill*         0x020029da        0x2 
 .bss           0x020029dc        0x8 c:/devkitPro/libnds/lib\libnds9.a(fifosystem.o)
                0x020029e0                processing
 .bss           0x020029e4        0x0 c:/devkitPro/libnds/lib\libnds9.a(libnds_exit.arm.o)
 .bss           0x020029e4        0x0 c:/devkitPro/libnds/lib\libnds9.a(interrupts.o)
 .bss           0x020029e4        0x0 c:/devkitPro/libnds/lib\libnds9.a(mpu_setup.o)
 .bss           0x020029e4        0x0 c:/devkitPro/libnds/lib\libnds9.a(swiSoftReset.o)
 .bss           0x020029e4        0x0 c:/devkitPro/libnds/lib\libnds9.a(biosCalls.o)
 .bss           0x020029e4        0x0 c:/devkitPro/libnds/lib\libnds9.a(interruptDispatcher.o)
 .bss           0x020029e4        0x4 c:/devkitPro/libnds/lib\libnds9.a(system.o)
 .bss           0x020029e8        0x0 c:/devkitPro/libnds/lib\libnds9.a(video.o)
 .bss           0x020029e8        0x0 c:/devkitPro/libnds/lib\libnds9.a(timeSupport.o)
 .bss           0x020029e8        0x0 c:/devkitpro/devkitarm/bin/../lib/gcc/arm-none-eabi/4.9.2\libgcc.a(_divsi3.o)
 .bss           0x020029e8        0x0 c:/devkitpro/devkitarm/bin/../lib/gcc/arm-none-eabi/4.9.2\libgcc.a(_dvmd_tls.o)
 .bss           0x020029e8        0x0 c:/devkitpro/devkitarm/bin/../lib/gcc/arm-none-eabi/4.9.2/../../../../arm-none-eabi/lib\libg.a(lib_a-init.o)
 .bss           0x020029e8        0x0 c:/devkitpro/devkitarm/bin/../lib/gcc/arm-none-eabi/4.9.2/../../../../arm-none-eabi/lib\libg.a(lib_a-memcpy.o)
 .bss           0x020029e8        0x0 c:/devkitpro/devkitarm/bin/../lib/gcc/arm-none-eabi/4.9.2/../../../../arm-none-eabi/lib\libg.a(lib_a-memset.o)
 .bss           0x020029e8        0x8 c:/devkitpro/devkitarm/bin/../lib/gcc/arm-none-eabi/4.9.2/../../../../arm-none-eabi/lib\libsysbase.a(malloc_vars.o)
                0x020029e8                fake_heap_start
                0x020029ec                fake_heap_end
 .bss           0x020029f0        0x0 c:/devkitpro/devkitarm/bin/../lib/gcc/arm-none-eabi/4.9.2/../../../../arm-none-eabi/lib\libsysbase.a(build_argv.o)
 .bss           0x020029f0       0x40 c:/devkitpro/devkitarm/bin/../lib/gcc/arm-none-eabi/4.9.2/../../../../arm-none-eabi/lib\libsysbase.a(syscall_support.o)
                0x020029f0                __syscalls
 .bss           0x02002a30        0x0 c:/devkitpro/devkitarm/bin/../lib/gcc/arm-none-eabi/4.9.2/crtend.o
 .bss           0x02002a30        0x0 c:/devkitpro/devkitarm/bin/../lib/gcc/arm-none-eabi/4.9.2/crtn.o
 *(COMMON)
 COMMON         0x02002a30       0x20 main.o
                0x02002a30                g_ball
                0x02002a48                g_camera_y
                0x02002a4c                g_camera_x
 COMMON         0x02002a50        0x1 c:/devkitPro/libnds/lib\libnds9.a(initSystem.o)
                0x02002a50                __dsimode
 *fill*         0x02002a51        0x3 
 COMMON         0x02002a54      0xa40 c:/devkitPro/libnds/lib\libnds9.a(fifosystem.o)
                0x02002a54                fifo_datamsg_data
                0x02002a94                fifo_buffer
                0x02003294                fifo_value32_func
                0x020032d4                fifo_address_func
                0x02003314                fifo_value32_data
                0x02003354                fifo_value32_queue
                0x02003394                fifo_data_queue
                0x020033d4                fifo_address_data
                0x02003414                fifo_datamsg_func
                0x02003454                fifo_address_queue
 COMMON         0x02003494        0x4 c:/devkitPro/libnds/lib\libnds9.a(timeSupport.o)
                0x02003494                punixTime
                0x02003498                . = ALIGN (0x4)
                0x02003498                __bss_end__ = ABSOLUTE (.)
                0x02003498                __end__ = ABSOLUTE (.)

.stab
 *(.stab)

.stabstr
 *(.stabstr)

.stab.excl
 *(.stab.excl)

.stab.exclstr
 *(.stab.exclstr)

.stab.index
 *(.stab.index)

.stab.indexstr
 *(.stab.indexstr)

.comment        0x00000000       0x22
 *(.comment)
 .comment       0x00000000       0x22 c:/devkitpro/devkitarm/bin/../lib/gcc/arm-none-eabi/4.9.2/crtbegin.o
                                 0x23 (size before relaxing)
 .comment       0x00000022       0x23 ball.o
 .comment       0x00000022       0x23 main.o
 .comment       0x00000022       0x23 c:/devkitPro/libnds/lib\libnds9.a(keys.o)
 .comment       0x00000022       0x23 c:/devkitPro/libnds/lib\libnds9.a(initSystem.o)
 .comment       0x00000022       0x23 c:/devkitPro/libnds/lib\libnds9.a(fifosystem.o)
 .comment       0x00000022       0x23 c:/devkitPro/libnds/lib\libnds9.a(libnds_exit.arm.o)
 .comment       0x00000022       0x23 c:/devkitPro/libnds/lib\libnds9.a(interrupts.o)
 .comment       0x00000022       0x23 c:/devkitPro/libnds/lib\libnds9.a(system.o)
 .comment       0x00000022       0x23 c:/devkitPro/libnds/lib\libnds9.a(video.o)
 .comment       0x00000022       0x23 c:/devkitPro/libnds/lib\libnds9.a(timeSupport.o)
 .comment       0x00000022       0x23 c:/devkitpro/devkitarm/bin/../lib/gcc/arm-none-eabi/4.9.2/../../../../arm-none-eabi/lib\libg.a(lib_a-init.o)
 .comment       0x00000022       0x23 c:/devkitpro/devkitarm/bin/../lib/gcc/arm-none-eabi/4.9.2/../../../../arm-none-eabi/lib\libg.a(lib_a-memcpy.o)
 .comment       0x00000022       0x23 c:/devkitpro/devkitarm/bin/../lib/gcc/arm-none-eabi/4.9.2/../../../../arm-none-eabi/lib\libg.a(lib_a-memset.o)
 .comment       0x00000022       0x23 c:/devkitpro/devkitarm/bin/../lib/gcc/arm-none-eabi/4.9.2/../../../../arm-none-eabi/lib\libsysbase.a(malloc_vars.o)
 .comment       0x00000022       0x23 c:/devkitpro/devkitarm/bin/../lib/gcc/arm-none-eabi/4.9.2/../../../../arm-none-eabi/lib\libsysbase.a(build_argv.o)
 .comment       0x00000022       0x23 c:/devkitpro/devkitarm/bin/../lib/gcc/arm-none-eabi/4.9.2/../../../../arm-none-eabi/lib\libsysbase.a(syscall_support.o)
 .comment       0x00000022       0x23 c:/devkitpro/devkitarm/bin/../lib/gcc/arm-none-eabi/4.9.2/crtend.o

.ARM.attributes
                0x00000000       0x2d
 .ARM.attributes
                0x00000000       0x21 c:/devkitpro/devkitarm/bin/../lib/gcc/arm-none-eabi/4.9.2/../../../../arm-none-eabi/lib/ds_arm9_crt0.o
 .ARM.attributes
                0x00000021       0x16 c:/devkitpro/devkitarm/bin/../lib/gcc/arm-none-eabi/4.9.2/crti.o
 .ARM.attributes
                0x00000037       0x30 c:/devkitpro/devkitarm/bin/../lib/gcc/arm-none-eabi/4.9.2/crtbegin.o
 .ARM.attributes
                0x00000067       0x1b gfx_ball.o
 .ARM.attributes
                0x00000082       0x1b gfx_brick.o
 .ARM.attributes
                0x0000009d       0x1b gfx_gradient.o
 .ARM.attributes
                0x000000b8       0x2b ball.o
 .ARM.attributes
                0x000000e3       0x2b main.o
 .ARM.attributes
                0x0000010e       0x27 c:/devkitPro/libnds/lib\libnds9.a(keys.o)
 .ARM.attributes
                0x00000135       0x27 c:/devkitPro/libnds/lib\libnds9.a(initSystem.o)
 .ARM.attributes
                0x0000015c       0x27 c:/devkitPro/libnds/lib\libnds9.a(fifosystem.o)
 .ARM.attributes
                0x00000183       0x27 c:/devkitPro/libnds/lib\libnds9.a(libnds_exit.arm.o)
 .ARM.attributes
                0x000001aa       0x27 c:/devkitPro/libnds/lib\libnds9.a(interrupts.o)
 .ARM.attributes
                0x000001d1       0x21 c:/devkitPro/libnds/lib\libnds9.a(mpu_setup.o)
 .ARM.attributes
                0x000001f2       0x21 c:/devkitPro/libnds/lib\libnds9.a(swiSoftReset.o)
 .ARM.attributes
                0x00000213       0x1b c:/devkitPro/libnds/lib\libnds9.a(biosCalls.o)
 .ARM.attributes
                0x0000022e       0x1b c:/devkitPro/libnds/lib\libnds9.a(interruptDispatcher.o)
 .ARM.attributes
                0x00000249       0x27 c:/devkitPro/libnds/lib\libnds9.a(system.o)
 .ARM.attributes
                0x00000270       0x27 c:/devkitPro/libnds/lib\libnds9.a(video.o)
 .ARM.attributes
                0x00000297       0x27 c:/devkitPro/libnds/lib\libnds9.a(timeSupport.o)
 .ARM.attributes
                0x000002be       0x18 c:/devkitpro/devkitarm/bin/../lib/gcc/arm-none-eabi/4.9.2\libgcc.a(_divsi3.o)
 .ARM.attributes
                0x000002d6       0x18 c:/devkitpro/devkitarm/bin/../lib/gcc/arm-none-eabi/4.9.2\libgcc.a(_dvmd_tls.o)
 .ARM.attributes
                0x000002ee       0x30 c:/devkitpro/devkitarm/bin/../lib/gcc/arm-none-eabi/4.9.2/../../../../arm-none-eabi/lib\libg.a(lib_a-init.o)
 .ARM.attributes
                0x0000031e       0x30 c:/devkitpro/devkitarm/bin/../lib/gcc/arm-none-eabi/4.9.2/../../../../arm-none-eabi/lib\libg.a(lib_a-memcpy.o)
 .ARM.attributes
                0x0000034e       0x30 c:/devkitpro/devkitarm/bin/../lib/gcc/arm-none-eabi/4.9.2/../../../../arm-none-eabi/lib\libg.a(lib_a-memset.o)
 .ARM.attributes
                0x0000037e       0x30 c:/devkitpro/devkitarm/bin/../lib/gcc/arm-none-eabi/4.9.2/../../../../arm-none-eabi/lib\libsysbase.a(malloc_vars.o)
 .ARM.attributes
                0x000003ae       0x30 c:/devkitpro/devkitarm/bin/../lib/gcc/arm-none-eabi/4.9.2/../../../../arm-none-eabi/lib\libsysbase.a(build_argv.o)
 .ARM.attributes
                0x000003de       0x30 c:/devkitpro/devkitarm/bin/../lib/gcc/arm-none-eabi/4.9.2/../../../../arm-none-eabi/lib\libsysbase.a(syscall_support.o)
 .ARM.attributes
                0x0000040e       0x30 c:/devkitpro/devkitarm/bin/../lib/gcc/arm-none-eabi/4.9.2/crtend.o
 .ARM.attributes
                0x0000043e       0x18 c:/devkitpro/devkitarm/bin/../lib/gcc/arm-none-eabi/4.9.2/crtn.o

.debug
 *(.debug)

.line
 *(.line)

.debug_srcinfo
 *(.debug_srcinfo)

.debug_sfnames
 *(.debug_sfnames)

.debug_aranges  0x00000000      0x1c8
 *(.debug_aranges)
 .debug_aranges
                0x00000000       0x20 ball.o
 .debug_aranges
                0x00000020       0x28 main.o
 .debug_aranges
                0x00000048       0x20 c:/devkitPro/libnds/lib\libnds9.a(keys.o)
 .debug_aranges
                0x00000068       0x20 c:/devkitPro/libnds/lib\libnds9.a(initSystem.o)
 .debug_aranges
                0x00000088       0x20 c:/devkitPro/libnds/lib\libnds9.a(fifosystem.o)
 .debug_aranges
                0x000000a8       0x20 c:/devkitPro/libnds/lib\libnds9.a(libnds_exit.arm.o)
 .debug_aranges
                0x000000c8       0x20 c:/devkitPro/libnds/lib\libnds9.a(interrupts.o)
 .debug_aranges
                0x000000e8       0x20 c:/devkitPro/libnds/lib\libnds9.a(mpu_setup.o)
 .debug_aranges
                0x00000108       0x20 c:/devkitPro/libnds/lib\libnds9.a(swiSoftReset.o)
 .debug_aranges
                0x00000128       0x20 c:/devkitPro/libnds/lib\libnds9.a(biosCalls.o)
 .debug_aranges
                0x00000148       0x20 c:/devkitPro/libnds/lib\libnds9.a(interruptDispatcher.o)
 .debug_aranges
                0x00000168       0x20 c:/devkitPro/libnds/lib\libnds9.a(system.o)
 .debug_aranges
                0x00000188       0x20 c:/devkitPro/libnds/lib\libnds9.a(video.o)
 .debug_aranges
                0x000001a8       0x20 c:/devkitPro/libnds/lib\libnds9.a(timeSupport.o)

.debug_pubnames
 *(.debug_pubnames)

.debug_info     0x00000000     0x67cc
 *(.debug_info)
 .debug_info    0x00000000      0xb72 ball.o
 .debug_info    0x00000b72     0x1447 main.o
 .debug_info    0x00001fb9      0x414 c:/devkitPro/libnds/lib\libnds9.a(keys.o)
 .debug_info    0x000023cd     0x10eb c:/devkitPro/libnds/lib\libnds9.a(initSystem.o)
 .debug_info    0x000034b8     0x1597 c:/devkitPro/libnds/lib\libnds9.a(fifosystem.o)
 .debug_info    0x00004a4f      0x327 c:/devkitPro/libnds/lib\libnds9.a(libnds_exit.arm.o)
 .debug_info    0x00004d76      0x5ac c:/devkitPro/libnds/lib\libnds9.a(interrupts.o)
 .debug_info    0x00005322       0xd0 c:/devkitPro/libnds/lib\libnds9.a(mpu_setup.o)
 .debug_info    0x000053f2       0xce c:/devkitPro/libnds/lib\libnds9.a(swiSoftReset.o)
 .debug_info    0x000054c0       0xcb c:/devkitPro/libnds/lib\libnds9.a(biosCalls.o)
 .debug_info    0x0000558b       0xd5 c:/devkitPro/libnds/lib\libnds9.a(interruptDispatcher.o)
 .debug_info    0x00005660      0x8f6 c:/devkitPro/libnds/lib\libnds9.a(system.o)
 .debug_info    0x00005f56      0x730 c:/devkitPro/libnds/lib\libnds9.a(video.o)
 .debug_info    0x00006686      0x146 c:/devkitPro/libnds/lib\libnds9.a(timeSupport.o)

.debug_abbrev   0x00000000     0x1804
 *(.debug_abbrev)
 .debug_abbrev  0x00000000      0x26a ball.o
 .debug_abbrev  0x0000026a      0x3e6 main.o
 .debug_abbrev  0x00000650      0x16b c:/devkitPro/libnds/lib\libnds9.a(keys.o)
 .debug_abbrev  0x000007bb      0x303 c:/devkitPro/libnds/lib\libnds9.a(initSystem.o)
 .debug_abbrev  0x00000abe      0x464 c:/devkitPro/libnds/lib\libnds9.a(fifosystem.o)
 .debug_abbrev  0x00000f22      0x175 c:/devkitPro/libnds/lib\libnds9.a(libnds_exit.arm.o)
 .debug_abbrev  0x00001097      0x239 c:/devkitPro/libnds/lib\libnds9.a(interrupts.o)
 .debug_abbrev  0x000012d0       0x14 c:/devkitPro/libnds/lib\libnds9.a(mpu_setup.o)
 .debug_abbrev  0x000012e4       0x14 c:/devkitPro/libnds/lib\libnds9.a(swiSoftReset.o)
 .debug_abbrev  0x000012f8       0x14 c:/devkitPro/libnds/lib\libnds9.a(biosCalls.o)
 .debug_abbrev  0x0000130c       0x14 c:/devkitPro/libnds/lib\libnds9.a(interruptDispatcher.o)
 .debug_abbrev  0x00001320      0x250 c:/devkitPro/libnds/lib\libnds9.a(system.o)
 .debug_abbrev  0x00001570      0x1d7 c:/devkitPro/libnds/lib\libnds9.a(video.o)
 .debug_abbrev  0x00001747       0xbd c:/devkitPro/libnds/lib\libnds9.a(timeSupport.o)

.debug_line     0x00000000     0x2018
 *(.debug_line)
 .debug_line    0x00000000      0x1ef ball.o
 .debug_line    0x000001ef      0x3ba main.o
 .debug_line    0x000005a9      0x25b c:/devkitPro/libnds/lib\libnds9.a(keys.o)
 .debug_line    0x00000804      0x3a5 c:/devkitPro/libnds/lib\libnds9.a(initSystem.o)
 .debug_line    0x00000ba9      0x6b1 c:/devkitPro/libnds/lib\libnds9.a(fifosystem.o)
 .debug_line    0x0000125a      0x1ea c:/devkitPro/libnds/lib\libnds9.a(libnds_exit.arm.o)
 .debug_line    0x00001444      0x29f c:/devkitPro/libnds/lib\libnds9.a(interrupts.o)
 .debug_line    0x000016e3      0x107 c:/devkitPro/libnds/lib\libnds9.a(mpu_setup.o)
 .debug_line    0x000017ea       0x9d c:/devkitPro/libnds/lib\libnds9.a(swiSoftReset.o)
 .debug_line    0x00001887       0xc9 c:/devkitPro/libnds/lib\libnds9.a(biosCalls.o)
 .debug_line    0x00001950       0xcd c:/devkitPro/libnds/lib\libnds9.a(interruptDispatcher.o)
 .debug_line    0x00001a1d      0x2a5 c:/devkitPro/libnds/lib\libnds9.a(system.o)
 .debug_line    0x00001cc2      0x278 c:/devkitPro/libnds/lib\libnds9.a(video.o)
 .debug_line    0x00001f3a       0xde c:/devkitPro/libnds/lib\libnds9.a(timeSupport.o)

.debug_frame    0x00000000      0x708
 *(.debug_frame)
 .debug_frame   0x00000000       0x3c ball.o
 .debug_frame   0x0000003c       0xd0 main.o
 .debug_frame   0x0000010c       0x8c c:/devkitPro/libnds/lib\libnds9.a(keys.o)
 .debug_frame   0x00000198       0x28 c:/devkitPro/libnds/lib\libnds9.a(initSystem.o)
 .debug_frame   0x000001c0      0x2bc c:/devkitPro/libnds/lib\libnds9.a(fifosystem.o)
 .debug_frame   0x0000047c       0x3c c:/devkitPro/libnds/lib\libnds9.a(libnds_exit.arm.o)
 .debug_frame   0x000004b8       0xac c:/devkitPro/libnds/lib\libnds9.a(interrupts.o)
 .debug_frame   0x00000564       0xc8 c:/devkitPro/libnds/lib\libnds9.a(system.o)
 .debug_frame   0x0000062c       0xbc c:/devkitPro/libnds/lib\libnds9.a(video.o)
 .debug_frame   0x000006e8       0x20 c:/devkitPro/libnds/lib\libnds9.a(timeSupport.o)

.debug_str      0x00000000     0x2a05
 *(.debug_str)
 .debug_str     0x00000000      0x76b ball.o
                                0x80e (size before relaxing)
 .debug_str     0x0000076b      0x66b main.o
                                0xe2d (size before relaxing)
 .debug_str     0x00000dd6      0x1e9 c:/devkitPro/libnds/lib\libnds9.a(keys.o)
                                0x392 (size before relaxing)
 .debug_str     0x00000fbf      0x75b c:/devkitPro/libnds/lib\libnds9.a(initSystem.o)
                                0xbd3 (size before relaxing)
 .debug_str     0x0000171a      0x503 c:/devkitPro/libnds/lib\libnds9.a(fifosystem.o)
                                0x832 (size before relaxing)
 .debug_str     0x00001c1d      0x1bc c:/devkitPro/libnds/lib\libnds9.a(libnds_exit.arm.o)
                                0x35f (size before relaxing)
 .debug_str     0x00001dd9      0x114 c:/devkitPro/libnds/lib\libnds9.a(interrupts.o)
                                0x41b (size before relaxing)
 .debug_str     0x00001eed      0x2aa c:/devkitPro/libnds/lib\libnds9.a(system.o)
                                0x68c (size before relaxing)
 .debug_str     0x00002197      0x7fc c:/devkitPro/libnds/lib\libnds9.a(video.o)
                                0xbe1 (size before relaxing)
 .debug_str     0x00002993       0x72 c:/devkitPro/libnds/lib\libnds9.a(timeSupport.o)
                                0x1d0 (size before relaxing)

.debug_loc      0x00000000     0x1c3a
 *(.debug_loc)
 .debug_loc     0x00000000      0x1c5 ball.o
 .debug_loc     0x000001c5      0x332 main.o
 .debug_loc     0x000004f7       0x1f c:/devkitPro/libnds/lib\libnds9.a(initSystem.o)
 .debug_loc     0x00000516     0x1128 c:/devkitPro/libnds/lib\libnds9.a(fifosystem.o)
 .debug_loc     0x0000163e       0x58 c:/devkitPro/libnds/lib\libnds9.a(libnds_exit.arm.o)
 .debug_loc     0x00001696      0x16a c:/devkitPro/libnds/lib\libnds9.a(interrupts.o)
 .debug_loc     0x00001800      0x1ee c:/devkitPro/libnds/lib\libnds9.a(system.o)
 .debug_loc     0x000019ee      0x22b c:/devkitPro/libnds/lib\libnds9.a(video.o)
 .debug_loc     0x00001c19       0x21 c:/devkitPro/libnds/lib\libnds9.a(timeSupport.o)

.debug_macinfo
 *(.debug_macinfo)

.debug_weaknames
 *(.debug_weaknames)

.debug_funcnames
 *(.debug_funcnames)

.debug_typenames
 *(.debug_typenames)

.debug_varnames
 *(.debug_varnames)

.stack          0x00080000        0x0
                0x00080000                _stack = .
 *(.stack)
LOAD c:/devkitpro/devkitarm/bin/../lib/gcc/arm-none-eabi/4.9.2/../../../../arm-none-eabi/lib/ds_arm9_crt0.o
LOAD c:/devkitpro/devkitarm/bin/../lib/gcc/arm-none-eabi/4.9.2/crti.o
LOAD c:/devkitpro/devkitarm/bin/../lib/gcc/arm-none-eabi/4.9.2/crtbegin.o
LOAD gfx_ball.o
LOAD gfx_brick.o
LOAD gfx_gradient.o
LOAD ball.o
LOAD main.o
LOAD c:/devkitPro/libnds/lib\libnds9.a
START GROUP
LOAD c:/devkitpro/devkitarm/bin/../lib/gcc/arm-none-eabi/4.9.2\libgcc.a
LOAD c:/devkitpro/devkitarm/bin/../lib/gcc/arm-none-eabi/4.9.2/../../../../arm-none-eabi/lib\libg.a
LOAD c:/devkitpro/devkitarm/bin/../lib/gcc/arm-none-eabi/4.9.2/../../../../arm-none-eabi/lib\libc.a
LOAD c:/devkitpro/devkitarm/bin/../lib/gcc/arm-none-eabi/4.9.2/../../../../arm-none-eabi/lib\libsysbase.a
END GROUP
LOAD c:/devkitpro/devkitarm/bin/../lib/gcc/arm-none-eabi/4.9.2/crtend.o
LOAD c:/devkitpro/devkitarm/bin/../lib/gcc/arm-none-eabi/4.9.2/crtn.o
OUTPUT(c:/PFC/Codigo/BouncingBall/BouncingBall.elf elf32-littlearm)

.debug_ranges   0x00000000      0x5d0
 .debug_ranges  0x00000000       0x18 ball.o
 .debug_ranges  0x00000018      0x170 main.o
 .debug_ranges  0x00000188      0x340 c:/devkitPro/libnds/lib\libnds9.a(fifosystem.o)
 .debug_ranges  0x000004c8       0xc0 c:/devkitPro/libnds/lib\libnds9.a(interrupts.o)
 .debug_ranges  0x00000588       0x48 c:/devkitPro/libnds/lib\libnds9.a(video.o)
