Archive member included to satisfy reference by file (symbol)

/opt/devkitpro/libnds/lib/libnds9.a(background.o)
                              main.o (bgInit_call)
/opt/devkitpro/libnds/lib/libnds9.a(sassert.o)
                              main.o (__sassert)
/opt/devkitpro/libnds/lib/libnds9.a(console.o)
                              /opt/devkitpro/libnds/lib/libnds9.a(sassert.o) (consoleDemoInit)
/opt/devkitpro/libnds/lib/libnds9.a(trig.o)
                              /opt/devkitpro/libnds/lib/libnds9.a(background.o) (sinLerp)
/opt/devkitpro/libnds/lib/libnds9.a(initSystem.o)
                              /opt/devkitpro/devkitARM/lib/gcc/arm-none-eabi/8.2.0/../../../../arm-none-eabi/lib/ds_arm9_crt0.o (initSystem)
/opt/devkitpro/libnds/lib/libnds9.a(timeSupport.o)
                              /opt/devkitpro/libnds/lib/libnds9.a(initSystem.o) (__libnds_gtod)
/opt/devkitpro/libnds/lib/libnds9.a(securearea.o)
                              /opt/devkitpro/devkitARM/lib/gcc/arm-none-eabi/8.2.0/../../../../arm-none-eabi/lib/ds_arm9_crt0.o (__secure_area__)
/opt/devkitpro/libnds/lib/libnds9.a(interrupts.o)
                              /opt/devkitpro/libnds/lib/libnds9.a(initSystem.o) (irqInit)
/opt/devkitpro/libnds/lib/libnds9.a(libnds_exit.arm.o)
                              /opt/devkitpro/devkitARM/lib/gcc/arm-none-eabi/8.2.0/../../../../arm-none-eabi/lib/ds_arm9_crt0.o (__libnds_exit)
/opt/devkitpro/libnds/lib/libnds9.a(fifosystem.o)
                              /opt/devkitpro/libnds/lib/libnds9.a(initSystem.o) (fifoSetValue32Handler)
/opt/devkitpro/libnds/lib/libnds9.a(mpu_setup.o)
                              /opt/devkitpro/devkitARM/lib/gcc/arm-none-eabi/8.2.0/../../../../arm-none-eabi/lib/ds_arm9_crt0.o (__libnds_mpu_setup)
/opt/devkitpro/libnds/lib/libnds9.a(IntrWait.o)
                              main.o (swiWaitForVBlank)
/opt/devkitpro/libnds/lib/libnds9.a(cpu_clock.o)
                              /opt/devkitpro/libnds/lib/libnds9.a(initSystem.o) (setCpuClock)
/opt/devkitpro/libnds/lib/libnds9.a(interruptDispatcher.o)
                              /opt/devkitpro/libnds/lib/libnds9.a(interrupts.o) (IntrMain)
/opt/devkitpro/libnds/lib/libnds9.a(debugprint.o)
                              /opt/devkitpro/libnds/lib/libnds9.a(console.o) (nocashWrite)
/opt/devkitpro/libnds/lib/libnds9.a(swiSoftReset.o)
                              /opt/devkitpro/libnds/lib/libnds9.a(fifosystem.o) (swiSoftReset)
/opt/devkitpro/libnds/lib/libnds9.a(default_font.bin.o)
                              /opt/devkitpro/libnds/lib/libnds9.a(console.o) (default_font_bin)
/opt/devkitpro/libnds/lib/libnds9.a(video.o)
                              /opt/devkitpro/libnds/lib/libnds9.a(initSystem.o) (vramDefault)
/opt/devkitpro/libnds/lib/libnds9.a(system.o)
                              /opt/devkitpro/libnds/lib/libnds9.a(initSystem.o) (systemValueHandler)
/opt/devkitpro/libnds/lib/libnds9.a(biosCalls.o)
                              /opt/devkitpro/libnds/lib/libnds9.a(system.o) (swiDelay)
/opt/devkitpro/devkitARM/lib/gcc/arm-none-eabi/8.2.0/libgcc.a(_divsi3.o)
                              /opt/devkitpro/libnds/lib/libnds9.a(console.o) (__aeabi_idivmod)
/opt/devkitpro/devkitARM/lib/gcc/arm-none-eabi/8.2.0/libgcc.a(_dvmd_tls.o)
                              /opt/devkitpro/devkitARM/lib/gcc/arm-none-eabi/8.2.0/libgcc.a(_divsi3.o) (__aeabi_idiv0)
/opt/devkitpro/devkitARM/lib/gcc/arm-none-eabi/8.2.0/../../../../arm-none-eabi/lib/libg.a(lib_a-bsearch.o)
                              /opt/devkitpro/libnds/lib/libnds9.a(trig.o) (bsearch)
/opt/devkitpro/devkitARM/lib/gcc/arm-none-eabi/8.2.0/../../../../arm-none-eabi/lib/libg.a(lib_a-init.o)
                              /opt/devkitpro/devkitARM/lib/gcc/arm-none-eabi/8.2.0/../../../../arm-none-eabi/lib/ds_arm9_crt0.o (__libc_init_array)
/opt/devkitpro/devkitARM/lib/gcc/arm-none-eabi/8.2.0/../../../../arm-none-eabi/lib/libg.a(lib_a-iprintf.o)
                              /opt/devkitpro/libnds/lib/libnds9.a(sassert.o) (iprintf)
/opt/devkitpro/devkitARM/lib/gcc/arm-none-eabi/8.2.0/../../../../arm-none-eabi/lib/libg.a(lib_a-memcpy-stub.o)
                              /opt/devkitpro/libnds/lib/libnds9.a(console.o) (memcpy)
/opt/devkitpro/devkitARM/lib/gcc/arm-none-eabi/8.2.0/../../../../arm-none-eabi/lib/libg.a(lib_a-memset.o)
                              main.o (memset)
/opt/devkitpro/devkitARM/lib/gcc/arm-none-eabi/8.2.0/../../../../arm-none-eabi/lib/libg.a(lib_a-puts.o)
                              main.o (puts)
/opt/devkitpro/devkitARM/lib/gcc/arm-none-eabi/8.2.0/../../../../arm-none-eabi/lib/libg.a(lib_a-setvbuf.o)
                              /opt/devkitpro/libnds/lib/libnds9.a(console.o) (setvbuf)
/opt/devkitpro/devkitARM/lib/gcc/arm-none-eabi/8.2.0/../../../../arm-none-eabi/lib/libg.a(lib_a-siscanf.o)
                              /opt/devkitpro/libnds/lib/libnds9.a(console.o) (siscanf)
[...]
Memory Configuration

Name             Origin             Length             Attributes
ewram            0x0000000002000000 0x0000000000380000
dtcm             0x000000000b000000 0x0000000000004000
vectors          0x0000000001000000 0x0000000000000100
itcm             0x0000000001000100 0x0000000000007f00
*default*        0x0000000000000000 0xffffffffffffffff

Linker script and memory map

                0x0000000002380000                __ewram_end = (ORIGIN (ewram) + LENGTH (ewram))
                0x0000000002380000                __eheap_end = (ORIGIN (ewram) + LENGTH (ewram))
                0x000000000b004000                __dtcm_top = (ORIGIN (dtcm) + LENGTH (dtcm))
                0x000000000b003ff8                __irq_flags = (__dtcm_top - 0x8)
                0x000000000b003ffc                __irq_vector = (__dtcm_top - 0x4)
                0x000000000b003f00                __sp_svc = (__dtcm_top - 0x100)
                0x000000000b003e00                __sp_irq = (__sp_svc - 0x100)
                0x000000000b003d00                __sp_usr = (__sp_irq - 0x100)

.secure         0x0000000002000000      0x800
 *(.secure)
 .secure        0x0000000002000000      0x800 /opt/devkitpro/libnds/lib/libnds9.a(securearea.o)
                0x0000000002000000                __secure_area__

.crt0           0x0000000002000800      0x300
                0x0000000002000800                __text_start = .
 *(.crt0)
 .crt0          0x0000000002000800      0x300 /opt/devkitpro/devkitARM/lib/gcc/arm-none-eabi/8.2.0/../../../../arm-none-eabi/lib/ds_arm9_crt0.o
                0x0000000002000800                _start
                0x0000000002000b00                . = ALIGN (0x4)

.plt
 *(.plt)

.init           0x0000000002000b00       0x18
 *(SORT_NONE(.init))
 .init          0x0000000002000b00        0xc /opt/devkitpro/devkitARM/lib/gcc/arm-none-eabi/8.2.0/crti.o
                0x0000000002000b00                _init
 .init          0x0000000002000b0c        0xc /opt/devkitpro/devkitARM/lib/gcc/arm-none-eabi/8.2.0/crtn.o

.text           0x0000000002000b18     0xc388
 *(EXCLUDE_FILE(*.twl* *.vectors* *.itcm*) .text)
 .text          0x0000000002000b18      0x45c main.o
                0x0000000002000b18                setupGraphics
                0x0000000002000f6c                updateGraphics
                0x0000000002000f70                processLogic
 .text          0x0000000002000f74      0x148 /opt/devkitpro/devkitARM/lib/gcc/arm-none-eabi/8.2.0/libgcc.a(_divsi3.o)
                0x0000000002000f74                __aeabi_idiv
                0x0000000002000f74                __divsi3
                0x000000000200109c                __aeabi_idivmod
 .text          0x00000000020010bc        0x4 /opt/devkitpro/devkitARM/lib/gcc/arm-none-eabi/8.2.0/libgcc.a(_dvmd_tls.o)
                0x00000000020010bc                __aeabi_ldiv0
                0x00000000020010bc                __aeabi_idiv0
 .text          0x00000000020010c0      0x224 /opt/devkitpro/devkitARM/lib/gcc/arm-none-eabi/8.2.0/../../../../arm-none-eabi/lib/libg.a(lib_a-strcmp.o)
                0x00000000020010c0                strcmp
 .text          0x00000000020012e4      0x114 /opt/devkitpro/devkitARM/lib/gcc/arm-none-eabi/8.2.0/libgcc.a(_udivsi3.o)
                0x00000000020012e4                __udivsi3
                0x00000000020012e4                __aeabi_uidiv
                0x00000000020013d8                __aeabi_uidivmod
 .text          0x00000000020013f8       0x3c /opt/devkitpro/devkitARM/lib/gcc/arm-none-eabi/8.2.0/libgcc.a(_aeabi_uldivmod.o)
                0x00000000020013f8                __aeabi_uldivmod
 .text          0x0000000002001434       0x28 /opt/devkitpro/devkitARM/lib/gcc/arm-none-eabi/8.2.0/libgcc.a(_clzdi2.o)
                0x0000000002001434                __clzdi2
 .text          0x000000000200145c       0x48 /opt/devkitpro/devkitARM/lib/gcc/arm-none-eabi/8.2.0/libgcc.a(_clzsi2.o)
                0x000000000200145c                __clzsi2
 *(EXCLUDE_FILE(*.twl* *.vectors* *.itcm*) .stub)
 *(EXCLUDE_FILE(*.twl* *.vectors* *.itcm*) .text.*)
 .text.deregister_tm_clones
                0x00000000020014a4       0x2c /opt/devkitpro/devkitARM/lib/gcc/arm-none-eabi/8.2.0/crtbegin.o
 .text.register_tm_clones
                0x00000000020014d0       0x38 /opt/devkitpro/devkitARM/lib/gcc/arm-none-eabi/8.2.0/crtbegin.o
 .text.__do_global_dtors_aux
                0x0000000002001508       0x44 /opt/devkitpro/devkitARM/lib/gcc/arm-none-eabi/8.2.0/crtbegin.o
 .text.frame_dummy
                0x000000000200154c       0x34 /opt/devkitpro/devkitARM/lib/gcc/arm-none-eabi/8.2.0/crtbegin.o
 .text.startup  0x0000000002001580       0x2c main.o
                0x0000000002001580                main
 .text.checkIfText.part.0
                0x00000000020015ac       0x40 /opt/devkitpro/libnds/lib/libnds9.a(background.o)
 .text.bgUpdate
                0x00000000020015ec      0x104 /opt/devkitpro/libnds/lib/libnds9.a(background.o)
                0x00000000020015ec                bgUpdate
 .text.bgInit_call
                0x00000000020016f0      0x110 /opt/devkitpro/libnds/lib/libnds9.a(background.o)
                0x00000000020016f0                bgInit_call
 .text.bgInitSub_call
                0x0000000002001800       0xf4 /opt/devkitpro/libnds/lib/libnds9.a(background.o)
                0x0000000002001800                bgInitSub_call
 .text.__sassert
                0x00000000020018f4       0x34 /opt/devkitpro/libnds/lib/libnds9.a(sassert.o)
                0x00000000020018f4                __sassert
 .text.newRow   0x0000000002001928       0xb4 /opt/devkitpro/libnds/lib/libnds9.a(console.o)
 .text.consolePrintChar
                0x00000000020019dc       0xec /opt/devkitpro/libnds/lib/libnds9.a(console.o)
                0x00000000020019dc                consolePrintChar
 .text.consoleCls
                0x0000000002001ac8       0xe0 /opt/devkitpro/libnds/lib/libnds9.a(console.o)
 .text.consoleLoadFont
                0x0000000002001ba8      0x280 /opt/devkitpro/libnds/lib/libnds9.a(console.o)
                0x0000000002001ba8                consoleLoadFont
 .text.consoleInit
                0x0000000002001e28      0x15c /opt/devkitpro/libnds/lib/libnds9.a(console.o)
                0x0000000002001e28                consoleInit
 .text.consoleDemoInit
                0x0000000002001f84       0x40 /opt/devkitpro/libnds/lib/libnds9.a(console.o)
                0x0000000002001f84                consoleDemoInit
 .text.con_write
                0x0000000002001fc4      0x27c /opt/devkitpro/libnds/lib/libnds9.a(console.o)
                0x0000000002001fc4                con_write
 .text.sinLutLookup
                0x0000000002002240       0x3c /opt/devkitpro/libnds/lib/libnds9.a(trig.o)
                0x0000000002002240                sinLutLookup
 .text.sinLerp  0x000000000200227c       0x44 /opt/devkitpro/libnds/lib/libnds9.a(trig.o)
                0x000000000200227c                sinLerp
 .text.cosLerp  0x00000000020022c0       0x14 /opt/devkitpro/libnds/lib/libnds9.a(trig.o)
                0x00000000020022c0                cosLerp
 .text.initSystem
                0x00000000020022d4      0x198 /opt/devkitpro/libnds/lib/libnds9.a(initSystem.o)
                0x00000000020022d4                initSystem
 .text.__libnds_gtod
                0x000000000200246c       0x28 /opt/devkitpro/libnds/lib/libnds9.a(timeSupport.o)
                0x000000000200246c                __libnds_gtod
 .text.irqDummy
                0x0000000002002494        0x4 /opt/devkitpro/libnds/lib/libnds9.a(interrupts.o)
                0x0000000002002494                irqDummy
 .text.irqSet   0x0000000002002498       0x6c /opt/devkitpro/libnds/lib/libnds9.a(interrupts.o)
                0x0000000002002498                irqSet
 .text.irqInit  0x0000000002002504       0x50 /opt/devkitpro/libnds/lib/libnds9.a(interrupts.o)
                0x0000000002002504                irqInit
 .text.irqEnable
                0x0000000002002554       0x64 /opt/devkitpro/libnds/lib/libnds9.a(interrupts.o)
                0x0000000002002554                irqEnable
 .text.systemErrorExit
                0x00000000020025b8        0x4 /opt/devkitpro/libnds/lib/libnds9.a(libnds_exit.arm.o)
                0x00000000020025b8                systemErrorExit
 *fill*         0x00000000020025bc        0x4 ff
 .text.__libnds_exit
                0x00000000020025c0       0x5c /opt/devkitpro/libnds/lib/libnds9.a(libnds_exit.arm.o)
                0x00000000020025c0                __libnds_exit
 .text.fifo_waitBlock
                0x000000000200261c       0x80 /opt/devkitpro/libnds/lib/libnds9.a(fifosystem.o)
 .text.fifo_queueBlock
                0x000000000200269c       0x40 /opt/devkitpro/libnds/lib/libnds9.a(fifosystem.o)
 .text.fifoInternalSendInterrupt
                0x00000000020026dc       0xac /opt/devkitpro/libnds/lib/libnds9.a(fifosystem.o)
 .text.fifoInternalSend.part.2
                0x0000000002002788       0xd4 /opt/devkitpro/libnds/lib/libnds9.a(fifosystem.o)
 .text.fifoGetValue32.part.3
                0x000000000200285c       0x74 /opt/devkitpro/libnds/lib/libnds9.a(fifosystem.o)
 .text.fifoSetValue32Handler
                0x00000000020028d0       0x78 /opt/devkitpro/libnds/lib/libnds9.a(fifosystem.o)
                0x00000000020028d0                fifoSetValue32Handler
 .text.fifoSendValue32
                0x0000000002002948       0x4c /opt/devkitpro/libnds/lib/libnds9.a(fifosystem.o)
                0x0000000002002948                fifoSendValue32
 .text.fifoGetDatamsg
                0x0000000002002994      0x138 /opt/devkitpro/libnds/lib/libnds9.a(fifosystem.o)
                0x0000000002002994                fifoGetDatamsg
 .text.fifoInternalRecvInterrupt
                0x0000000002002acc      0x3dc /opt/devkitpro/libnds/lib/libnds9.a(fifosystem.o)
 .text.fifoSetDatamsgHandler
                0x0000000002002ea8       0x9c /opt/devkitpro/libnds/lib/libnds9.a(fifosystem.o)
                0x0000000002002ea8                fifoSetDatamsgHandler
 .text.fifoInit
                0x0000000002002f44      0x104 /opt/devkitpro/libnds/lib/libnds9.a(fifosystem.o)
                0x0000000002002f44                fifoInit
 .text.__libnds_mpu_setup
                0x0000000002003048      0x174 /opt/devkitpro/libnds/lib/libnds9.a(mpu_setup.o)
                0x0000000002003048                __libnds_mpu_setup
 .text.memUncached
                0x00000000020031bc       0x20 /opt/devkitpro/libnds/lib/libnds9.a(mpu_setup.o)
                0x00000000020031bc                memUncached
 .text.swiWaitForVBlank
                0x00000000020031dc        0x8 /opt/devkitpro/libnds/lib/libnds9.a(IntrWait.o)
                0x00000000020031dc                swiWaitForVBlank
 .text.swiIntrWait
                0x00000000020031e4       0x70 /opt/devkitpro/libnds/lib/libnds9.a(IntrWait.o)
                0x00000000020031e4                swiIntrWait
 .text.setCpuClock
                0x0000000002003254       0x50 /opt/devkitpro/libnds/lib/libnds9.a(cpu_clock.o)
                0x0000000002003254                setCpuClock
 .text.swiSoftReset
                0x00000000020032a4       0x2c /opt/devkitpro/libnds/lib/libnds9.a(swiSoftReset.o)
                0x00000000020032a4                swiSoftReset
 .text.vramDefault
                0x00000000020032d0       0xd0 /opt/devkitpro/libnds/lib/libnds9.a(video.o)
                0x00000000020032d0                vramDefault
 .text.systemValueHandler
                0x00000000020033a0       0x48 /opt/devkitpro/libnds/lib/libnds9.a(system.o)
                0x00000000020033a0                systemValueHandler
 .text.systemMsgHandler
                0x00000000020033e8       0x5c /opt/devkitpro/libnds/lib/libnds9.a(system.o)
                0x00000000020033e8                systemMsgHandler
 .text.powerOn  0x0000000002003444       0x2c /opt/devkitpro/libnds/lib/libnds9.a(system.o)
                0x0000000002003444                powerOn
 .text.swiDelay
                0x0000000002003470        0x4 /opt/devkitpro/libnds/lib/libnds9.a(biosCalls.o)
                0x0000000002003470                swiDelay
 .text.__libc_init_array
                0x0000000002003474       0x88 /opt/devkitpro/devkitARM/lib/gcc/arm-none-eabi/8.2.0/../../../../arm-none-eabi/lib/libg.a(lib_a-init.o)
                0x0000000002003474                __libc_init_array
 .text.iprintf  0x00000000020034fc       0x38 /opt/devkitpro/devkitARM/lib/gcc/arm-none-eabi/8.2.0/../../../../arm-none-eabi/lib/libg.a(lib_a-iprintf.o)
                0x00000000020034fc                iprintf
 .text.memcpy   0x0000000002003534      0x11c /opt/devkitpro/devkitARM/lib/gcc/arm-none-eabi/8.2.0/../../../../arm-none-eabi/lib/libg.a(lib_a-memcpy-stub.o)
                0x0000000002003534                memcpy
 .text.memset   0x0000000002003650      0x118 /opt/devkitpro/devkitARM/lib/gcc/arm-none-eabi/8.2.0/../../../../arm-none-eabi/lib/libg.a(lib_a-memset.o)
                0x0000000002003650                memset
 .text._puts_r  0x0000000002003768       0xe8 /opt/devkitpro/devkitARM/lib/gcc/arm-none-eabi/8.2.0/../../../../arm-none-eabi/lib/libg.a(lib_a-puts.o)
                0x0000000002003768                _puts_r
 .text.puts     0x0000000002003850       0x18 /opt/devkitpro/devkitARM/lib/gcc/arm-none-eabi/8.2.0/../../../../arm-none-eabi/lib/libg.a(lib_a-puts.o)
                0x0000000002003850                puts
 .text.setvbuf  0x0000000002003868      0x264 /opt/devkitpro/devkitARM/lib/gcc/arm-none-eabi/8.2.0/../../../../arm-none-eabi/lib/libg.a(lib_a-setvbuf.o)
                0x0000000002003868                setvbuf
 .text.siscanf  0x0000000002003acc       0x74 /opt/devkitpro/devkitARM/lib/gcc/arm-none-eabi/8.2.0/../../../../arm-none-eabi/lib/libg.a(lib_a-siscanf.o)
                0x0000000002003acc                siscanf
 .text.__sread  0x0000000002003b40       0x4c /opt/devkitpro/devkitARM/lib/gcc/arm-none-eabi/8.2.0/../../../../arm-none-eabi/lib/libg.a(lib_a-stdio.o)
                0x0000000002003b40                __sread
 .text.__seofread
                0x0000000002003b8c        0x8 /opt/devkitpro/devkitARM/lib/gcc/arm-none-eabi/8.2.0/../../../../arm-none-eabi/lib/libg.a(lib_a-stdio.o)
                0x0000000002003b8c                __seofread
 .text.__swrite
                0x0000000002003b94       0x6c /opt/devkitpro/devkitARM/lib/gcc/arm-none-eabi/8.2.0/../../../../arm-none-eabi/lib/libg.a(lib_a-stdio.o)
                0x0000000002003b94                __swrite
 .text.__sseek  0x0000000002003c00       0x54 /opt/devkitpro/devkitARM/lib/gcc/arm-none-eabi/8.2.0/../../../../arm-none-eabi/lib/libg.a(lib_a-stdio.o)
                0x0000000002003c00                __sseek
 .text.__sclose
                0x0000000002003c54       0x14 /opt/devkitpro/devkitARM/lib/gcc/arm-none-eabi/8.2.0/../../../../arm-none-eabi/lib/libg.a(lib_a-stdio.o)
                0x0000000002003c54                __sclose
 .text.strlen   0x0000000002003c68       0x60 /opt/devkitpro/devkitARM/lib/gcc/arm-none-eabi/8.2.0/../../../../arm-none-eabi/lib/libg.a(lib_a-strlen-stub.o)
                0x0000000002003c68                strlen
 .text.get_arg  0x0000000002003cc8       0x4c /opt/devkitpro/devkitARM/lib/gcc/arm-none-eabi/8.2.0/../../../../arm-none-eabi/lib/libg.a(lib_a-svfiscanf.o)
 .text._sungetc_r
                0x0000000002003d14       0xe8 /opt/devkitpro/devkitARM/lib/gcc/arm-none-eabi/8.2.0/../../../../arm-none-eabi/lib/libg.a(lib_a-svfiscanf.o)
                0x0000000002003d14                _sungetc_r
 .text.__ssrefill_r
                0x0000000002003dfc       0x68 /opt/devkitpro/devkitARM/lib/gcc/arm-none-eabi/8.2.0/../../../../arm-none-eabi/lib/libg.a(lib_a-svfiscanf.o)
                0x0000000002003dfc                __ssrefill_r
 .text._sfread_r
                0x0000000002003e64       0xcc /opt/devkitpro/devkitARM/lib/gcc/arm-none-eabi/8.2.0/../../../../arm-none-eabi/lib/libg.a(lib_a-svfiscanf.o)
                0x0000000002003e64                _sfread_r
 .text.__ssvfiscanf_r
                0x0000000002003f30     0x22b8 /opt/devkitpro/devkitARM/lib/gcc/arm-none-eabi/8.2.0/../../../../arm-none-eabi/lib/libg.a(lib_a-svfiscanf.o)
                0x0000000002003f30                __ssvfiscanf_r
 .text.__submore
                0x00000000020061e8       0xb0 /opt/devkitpro/devkitARM/lib/gcc/arm-none-eabi/8.2.0/../../../../arm-none-eabi/lib/libg.a(lib_a-ungetc.o)
                0x00000000020061e8                __submore
 .text.get_arg  0x0000000002006298      0x638 /opt/devkitpro/devkitARM/lib/gcc/arm-none-eabi/8.2.0/../../../../arm-none-eabi/lib/libg.a(lib_a-vfiprintf.o)
 .text.__sprint_r
                0x00000000020068d0       0x34 /opt/devkitpro/devkitARM/lib/gcc/arm-none-eabi/8.2.0/../../../../arm-none-eabi/lib/libg.a(lib_a-vfiprintf.o)
                0x00000000020068d0                __sprint_r
 .text._vfiprintf_r
                0x0000000002006904     0x2578 /opt/devkitpro/devkitARM/lib/gcc/arm-none-eabi/8.2.0/../../../../arm-none-eabi/lib/libg.a(lib_a-vfiprintf.o)
                0x0000000002006904                _vfiprintf_r
 .text.__sbprintf
                0x0000000002008e7c       0xd4 /opt/devkitpro/devkitARM/lib/gcc/arm-none-eabi/8.2.0/../../../../arm-none-eabi/lib/libg.a(lib_a-vfiprintf.o)
 .text.viprintf
                0x0000000002008f50       0x28 /opt/devkitpro/devkitARM/lib/gcc/arm-none-eabi/8.2.0/../../../../arm-none-eabi/lib/libg.a(lib_a-viprintf.o)
                0x0000000002008f50                viprintf
 .text._wcrtomb_r
                0x0000000002008f78       0xac /opt/devkitpro/devkitARM/lib/gcc/arm-none-eabi/8.2.0/../../../../arm-none-eabi/lib/libg.a(lib_a-wcrtomb.o)
                0x0000000002008f78                _wcrtomb_r
 .text._wcsrtombs_r
                0x0000000002009024       0x24 /opt/devkitpro/devkitARM/lib/gcc/arm-none-eabi/8.2.0/../../../../arm-none-eabi/lib/libg.a(lib_a-wcsrtombs.o)
                0x0000000002009024                _wcsrtombs_r
 .text.__swsetup_r
                0x0000000002009048      0x158 /opt/devkitpro/devkitARM/lib/gcc/arm-none-eabi/8.2.0/../../../../arm-none-eabi/lib/libg.a(lib_a-wsetup.o)
                0x0000000002009048                __swsetup_r
 .text.__sflush_r
                0x00000000020091a0      0x288 /opt/devkitpro/devkitARM/lib/gcc/arm-none-eabi/8.2.0/../../../../arm-none-eabi/lib/libg.a(lib_a-fflush.o)
                0x00000000020091a0                __sflush_r
 .text._fflush_r
                0x0000000002009428       0x9c /opt/devkitpro/devkitARM/lib/gcc/arm-none-eabi/8.2.0/../../../../arm-none-eabi/lib/libg.a(lib_a-fflush.o)
                0x0000000002009428                _fflush_r
 .text.std      0x00000000020094c4       0x84 /opt/devkitpro/devkitARM/lib/gcc/arm-none-eabi/8.2.0/../../../../arm-none-eabi/lib/libg.a(lib_a-findfp.o)
 .text._cleanup_r
                0x0000000002009548       0x18 /opt/devkitpro/devkitARM/lib/gcc/arm-none-eabi/8.2.0/../../../../arm-none-eabi/lib/libg.a(lib_a-findfp.o)
                0x0000000002009548                _cleanup_r
 .text.__sinit  0x0000000002009560       0x94 /opt/devkitpro/devkitARM/lib/gcc/arm-none-eabi/8.2.0/../../../../arm-none-eabi/lib/libg.a(lib_a-findfp.o)
                0x0000000002009560                __sinit
 .text.__sfp_lock_acquire
                0x00000000020095f4       0x18 /opt/devkitpro/devkitARM/lib/gcc/arm-none-eabi/8.2.0/../../../../arm-none-eabi/lib/libg.a(lib_a-findfp.o)
                0x00000000020095f4                __sfp_lock_acquire
 .text.__sfp_lock_release
                0x000000000200960c       0x18 /opt/devkitpro/devkitARM/lib/gcc/arm-none-eabi/8.2.0/../../../../arm-none-eabi/lib/libg.a(lib_a-findfp.o)
                0x000000000200960c                __sfp_lock_release
 .text._malloc_trim_r
                0x0000000002009624      0x100 /opt/devkitpro/devkitARM/lib/gcc/arm-none-eabi/8.2.0/../../../../arm-none-eabi/lib/libg.a(lib_a-freer.o)
                0x0000000002009624                _malloc_trim_r
 .text._free_r  0x0000000002009724      0x2e0 /opt/devkitpro/devkitARM/lib/gcc/arm-none-eabi/8.2.0/../../../../arm-none-eabi/lib/libg.a(lib_a-freer.o)
                0x0000000002009724                _free_r
 .text.__sfvwrite_r
                0x0000000002009a04      0x4cc /opt/devkitpro/devkitARM/lib/gcc/arm-none-eabi/8.2.0/../../../../arm-none-eabi/lib/libg.a(lib_a-fvwrite.o)
                0x0000000002009a04                __sfvwrite_r
 .text._fwalk_reent
                0x0000000002009ed0       0x8c /opt/devkitpro/devkitARM/lib/gcc/arm-none-eabi/8.2.0/../../../../arm-none-eabi/lib/libg.a(lib_a-fwalk.o)
                0x0000000002009ed0                _fwalk_reent
 .text.iswspace
                0x0000000002009f5c       0x78 /opt/devkitpro/devkitARM/lib/gcc/arm-none-eabi/8.2.0/../../../../arm-none-eabi/lib/libg.a(lib_a-iswspace.o)
                0x0000000002009f5c                iswspace
 .text.__jp2uc  0x0000000002009fd4      0x1e8 /opt/devkitpro/devkitARM/lib/gcc/arm-none-eabi/8.2.0/../../../../arm-none-eabi/lib/libg.a(lib_a-jp2uc.o)
 .text._jp2uc   0x000000000200a1bc       0xc0 /opt/devkitpro/devkitARM/lib/gcc/arm-none-eabi/8.2.0/../../../../arm-none-eabi/lib/libg.a(lib_a-jp2uc.o)
                0x000000000200a1bc                _jp2uc
 .text._localeconv_r
                0x000000000200a27c       0x28 /opt/devkitpro/devkitARM/lib/gcc/arm-none-eabi/8.2.0/../../../../arm-none-eabi/lib/libg.a(lib_a-localeconv.o)
                0x000000000200a27c                _localeconv_r
 .text.__locale_mb_cur_max
                0x000000000200a2a4       0x28 /opt/devkitpro/devkitARM/lib/gcc/arm-none-eabi/8.2.0/../../../../arm-none-eabi/lib/libg.a(lib_a-locale.o)
                0x000000000200a2a4                __locale_mb_cur_max
 .text.__locale_ctype_ptr_l
                0x000000000200a2cc        0x8 /opt/devkitpro/devkitARM/lib/gcc/arm-none-eabi/8.2.0/../../../../arm-none-eabi/lib/libg.a(lib_a-locale.o)
                0x000000000200a2cc                __locale_ctype_ptr_l
 .text.__locale_ctype_ptr
                0x000000000200a2d4       0x28 /opt/devkitpro/devkitARM/lib/gcc/arm-none-eabi/8.2.0/../../../../arm-none-eabi/lib/libg.a(lib_a-locale.o)
                0x000000000200a2d4                __locale_ctype_ptr
 .text.__swhatbuf_r
                0x000000000200a2fc       0xa0 /opt/devkitpro/devkitARM/lib/gcc/arm-none-eabi/8.2.0/../../../../arm-none-eabi/lib/libg.a(lib_a-makebuf.o)
                0x000000000200a2fc                __swhatbuf_r
 .text.__smakebuf_r
                0x000000000200a39c      0x100 /opt/devkitpro/devkitARM/lib/gcc/arm-none-eabi/8.2.0/../../../../arm-none-eabi/lib/libg.a(lib_a-makebuf.o)
                0x000000000200a39c                __smakebuf_r
 .text.malloc   0x000000000200a49c       0x1c /opt/devkitpro/devkitARM/lib/gcc/arm-none-eabi/8.2.0/../../../../arm-none-eabi/lib/libg.a(lib_a-malloc.o)
                0x000000000200a49c                malloc
 .text.free     0x000000000200a4b8       0x1c /opt/devkitpro/devkitARM/lib/gcc/arm-none-eabi/8.2.0/../../../../arm-none-eabi/lib/libg.a(lib_a-malloc.o)
                0x000000000200a4b8                free
 .text._malloc_r
                0x000000000200a4d4      0x788 /opt/devkitpro/devkitARM/lib/gcc/arm-none-eabi/8.2.0/../../../../arm-none-eabi/lib/libg.a(lib_a-mallocr.o)
                0x000000000200a4d4                _malloc_r
 .text._mbrtowc_r
                0x000000000200ac5c       0xc0 /opt/devkitpro/devkitARM/lib/gcc/arm-none-eabi/8.2.0/../../../../arm-none-eabi/lib/libg.a(lib_a-mbrtowc.o)
                0x000000000200ac5c                _mbrtowc_r
 .text.__utf8_mbtowc
                0x000000000200ad1c      0x308 /opt/devkitpro/devkitARM/lib/gcc/arm-none-eabi/8.2.0/../../../../arm-none-eabi/lib/libg.a(lib_a-mbtowc_r.o)
                0x000000000200ad1c                __utf8_mbtowc
 .text.memchr   0x000000000200b024      0x110 /opt/devkitpro/devkitARM/lib/gcc/arm-none-eabi/8.2.0/../../../../arm-none-eabi/lib/libg.a(lib_a-memchr-stub.o)
                0x000000000200b024                memchr
 .text.memmove  0x000000000200b134      0x158 /opt/devkitpro/devkitARM/lib/gcc/arm-none-eabi/8.2.0/../../../../arm-none-eabi/lib/libg.a(lib_a-memmove.o)
                0x000000000200b134                memmove
 .text.__malloc_lock
                0x000000000200b28c       0x18 /opt/devkitpro/devkitARM/lib/gcc/arm-none-eabi/8.2.0/../../../../arm-none-eabi/lib/libg.a(lib_a-mlock.o)
                0x000000000200b28c                __malloc_lock
 .text.__malloc_unlock
                0x000000000200b2a4       0x18 /opt/devkitpro/devkitARM/lib/gcc/arm-none-eabi/8.2.0/../../../../arm-none-eabi/lib/libg.a(lib_a-mlock.o)
                0x000000000200b2a4                __malloc_unlock
 .text.realloc  0x000000000200b2bc       0x24 /opt/devkitpro/devkitARM/lib/gcc/arm-none-eabi/8.2.0/../../../../arm-none-eabi/lib/libg.a(lib_a-realloc.o)
                0x000000000200b2bc                realloc
 .text._realloc_r
                0x000000000200b2e0      0x4dc /opt/devkitpro/devkitARM/lib/gcc/arm-none-eabi/8.2.0/../../../../arm-none-eabi/lib/libg.a(lib_a-reallocr.o)
                0x000000000200b2e0                _realloc_r
 .text.__sccl   0x000000000200b7bc       0xcc /opt/devkitpro/devkitARM/lib/gcc/arm-none-eabi/8.2.0/../../../../arm-none-eabi/lib/libg.a(lib_a-sccl.o)
                0x000000000200b7bc                __sccl
 .text.strncpy  0x000000000200b888       0xe8 /opt/devkitpro/devkitARM/lib/gcc/arm-none-eabi/8.2.0/../../../../arm-none-eabi/lib/libg.a(lib_a-strncpy.o)
                0x000000000200b888                strncpy
 .text._strtoll_l.isra.0
                0x000000000200b970      0x2a0 /opt/devkitpro/devkitARM/lib/gcc/arm-none-eabi/8.2.0/../../../../arm-none-eabi/lib/libg.a(lib_a-strtoll.o)
 .text._strtoll_r
                0x000000000200bc10       0x54 /opt/devkitpro/devkitARM/lib/gcc/arm-none-eabi/8.2.0/../../../../arm-none-eabi/lib/libg.a(lib_a-strtoll.o)
                0x000000000200bc10                _strtoll_r
 .text._strtol_l.isra.0
                0x000000000200bc64      0x1bc /opt/devkitpro/devkitARM/lib/gcc/arm-none-eabi/8.2.0/../../../../arm-none-eabi/lib/libg.a(lib_a-strtol.o)
 .text._strtol_r
                0x000000000200be20       0x54 /opt/devkitpro/devkitARM/lib/gcc/arm-none-eabi/8.2.0/../../../../arm-none-eabi/lib/libg.a(lib_a-strtol.o)
                0x000000000200be20                _strtol_r
 *fill*         0x000000000200be74        0x4 ff
 .text._strtoull_l.isra.0
                0x000000000200be78      0x280 /opt/devkitpro/devkitARM/lib/gcc/arm-none-eabi/8.2.0/../../../../arm-none-eabi/lib/libg.a(lib_a-strtoull.o)
 .text._strtoull_r
                0x000000000200c0f8       0x54 /opt/devkitpro/devkitARM/lib/gcc/arm-none-eabi/8.2.0/../../../../arm-none-eabi/lib/libg.a(lib_a-strtoull.o)
                0x000000000200c0f8                _strtoull_r
 .text._strtoul_l.isra.0
                0x000000000200c14c      0x1cc /opt/devkitpro/devkitARM/lib/gcc/arm-none-eabi/8.2.0/../../../../arm-none-eabi/lib/libg.a(lib_a-strtoul.o)
 .text._strtoul_r
                0x000000000200c318       0x54 /opt/devkitpro/devkitARM/lib/gcc/arm-none-eabi/8.2.0/../../../../arm-none-eabi/lib/libg.a(lib_a-strtoul.o)
                0x000000000200c318                _strtoul_r
 .text._wcsnrtombs_l
                0x000000000200c36c      0x194 /opt/devkitpro/devkitARM/lib/gcc/arm-none-eabi/8.2.0/../../../../arm-none-eabi/lib/libg.a(lib_a-wcsnrtombs.o)
                0x000000000200c36c                _wcsnrtombs_l
 .text._wcsnrtombs_r
                0x000000000200c500       0x68 /opt/devkitpro/devkitARM/lib/gcc/arm-none-eabi/8.2.0/../../../../arm-none-eabi/lib/libg.a(lib_a-wcsnrtombs.o)
                0x000000000200c500                _wcsnrtombs_r
 .text.__utf8_wctomb
                0x000000000200c568       0xec /opt/devkitpro/devkitARM/lib/gcc/arm-none-eabi/8.2.0/../../../../arm-none-eabi/lib/libg.a(lib_a-wctomb_r.o)
                0x000000000200c568                __utf8_wctomb
 .text._fclose_r
                0x000000000200c654      0x16c /opt/devkitpro/devkitARM/lib/gcc/arm-none-eabi/8.2.0/../../../../arm-none-eabi/lib/libg.a(lib_a-fclose.o)
                0x000000000200c654                _fclose_r
 .text.null_write
                0x000000000200c7c0        0x8 /opt/devkitpro/devkitARM/lib/gcc/arm-none-eabi/8.2.0/../../../../arm-none-eabi/lib/libsysbase.a(iosupport.o)
 .text._close_r
                0x000000000200c7c8       0x90 /opt/devkitpro/devkitARM/lib/gcc/arm-none-eabi/8.2.0/../../../../arm-none-eabi/lib/libsysbase.a(close.o)
                0x000000000200c7c8                _close_r
 .text._fstat_r
                0x000000000200c858       0x78 /opt/devkitpro/devkitARM/lib/gcc/arm-none-eabi/8.2.0/../../../../arm-none-eabi/lib/libsysbase.a(fstat.o)
                0x000000000200c858                _fstat_r
 .text._isatty_r
                0x000000000200c8d0        0x8 /opt/devkitpro/devkitARM/lib/gcc/arm-none-eabi/8.2.0/../../../../arm-none-eabi/lib/libsysbase.a(isatty.o)
                0x000000000200c8d0                _isatty_r
 .text._lseek_r
                0x000000000200c8d8       0x88 /opt/devkitpro/devkitARM/lib/gcc/arm-none-eabi/8.2.0/../../../../arm-none-eabi/lib/libsysbase.a(lseek.o)
                0x000000000200c8d8                _lseek_r
 .text._read_r  0x000000000200c960       0x84 /opt/devkitpro/devkitARM/lib/gcc/arm-none-eabi/8.2.0/../../../../arm-none-eabi/lib/libsysbase.a(read.o)
                0x000000000200c960                _read_r
 .text._sbrk_r  0x000000000200c9e4       0x74 /opt/devkitpro/devkitARM/lib/gcc/arm-none-eabi/8.2.0/../../../../arm-none-eabi/lib/libsysbase.a(sbrk.o)
                0x000000000200c9e4                _sbrk_r
 .text._write_r
                0x000000000200ca58       0x84 /opt/devkitpro/devkitARM/lib/gcc/arm-none-eabi/8.2.0/../../../../arm-none-eabi/lib/libsysbase.a(write.o)
                0x000000000200ca58                _write_r
 .text.build_argv
                0x000000000200cadc       0x80 /opt/devkitpro/devkitARM/lib/gcc/arm-none-eabi/8.2.0/../../../../arm-none-eabi/lib/libsysbase.a(build_argv.o)
                0x000000000200cadc                build_argv
 .text.__flockfile
                0x000000000200cb5c       0x14 /opt/devkitpro/devkitARM/lib/gcc/arm-none-eabi/8.2.0/../../../../arm-none-eabi/lib/libsysbase.a(flock.o)
                0x000000000200cb5c                __flockfile
 .text.__funlockfile
                0x000000000200cb70       0x14 /opt/devkitpro/devkitARM/lib/gcc/arm-none-eabi/8.2.0/../../../../arm-none-eabi/lib/libsysbase.a(flock.o)
                0x000000000200cb70                __funlockfile
 .text.__libc_lock_acquire
                0x000000000200cb84       0x18 /opt/devkitpro/devkitARM/lib/gcc/arm-none-eabi/8.2.0/../../../../arm-none-eabi/lib/libsysbase.a(syscall_support.o)
                0x000000000200cb84                __libc_lock_acquire
 .text.__libc_lock_release
                0x000000000200cb9c       0x18 /opt/devkitpro/devkitARM/lib/gcc/arm-none-eabi/8.2.0/../../../../arm-none-eabi/lib/libsysbase.a(syscall_support.o)
                0x000000000200cb9c                __libc_lock_release
 .text.__libc_lock_init_recursive
                0x000000000200cbb4       0x18 /opt/devkitpro/devkitARM/lib/gcc/arm-none-eabi/8.2.0/../../../../arm-none-eabi/lib/libsysbase.a(syscall_support.o)
                0x000000000200cbb4                __libc_lock_init_recursive
 .text.__libc_lock_acquire_recursive
                0x000000000200cbcc       0x18 /opt/devkitpro/devkitARM/lib/gcc/arm-none-eabi/8.2.0/../../../../arm-none-eabi/lib/libsysbase.a(syscall_support.o)
                0x000000000200cbcc                __libc_lock_acquire_recursive
 .text.__libc_lock_release_recursive
                0x000000000200cbe4       0x18 /opt/devkitpro/devkitARM/lib/gcc/arm-none-eabi/8.2.0/../../../../arm-none-eabi/lib/libsysbase.a(syscall_support.o)
                0x000000000200cbe4                __libc_lock_release_recursive
 .text.__libc_lock_close_recursive
                0x000000000200cbfc       0x18 /opt/devkitpro/devkitARM/lib/gcc/arm-none-eabi/8.2.0/../../../../arm-none-eabi/lib/libsysbase.a(syscall_support.o)
                0x000000000200cbfc                __libc_lock_close_recursive
 .text.__release_handle
                0x000000000200cc14       0x90 /opt/devkitpro/devkitARM/lib/gcc/arm-none-eabi/8.2.0/../../../../arm-none-eabi/lib/libsysbase.a(handle_manager.o)
                0x000000000200cc14                __release_handle
 .text.__get_handle
                0x000000000200cca4       0x18 /opt/devkitpro/devkitARM/lib/gcc/arm-none-eabi/8.2.0/../../../../arm-none-eabi/lib/libsysbase.a(handle_manager.o)
                0x000000000200cca4                __get_handle
 .text.__getreent
                0x000000000200ccbc       0x24 /opt/devkitpro/devkitARM/lib/gcc/arm-none-eabi/8.2.0/../../../../arm-none-eabi/lib/libsysbase.a(getreent.o)
                0x000000000200ccbc                __getreent
 .text.__udivmoddi4
                0x000000000200cce0      0x130 /opt/devkitpro/devkitARM/lib/gcc/arm-none-eabi/8.2.0/libgcc.a(_udivmoddi4.o)
                0x000000000200cce0                __udivmoddi4
 .text.__udivmoddi4.__stub
                0x000000000200ce10       0x84 linker stubs
 *(EXCLUDE_FILE(*.twl*) .gnu.warning)
 *(EXCLUDE_FILE(*.twl*) .gnu.linkonce.t*)
 *(.glue_7)
 .glue_7        0x000000000200cea0        0x0 linker stubs
 *(.glue_7t)
 .glue_7t       0x000000000200cea0        0x0 linker stubs
                0x000000000200cea0                . = ALIGN (0x4)

.vfp11_veneer   0x000000000200cea0        0x0
 .vfp11_veneer  0x000000000200cea0        0x0 linker stubs

.v4_bx          0x000000000200cea0        0x0
 .v4_bx         0x000000000200cea0        0x0 linker stubs

.iplt           0x000000000200cea0        0x0
 .iplt          0x000000000200cea0        0x0 /opt/devkitpro/devkitARM/lib/gcc/arm-none-eabi/8.2.0/../../../../arm-none-eabi/lib/ds_arm9_crt0.o

.fini           0x000000000200cea0       0x18
 *(.fini)
 .fini          0x000000000200cea0        0xc /opt/devkitpro/devkitARM/lib/gcc/arm-none-eabi/8.2.0/crti.o
                0x000000000200cea0                _fini
 .fini          0x000000000200ceac        0xc /opt/devkitpro/devkitARM/lib/gcc/arm-none-eabi/8.2.0/crtn.o
                0x000000000200ceb8                __text_end = .

.rodata         0x000000000200ceb8     0x5db8
 *(EXCLUDE_FILE(*.twl*) .rodata)
 .rodata        0x000000000200ceb8      0x120 gfx_gradient.o
                0x000000000200ceb8                gfx_gradientTiles
                0x000000000200cfb8                gfx_gradientPal
 .rodata        0x000000000200cfd8       0x26 gfx_brick.o
                0x000000000200cfd8                gfx_brickTiles
                0x000000000200cff8                gfx_brickPal
 *fill*         0x000000000200cffe        0x2 ff
 .rodata        0x000000000200d000     0x2004 /opt/devkitpro/libnds/lib/libnds9.a(default_font.bin.o)
                0x000000000200d000                default_font_bin
                0x000000000200f000                default_font_bin_end
                0x000000000200f000                default_font_bin_size
 *all.rodata*(*)
 *(EXCLUDE_FILE(*.twl*) .roda)
 *(EXCLUDE_FILE(*.twl*) .rodata.*)
 .rodata.str1.4
                0x000000000200f004       0xa9 main.o
 *fill*         0x000000000200f0ad        0x3 ff
 .rodata.__sassert.str1.4
                0x000000000200f0b0       0x42 /opt/devkitpro/libnds/lib/libnds9.a(sassert.o)
 *fill*         0x000000000200f0f2        0x2 ff
 .rodata.con_write
                0x000000000200f0f4       0xd4 /opt/devkitpro/libnds/lib/libnds9.a(console.o)
 .rodata.con_write.str1.4
                0x000000000200f1c8       0x30 /opt/devkitpro/libnds/lib/libnds9.a(console.o)
 .rodata.dotab_stdout
                0x000000000200f1f8       0x70 /opt/devkitpro/libnds/lib/libnds9.a(console.o)
 .rodata.str1.4
                0x000000000200f268       0x14 /opt/devkitpro/libnds/lib/libnds9.a(console.o)
 .rodata.SIN_LUT
                0x000000000200f27c      0x102 /opt/devkitpro/libnds/lib/libnds9.a(trig.o)
                0x000000000200f27c                SIN_LUT
 *fill*         0x000000000200f37e        0x2 ff
 .rodata._puts_r.str1.4
                0x000000000200f380        0x2 /opt/devkitpro/devkitARM/lib/gcc/arm-none-eabi/8.2.0/../../../../arm-none-eabi/lib/libg.a(lib_a-puts.o)
 *fill*         0x000000000200f382        0x2 ff
 .rodata.basefix.6948
                0x000000000200f384       0x22 /opt/devkitpro/devkitARM/lib/gcc/arm-none-eabi/8.2.0/../../../../arm-none-eabi/lib/libg.a(lib_a-svfiscanf.o)
 .rodata._vfiprintf_r.str1.1
                0x000000000200f3a6       0x29 /opt/devkitpro/devkitARM/lib/gcc/arm-none-eabi/8.2.0/../../../../arm-none-eabi/lib/libg.a(lib_a-vfiprintf.o)
 *fill*         0x000000000200f3cf        0x1 ff
 .rodata.blanks.7381
                0x000000000200f3d0       0x10 /opt/devkitpro/devkitARM/lib/gcc/arm-none-eabi/8.2.0/../../../../arm-none-eabi/lib/libg.a(lib_a-vfiprintf.o)
 .rodata.zeroes.7382
                0x000000000200f3e0       0x10 /opt/devkitpro/devkitARM/lib/gcc/arm-none-eabi/8.2.0/../../../../arm-none-eabi/lib/libg.a(lib_a-vfiprintf.o)
 .rodata._jp2uc.str1.4
                0x000000000200f3f0       0x12 /opt/devkitpro/devkitARM/lib/gcc/arm-none-eabi/8.2.0/../../../../arm-none-eabi/lib/libg.a(lib_a-jp2uc.o)
 *fill*         0x000000000200f402        0x2 ff
 .rodata.a1     0x000000000200f404       0xbc /opt/devkitpro/devkitARM/lib/gcc/arm-none-eabi/8.2.0/../../../../arm-none-eabi/lib/libg.a(lib_a-jp2uc.o)
 .rodata.a2     0x000000000200f4c0       0xbc /opt/devkitpro/devkitARM/lib/gcc/arm-none-eabi/8.2.0/../../../../arm-none-eabi/lib/libg.a(lib_a-jp2uc.o)
 .rodata.a3     0x000000000200f57c       0x5b /opt/devkitpro/devkitARM/lib/gcc/arm-none-eabi/8.2.0/../../../../arm-none-eabi/lib/libg.a(lib_a-jp2uc.o)
 *fill*         0x000000000200f5d7        0x1 ff
 .rodata.a6     0x000000000200f5d8       0x70 /opt/devkitpro/devkitARM/lib/gcc/arm-none-eabi/8.2.0/../../../../arm-none-eabi/lib/libg.a(lib_a-jp2uc.o)
 .rodata.a7     0x000000000200f648       0xa2 /opt/devkitpro/devkitARM/lib/gcc/arm-none-eabi/8.2.0/../../../../arm-none-eabi/lib/libg.a(lib_a-jp2uc.o)
 *fill*         0x000000000200f6ea        0x2 ff
 .rodata.a8     0x000000000200f6ec       0x40 /opt/devkitpro/devkitARM/lib/gcc/arm-none-eabi/8.2.0/../../../../arm-none-eabi/lib/libg.a(lib_a-jp2uc.o)
 .rodata.b02cf  0x000000000200f72c     0x172a /opt/devkitpro/devkitARM/lib/gcc/arm-none-eabi/8.2.0/../../../../arm-none-eabi/lib/libg.a(lib_a-jp2uc.o)
 *fill*         0x0000000002010e56        0x2 ff
 .rodata.d02f4  0x0000000002010e58     0x1a7c /opt/devkitpro/devkitARM/lib/gcc/arm-none-eabi/8.2.0/../../../../arm-none-eabi/lib/libg.a(lib_a-jp2uc.o)
 .rodata.str1.4
                0x00000000020128d4       0x48 /opt/devkitpro/devkitARM/lib/gcc/arm-none-eabi/8.2.0/../../../../arm-none-eabi/lib/libg.a(lib_a-locale.o)
                                         0x4c (size before relaxing)
 .rodata._mbrtowc_r.str1.4
                0x000000000201291c        0x1 /opt/devkitpro/devkitARM/lib/gcc/arm-none-eabi/8.2.0/../../../../arm-none-eabi/lib/libg.a(lib_a-mbrtowc.o)
 .rodata.__action_table
                0x000000000201291c       0x6c /opt/devkitpro/devkitARM/lib/gcc/arm-none-eabi/8.2.0/../../../../arm-none-eabi/lib/libg.a(lib_a-svfiprintf.o)
                0x000000000201291c                __action_table
 .rodata.__chclass
                0x0000000002012988      0x100 /opt/devkitpro/devkitARM/lib/gcc/arm-none-eabi/8.2.0/../../../../arm-none-eabi/lib/libg.a(lib_a-svfiprintf.o)
                0x0000000002012988                __chclass
 .rodata.__state_table
                0x0000000002012a88       0x6c /opt/devkitpro/devkitARM/lib/gcc/arm-none-eabi/8.2.0/../../../../arm-none-eabi/lib/libg.a(lib_a-svfiprintf.o)
                0x0000000002012a88                __state_table
 .rodata._ctype_
                0x0000000002012af4      0x101 /opt/devkitpro/devkitARM/lib/gcc/arm-none-eabi/8.2.0/../../../../arm-none-eabi/lib/libg.a(lib_a-ctype_.o)
                0x0000000002012af4                _ctype_
 *fill*         0x0000000002012bf5        0x3 ff
 .rodata.AddDevice.str1.4
                0x0000000002012bf8        0x8 /opt/devkitpro/devkitARM/lib/gcc/arm-none-eabi/8.2.0/../../../../arm-none-eabi/lib/libsysbase.a(iosupport.o)
 .rodata.dotab_stdnull
                0x0000000002012c00       0x70 /opt/devkitpro/devkitARM/lib/gcc/arm-none-eabi/8.2.0/../../../../arm-none-eabi/lib/libsysbase.a(iosupport.o)
                0x0000000002012c00                dotab_stdnull
 *(EXCLUDE_FILE(*.twl*) .gnu.linkonce.r*)
                0x0000000002012c70                . = ALIGN (0x4)

.ARM.extab
 *(.ARM.extab* .gnu.linkonce.armextab.*)
                0x0000000002012c70                __exidx_start = .

ARM.exidx
 *(.ARM.exidx* .gnu.linkonce.armexidx.*)
                0x0000000002012c70                __exidx_end = .
                0x0000000002012c70                . = ALIGN (0x4)
                0x0000000002012c70                PROVIDE (__preinit_array_start = .)

.preinit_array
 *(.preinit_array)
                0x0000000002012c70                PROVIDE (__preinit_array_end = .)
                0x0000000002012c70                PROVIDE (__init_array_start = .)

.init_array     0x0000000002012c70        0x4
 *(SORT_BY_NAME(.init_array.*))
 *(.init_array)
 .init_array    0x0000000002012c70        0x4 /opt/devkitpro/devkitARM/lib/gcc/arm-none-eabi/8.2.0/crtbegin.o
                0x0000000002012c74                PROVIDE (__init_array_end = .)
                [!provide]                        PROVIDE (__fini_array_start = .)

.fini_array     0x0000000002012c74        0x4
 *(.fini_array)
 .fini_array    0x0000000002012c74        0x4 /opt/devkitpro/devkitARM/lib/gcc/arm-none-eabi/8.2.0/crtbegin.o
 *(SORT_BY_NAME(.fini_array.*))
                [!provide]                        PROVIDE (__fini_array_end = .)

.ctors          0x0000000002012c78        0x0
 *crtbegin.o(.ctors)
 *(EXCLUDE_FILE(*crtend.o) .ctors)
 *(SORT_BY_NAME(.ctors.*))
 *(.ctors)
                0x0000000002012c78                . = ALIGN (0x4)

.dtors          0x0000000002012c78        0x0
 *crtbegin.o(.dtors)
 *(EXCLUDE_FILE(*crtend.o) .dtors)
 *(SORT_BY_NAME(.dtors.*))
 *(.dtors)
                0x0000000002012c78                . = ALIGN (0x4)

.eh_frame       0x0000000002012c78        0x4
 *(.eh_frame)
 .eh_frame      0x0000000002012c78        0x0 /opt/devkitpro/devkitARM/lib/gcc/arm-none-eabi/8.2.0/crtbegin.o
 .eh_frame      0x0000000002012c78        0x4 /opt/devkitpro/devkitARM/lib/gcc/arm-none-eabi/8.2.0/crtend.o
                0x0000000002012c7c                . = ALIGN (0x4)

.rel.dyn        0x0000000002012c7c        0x0
 .rel.iplt      0x0000000002012c7c        0x0 /opt/devkitpro/devkitARM/lib/gcc/arm-none-eabi/8.2.0/../../../../arm-none-eabi/lib/ds_arm9_crt0.o

.gcc_except_table
                0x0000000002012c7c        0x0
 *(.gcc_except_table)
                0x0000000002012c7c                . = ALIGN (0x4)

.jcr
 *(.jcr)

.got
 *(.got.plt)
 *(.got)
 *(.rel.got)

.ewram          0x0000000002012c7c        0x0
                0x0000000002012c7c                __ewram_start = ABSOLUTE (.)
 *(.ewram)
 *ewram.*(.text)
                0x0000000002012c7c                . = ALIGN (0x4)

.data           0x0000000002012c7c     0x1bb8
                0x0000000002012c7c                __data_start = ABSOLUTE (.)
 *(EXCLUDE_FILE(*.twl*) .data)
 .data          0x0000000002012c7c       0x28 /opt/devkitpro/libnds/lib/libnds9.a(mpu_setup.o)
 *(EXCLUDE_FILE(*.twl*) .data.*)
 .data.bgControl
                0x0000000002012ca4       0x20 /opt/devkitpro/libnds/lib/libnds9.a(background.o)
                0x0000000002012ca4                bgControl
 .data.bgScrollTable
                0x0000000002012cc4       0x20 /opt/devkitpro/libnds/lib/libnds9.a(background.o)
                0x0000000002012cc4                bgScrollTable
 .data.bgTransform
                0x0000000002012ce4       0x20 /opt/devkitpro/libnds/lib/libnds9.a(background.o)
                0x0000000002012ce4                bgTransform
 .data.currentConsole
                0x0000000002012d04        0x4 /opt/devkitpro/libnds/lib/libnds9.a(console.o)
                0x0000000002012d04                currentConsole
 .data.defaultConsole
                0x0000000002012d08       0x5c /opt/devkitpro/libnds/lib/libnds9.a(console.o)
                0x0000000002012d08                defaultConsole
 .data.firstConsoleInit.6769
                0x0000000002012d64        0x1 /opt/devkitpro/libnds/lib/libnds9.a(console.o)
 *fill*         0x0000000002012d65        0x3 ff
 .data.fifo_buffer_free
                0x0000000002012d68        0x4 /opt/devkitpro/libnds/lib/libnds9.a(fifosystem.o)
                0x0000000002012d68                fifo_buffer_free
 .data.fifo_freewords
                0x0000000002012d6c        0x4 /opt/devkitpro/libnds/lib/libnds9.a(fifosystem.o)
                0x0000000002012d6c                fifo_freewords
 .data.fifo_receive_queue
                0x0000000002012d70        0x4 /opt/devkitpro/libnds/lib/libnds9.a(fifosystem.o)
                0x0000000002012d70                fifo_receive_queue
 .data.fifo_send_queue
                0x0000000002012d74        0x4 /opt/devkitpro/libnds/lib/libnds9.a(fifosystem.o)
                0x0000000002012d74                fifo_send_queue
 .data.__sfp_recursive_mutex
                0x0000000002012d78        0xc /opt/devkitpro/devkitARM/lib/gcc/arm-none-eabi/8.2.0/../../../../arm-none-eabi/lib/libg.a(lib_a-findfp.o)
 .data.__sinit_recursive_mutex
                0x0000000002012d84        0xc /opt/devkitpro/devkitARM/lib/gcc/arm-none-eabi/8.2.0/../../../../arm-none-eabi/lib/libg.a(lib_a-findfp.o)
 .data._impure_ptr
                0x0000000002012d90        0x4 /opt/devkitpro/devkitARM/lib/gcc/arm-none-eabi/8.2.0/../../../../arm-none-eabi/lib/libg.a(lib_a-impure.o)
                0x0000000002012d90                _impure_ptr
 *fill*         0x0000000002012d94        0x4 ff
 .data.impure_data
                0x0000000002012d98      0x460 /opt/devkitpro/devkitARM/lib/gcc/arm-none-eabi/8.2.0/../../../../arm-none-eabi/lib/libg.a(lib_a-impure.o)
 .data.__global_locale
                0x00000000020131f8      0x16c /opt/devkitpro/devkitARM/lib/gcc/arm-none-eabi/8.2.0/../../../../arm-none-eabi/lib/libg.a(lib_a-locale.o)
                0x00000000020131f8                __global_locale
 .data.__malloc_av_
                0x0000000002013364      0x408 /opt/devkitpro/devkitARM/lib/gcc/arm-none-eabi/8.2.0/../../../../arm-none-eabi/lib/libg.a(lib_a-mallocr.o)
                0x0000000002013364                __malloc_av_
 .data.__malloc_sbrk_base
                0x000000000201376c        0x4 /opt/devkitpro/devkitARM/lib/gcc/arm-none-eabi/8.2.0/../../../../arm-none-eabi/lib/libg.a(lib_a-mallocr.o)
                0x000000000201376c                __malloc_sbrk_base
 .data.__malloc_trim_threshold
                0x0000000002013770        0x4 /opt/devkitpro/devkitARM/lib/gcc/arm-none-eabi/8.2.0/../../../../arm-none-eabi/lib/libg.a(lib_a-mallocr.o)
                0x0000000002013770                __malloc_trim_threshold
 .data.__malloc_recursive_mutex
                0x0000000002013774        0xc /opt/devkitpro/devkitARM/lib/gcc/arm-none-eabi/8.2.0/../../../../arm-none-eabi/lib/libg.a(lib_a-mlock.o)
 .data.devoptab_list
                0x0000000002013780       0x8c /opt/devkitpro/devkitARM/lib/gcc/arm-none-eabi/8.2.0/../../../../arm-none-eabi/lib/libsysbase.a(iosupport.o)
                0x0000000002013780                devoptab_list
 .data.__hndl_lock
                0x000000000201380c        0x4 /opt/devkitpro/devkitARM/lib/gcc/arm-none-eabi/8.2.0/../../../../arm-none-eabi/lib/libsysbase.a(handle_manager.o)
 .data.__stderr_handle
                0x0000000002013810        0xc /opt/devkitpro/devkitARM/lib/gcc/arm-none-eabi/8.2.0/../../../../arm-none-eabi/lib/libsysbase.a(handle_manager.o)
 .data.__stdin_handle
                0x000000000201381c        0xc /opt/devkitpro/devkitARM/lib/gcc/arm-none-eabi/8.2.0/../../../../arm-none-eabi/lib/libsysbase.a(handle_manager.o)
 .data.__stdout_handle
                0x0000000002013828        0xc /opt/devkitpro/devkitARM/lib/gcc/arm-none-eabi/8.2.0/../../../../arm-none-eabi/lib/libsysbase.a(handle_manager.o)
 .data.handles  0x0000000002013834     0x1000 /opt/devkitpro/devkitARM/lib/gcc/arm-none-eabi/8.2.0/../../../../arm-none-eabi/lib/libsysbase.a(handle_manager.o)
 *(EXCLUDE_FILE(*.twl*) .gnu.linkonce.d*)
                0x0000000002014834                . = ALIGN (0x4)
                0x0000000002014834                __data_end = ABSOLUTE (.)
                0x0000000002014834                __bss_vma = .

.igot.plt       0x0000000002014834        0x0
 .igot.plt      0x0000000002014834        0x0 /opt/devkitpro/devkitARM/lib/gcc/arm-none-eabi/8.2.0/../../../../arm-none-eabi/lib/ds_arm9_crt0.o

.tm_clone_table
                0x0000000002014834        0x0
 .tm_clone_table
                0x0000000002014834        0x0 /opt/devkitpro/devkitARM/lib/gcc/arm-none-eabi/8.2.0/crtbegin.o
 .tm_clone_table
                0x0000000002014834        0x0 /opt/devkitpro/devkitARM/lib/gcc/arm-none-eabi/8.2.0/crtend.o

.dtcm           0x000000000b000000        0x0 load address 0x0000000002014834
                0x0000000002014834                __dtcm_lma = LOADADDR (.dtcm)
                0x000000000b000000                __dtcm_start = ABSOLUTE (.)
 *(.dtcm)
 *(.dtcm.*)
                0x000000000b000000                . = ALIGN (0x4)
                0x000000000b000000                __dtcm_end = ABSOLUTE (.)

.itcm           0x0000000001000100      0x194 load address 0x0000000002014834
                0x0000000002014834                __itcm_lma = LOADADDR (.itcm)
                0x0000000001000100                __itcm_start = ABSOLUTE (.)
 *(.itcm)
 .itcm          0x0000000001000100       0xc8 /opt/devkitpro/libnds/lib/libnds9.a(interrupts.o)
                0x0000000001000100                irqTable
 .itcm          0x00000000010001c8       0xcc /opt/devkitpro/libnds/lib/libnds9.a(interruptDispatcher.o)
                0x00000000010001c8                IntrMain
 *.itcm*(.text .stub .text.*)
                0x0000000001000294                . = ALIGN (0x4)
                0x0000000001000294                __itcm_end = ABSOLUTE (.)

.vectors        0x0000000001000000        0x0 load address 0x00000000020149c8
                0x00000000020149c8                __vectors_lma = LOADADDR (.vectors)
                0x0000000001000000                __vectors_start = ABSOLUTE (.)
 *(.vectors .vectors.*)
                0x0000000001000000                . = ALIGN (0x4)
                0x0000000001000000                __vectors_end = ABSOLUTE (.)

.sbss           0x000000000b000000        0x0
                0x000000000b000000                __sbss_start = ABSOLUTE (.)
                0x000000000b000000                __sbss_start__ = ABSOLUTE (.)
 *(.sbss)
                0x000000000b000000                . = ALIGN (0x4)
                0x000000000b000000                __sbss_end = ABSOLUTE (.)

.bss            0x0000000002014834      0xc98
                0x0000000002014834                __bss_start = ABSOLUTE (.)
                0x0000000002014834                __bss_start__ = ABSOLUTE (.)
 *(EXCLUDE_FILE(*.twl*) .dynbss)
 *(EXCLUDE_FILE(*.twl*) .gnu.linkonce.b*)
 *(EXCLUDE_FILE(*.twl*) .bss*)
 .bss.completed.9039
                0x0000000002014834        0x1 /opt/devkitpro/devkitARM/lib/gcc/arm-none-eabi/8.2.0/crtbegin.o
 *fill*         0x0000000002014835        0x3 
 .bss.object.9044
                0x0000000002014838       0x18 /opt/devkitpro/devkitARM/lib/gcc/arm-none-eabi/8.2.0/crtbegin.o
 .bss.processing
                0x0000000002014850        0x4 /opt/devkitpro/libnds/lib/libnds9.a(fifosystem.o)
                0x0000000002014850                processing
 .bss.SDcallback
                0x0000000002014854        0x4 /opt/devkitpro/libnds/lib/libnds9.a(system.o)
 .bss.__malloc_current_mallinfo
                0x0000000002014858       0x28 /opt/devkitpro/devkitARM/lib/gcc/arm-none-eabi/8.2.0/../../../../arm-none-eabi/lib/libg.a(lib_a-mallocr.o)
                0x0000000002014858                __malloc_current_mallinfo
 .bss.__malloc_max_sbrked_mem
                0x0000000002014880        0x4 /opt/devkitpro/devkitARM/lib/gcc/arm-none-eabi/8.2.0/../../../../arm-none-eabi/lib/libg.a(lib_a-mallocr.o)
                0x0000000002014880                __malloc_max_sbrked_mem
 .bss.__malloc_max_total_mem
                0x0000000002014884        0x4 /opt/devkitpro/devkitARM/lib/gcc/arm-none-eabi/8.2.0/../../../../arm-none-eabi/lib/libg.a(lib_a-mallocr.o)
                0x0000000002014884                __malloc_max_total_mem
 .bss.__malloc_top_pad
                0x0000000002014888        0x4 /opt/devkitpro/devkitARM/lib/gcc/arm-none-eabi/8.2.0/../../../../arm-none-eabi/lib/libg.a(lib_a-mallocr.o)
                0x0000000002014888                __malloc_top_pad
 .bss.heap_start.6085
                0x000000000201488c        0x4 /opt/devkitpro/devkitARM/lib/gcc/arm-none-eabi/8.2.0/../../../../arm-none-eabi/lib/libsysbase.a(sbrk.o)
 .bss.fake_heap_end
                0x0000000002014890        0x4 /opt/devkitpro/devkitARM/lib/gcc/arm-none-eabi/8.2.0/../../../../arm-none-eabi/lib/libsysbase.a(malloc_vars.o)
                0x0000000002014890                fake_heap_end
 .bss.fake_heap_start
                0x0000000002014894        0x4 /opt/devkitpro/devkitARM/lib/gcc/arm-none-eabi/8.2.0/../../../../arm-none-eabi/lib/libsysbase.a(malloc_vars.o)
                0x0000000002014894                fake_heap_start
 .bss.__syscalls
                0x0000000002014898       0x48 /opt/devkitpro/devkitARM/lib/gcc/arm-none-eabi/8.2.0/../../../../arm-none-eabi/lib/libsysbase.a(syscall_support.o)
                0x0000000002014898                __syscalls
 *(EXCLUDE_FILE(*.twl*) COMMON)
 COMMON         0x00000000020148e0      0x148 /opt/devkitpro/libnds/lib/libnds9.a(background.o)
                0x00000000020148e0                bgState
                0x0000000002014a20                bgIsTextLut
 COMMON         0x0000000002014a28       0x5c /opt/devkitpro/libnds/lib/libnds9.a(console.o)
                0x0000000002014a28                currentCopy
 COMMON         0x0000000002014a84        0x1 /opt/devkitpro/libnds/lib/libnds9.a(initSystem.o)
                0x0000000002014a84                __dsimode
 *fill*         0x0000000002014a85        0x3 
 COMMON         0x0000000002014a88        0x4 /opt/devkitpro/libnds/lib/libnds9.a(timeSupport.o)
                0x0000000002014a88                punixTime
 COMMON         0x0000000002014a8c      0xa40 /opt/devkitpro/libnds/lib/libnds9.a(fifosystem.o)
                0x0000000002014a8c                fifo_datamsg_data
                0x0000000002014acc                fifo_buffer
                0x00000000020152cc                fifo_value32_func
                0x000000000201530c                fifo_address_func
                0x000000000201534c                fifo_value32_data
                0x000000000201538c                fifo_value32_queue
                0x00000000020153cc                fifo_data_queue
                0x000000000201540c                fifo_address_data
                0x000000000201544c                fifo_datamsg_func
                0x000000000201548c                fifo_address_queue
                0x00000000020154cc                . = ALIGN (0x4)
                0x00000000020154cc                __bss_end__ = ABSOLUTE (.)
                0x00000000020154cc                __end__ = ABSOLUTE (.)

.twl            0x00000000020154cc        0x0 load address 0x0000000002400000
                0x0000000002400000                __arm9i_lma__ = LOADADDR (.twl)
                0x00000000020154cc                __arm9i_start__ = ABSOLUTE (.)
 *(.twl)
 *.twl*(.text .stub .text.* .gnu.linkonce.t.*)
 *.twl*(.rodata)
 *.twl*(.roda)
 *.twl*(.rodata.*)
 *.twl*(.data)
 *.twl*(.data.*)
 *.twl*(.gnu.linkonce.d*)
                0x00000000020154cc                __arm9i_end__ = ABSOLUTE (.)

.twl_bss        0x00000000020154cc        0x0
                0x00000000020154cc                __twl_bss_start__ = ABSOLUTE (.)
 *(.twl_bss)
 *.twl*(.dynbss)
 *.twl*(.gnu.linkonce.b*)
 *.twl*(.bss*)
 *.twl*(COMMON)
                0x00000000020154cc                . = ALIGN (0x4)
                0x00000000020154cc                __twl_bss_end__ = ABSOLUTE (.)
                0x00000000020154cc                __twl_end__ = ABSOLUTE (.)

.stab
 *(.stab)

.stabstr
 *(.stabstr)

.stab.excl
 *(.stab.excl)

.stab.exclstr
 *(.stab.exclstr)

.stab.index
 *(.stab.index)

.stab.indexstr
 *(.stab.indexstr)

.comment        0x0000000000000000       0x44
 *(.comment)
 .comment       0x0000000000000000       0x22 /opt/devkitpro/devkitARM/lib/gcc/arm-none-eabi/8.2.0/crtbegin.o
                                         0x23 (size before relaxing)
 .comment       0x0000000000000022       0x23 main.o
 .comment       0x0000000000000022       0x22 /opt/devkitpro/libnds/lib/libnds9.a(background.o)
                                         0x23 (size before relaxing)
 .comment       0x0000000000000044       0x23 /opt/devkitpro/libnds/lib/libnds9.a(sassert.o)
 .comment       0x0000000000000044       0x23 /opt/devkitpro/libnds/lib/libnds9.a(console.o)
 .comment       0x0000000000000044       0x23 /opt/devkitpro/libnds/lib/libnds9.a(trig.o)
 .comment       0x0000000000000044       0x23 /opt/devkitpro/libnds/lib/libnds9.a(initSystem.o)
 .comment       0x0000000000000044       0x23 /opt/devkitpro/libnds/lib/libnds9.a(timeSupport.o)
 .comment       0x0000000000000044       0x23 /opt/devkitpro/libnds/lib/libnds9.a(securearea.o)
 .comment       0x0000000000000044       0x23 /opt/devkitpro/libnds/lib/libnds9.a(interrupts.o)
 .comment       0x0000000000000044       0x23 /opt/devkitpro/libnds/lib/libnds9.a(libnds_exit.arm.o)
 .comment       0x0000000000000044       0x23 /opt/devkitpro/libnds/lib/libnds9.a(fifosystem.o)
 .comment       0x0000000000000044       0x23 /opt/devkitpro/libnds/lib/libnds9.a(video.o)
 .comment       0x0000000000000044       0x23 /opt/devkitpro/libnds/lib/libnds9.a(system.o)
 .comment       0x0000000000000044       0x23 /opt/devkitpro/devkitARM/lib/gcc/arm-none-eabi/8.2.0/../../../../arm-none-eabi/lib/libg.a(lib_a-init.o)
 .comment       0x0000000000000044       0x23 /opt/devkitpro/devkitARM/lib/gcc/arm-none-eabi/8.2.0/../../../../arm-none-eabi/lib/libg.a(lib_a-iprintf.o)
 .comment       0x0000000000000044       0x23 /opt/devkitpro/devkitARM/lib/gcc/arm-none-eabi/8.2.0/../../../../arm-none-eabi/lib/libg.a(lib_a-memcpy-stub.o)
 .comment       0x0000000000000044       0x23 /opt/devkitpro/devkitARM/lib/gcc/arm-none-eabi/8.2.0/../../../../arm-none-eabi/lib/libg.a(lib_a-memset.o)
 .comment       0x0000000000000044       0x23 /opt/devkitpro/devkitARM/lib/gcc/arm-none-eabi/8.2.0/../../../../arm-none-eabi/lib/libg.a(lib_a-puts.o)
 .comment       0x0000000000000044       0x23 /opt/devkitpro/devkitARM/lib/gcc/arm-none-eabi/8.2.0/../../../../arm-none-eabi/lib/libg.a(lib_a-setvbuf.o)
 .comment       0x0000000000000044       0x23 /opt/devkitpro/devkitARM/lib/gcc/arm-none-eabi/8.2.0/../../../../arm-none-eabi/lib/libg.a(lib_a-siscanf.o)
 .comment       0x0000000000000044       0x23 /opt/devkitpro/devkitARM/lib/gcc/arm-none-eabi/8.2.0/../../../../arm-none-eabi/lib/libg.a(lib_a-stdio.o)
 .comment       0x0000000000000044       0x23 /opt/devkitpro/devkitARM/lib/gcc/arm-none-eabi/8.2.0/../../../../arm-none-eabi/lib/libg.a(lib_a-strlen-stub.o)
 .comment       0x0000000000000044       0x23 /opt/devkitpro/devkitARM/lib/gcc/arm-none-eabi/8.2.0/../../../../arm-none-eabi/lib/libg.a(lib_a-svfiscanf.o)
 .comment       0x0000000000000044       0x23 /opt/devkitpro/devkitARM/lib/gcc/arm-none-eabi/8.2.0/../../../../arm-none-eabi/lib/libg.a(lib_a-ungetc.o)
 .comment       0x0000000000000044       0x23 /opt/devkitpro/devkitARM/lib/gcc/arm-none-eabi/8.2.0/../../../../arm-none-eabi/lib/libg.a(lib_a-vfiprintf.o)
 .comment       0x0000000000000044       0x23 /opt/devkitpro/devkitARM/lib/gcc/arm-none-eabi/8.2.0/../../../../arm-none-eabi/lib/libg.a(lib_a-viprintf.o)
 .comment       0x0000000000000044       0x23 /opt/devkitpro/devkitARM/lib/gcc/arm-none-eabi/8.2.0/../../../../arm-none-eabi/lib/libg.a(lib_a-wcrtomb.o)
 .comment       0x0000000000000044       0x23 /opt/devkitpro/devkitARM/lib/gcc/arm-none-eabi/8.2.0/../../../../arm-none-eabi/lib/libg.a(lib_a-wcsrtombs.o)
 .comment       0x0000000000000044       0x23 /opt/devkitpro/devkitARM/lib/gcc/arm-none-eabi/8.2.0/../../../../arm-none-eabi/lib/libg.a(lib_a-wsetup.o)
 .comment       0x0000000000000044       0x23 /opt/devkitpro/devkitARM/lib/gcc/arm-none-eabi/8.2.0/../../../../arm-none-eabi/lib/libg.a(lib_a-fflush.o)
 .comment       0x0000000000000044       0x23 /opt/devkitpro/devkitARM/lib/gcc/arm-none-eabi/8.2.0/../../../../arm-none-eabi/lib/libg.a(lib_a-findfp.o)
 .comment       0x0000000000000044       0x23 /opt/devkitpro/devkitARM/lib/gcc/arm-none-eabi/8.2.0/../../../../arm-none-eabi/lib/libg.a(lib_a-freer.o)
 .comment       0x0000000000000044       0x23 /opt/devkitpro/devkitARM/lib/gcc/arm-none-eabi/8.2.0/../../../../arm-none-eabi/lib/libg.a(lib_a-fvwrite.o)
 .comment       0x0000000000000044       0x23 /opt/devkitpro/devkitARM/lib/gcc/arm-none-eabi/8.2.0/../../../../arm-none-eabi/lib/libg.a(lib_a-fwalk.o)
 .comment       0x0000000000000044       0x23 /opt/devkitpro/devkitARM/lib/gcc/arm-none-eabi/8.2.0/../../../../arm-none-eabi/lib/libg.a(lib_a-impure.o)
 .comment       0x0000000000000044       0x23 /opt/devkitpro/devkitARM/lib/gcc/arm-none-eabi/8.2.0/../../../../arm-none-eabi/lib/libg.a(lib_a-iswspace.o)
 .comment       0x0000000000000044       0x23 /opt/devkitpro/devkitARM/lib/gcc/arm-none-eabi/8.2.0/../../../../arm-none-eabi/lib/libg.a(lib_a-jp2uc.o)
 .comment       0x0000000000000044       0x23 /opt/devkitpro/devkitARM/lib/gcc/arm-none-eabi/8.2.0/../../../../arm-none-eabi/lib/libg.a(lib_a-localeconv.o)
 .comment       0x0000000000000044       0x23 /opt/devkitpro/devkitARM/lib/gcc/arm-none-eabi/8.2.0/../../../../arm-none-eabi/lib/libg.a(lib_a-locale.o)
 .comment       0x0000000000000044       0x23 /opt/devkitpro/devkitARM/lib/gcc/arm-none-eabi/8.2.0/../../../../arm-none-eabi/lib/libg.a(lib_a-makebuf.o)
 .comment       0x0000000000000044       0x23 /opt/devkitpro/devkitARM/lib/gcc/arm-none-eabi/8.2.0/../../../../arm-none-eabi/lib/libg.a(lib_a-malloc.o)
 .comment       0x0000000000000044       0x23 /opt/devkitpro/devkitARM/lib/gcc/arm-none-eabi/8.2.0/../../../../arm-none-eabi/lib/libg.a(lib_a-mallocr.o)
 .comment       0x0000000000000044       0x23 /opt/devkitpro/devkitARM/lib/gcc/arm-none-eabi/8.2.0/../../../../arm-none-eabi/lib/libg.a(lib_a-mbrtowc.o)
 .comment       0x0000000000000044       0x23 /opt/devkitpro/devkitARM/lib/gcc/arm-none-eabi/8.2.0/../../../../arm-none-eabi/lib/libg.a(lib_a-mbtowc_r.o)
 .comment       0x0000000000000044       0x23 /opt/devkitpro/devkitARM/lib/gcc/arm-none-eabi/8.2.0/../../../../arm-none-eabi/lib/libg.a(lib_a-memchr-stub.o)
 .comment       0x0000000000000044       0x23 /opt/devkitpro/devkitARM/lib/gcc/arm-none-eabi/8.2.0/../../../../arm-none-eabi/lib/libg.a(lib_a-memmove.o)
 .comment       0x0000000000000044       0x23 /opt/devkitpro/devkitARM/lib/gcc/arm-none-eabi/8.2.0/../../../../arm-none-eabi/lib/libg.a(lib_a-mlock.o)
 .comment       0x0000000000000044       0x23 /opt/devkitpro/devkitARM/lib/gcc/arm-none-eabi/8.2.0/../../../../arm-none-eabi/lib/libg.a(lib_a-realloc.o)
 .comment       0x0000000000000044       0x23 /opt/devkitpro/devkitARM/lib/gcc/arm-none-eabi/8.2.0/../../../../arm-none-eabi/lib/libg.a(lib_a-reallocr.o)
 .comment       0x0000000000000044       0x23 /opt/devkitpro/devkitARM/lib/gcc/arm-none-eabi/8.2.0/../../../../arm-none-eabi/lib/libg.a(lib_a-sccl.o)
 .comment       0x0000000000000044       0x23 /opt/devkitpro/devkitARM/lib/gcc/arm-none-eabi/8.2.0/../../../../arm-none-eabi/lib/libg.a(lib_a-strncpy.o)
 .comment       0x0000000000000044       0x23 /opt/devkitpro/devkitARM/lib/gcc/arm-none-eabi/8.2.0/../../../../arm-none-eabi/lib/libg.a(lib_a-strtoll.o)
 .comment       0x0000000000000044       0x23 /opt/devkitpro/devkitARM/lib/gcc/arm-none-eabi/8.2.0/../../../../arm-none-eabi/lib/libg.a(lib_a-strtol.o)
 .comment       0x0000000000000044       0x23 /opt/devkitpro/devkitARM/lib/gcc/arm-none-eabi/8.2.0/../../../../arm-none-eabi/lib/libg.a(lib_a-strtoull.o)
 .comment       0x0000000000000044       0x23 /opt/devkitpro/devkitARM/lib/gcc/arm-none-eabi/8.2.0/../../../../arm-none-eabi/lib/libg.a(lib_a-strtoul.o)
 .comment       0x0000000000000044       0x23 /opt/devkitpro/devkitARM/lib/gcc/arm-none-eabi/8.2.0/../../../../arm-none-eabi/lib/libg.a(lib_a-svfiprintf.o)
 .comment       0x0000000000000044       0x23 /opt/devkitpro/devkitARM/lib/gcc/arm-none-eabi/8.2.0/../../../../arm-none-eabi/lib/libg.a(lib_a-wcsnrtombs.o)
 .comment       0x0000000000000044       0x23 /opt/devkitpro/devkitARM/lib/gcc/arm-none-eabi/8.2.0/../../../../arm-none-eabi/lib/libg.a(lib_a-wctomb_r.o)
 .comment       0x0000000000000044       0x23 /opt/devkitpro/devkitARM/lib/gcc/arm-none-eabi/8.2.0/../../../../arm-none-eabi/lib/libg.a(lib_a-ctype_.o)
 .comment       0x0000000000000044       0x23 /opt/devkitpro/devkitARM/lib/gcc/arm-none-eabi/8.2.0/../../../../arm-none-eabi/lib/libg.a(lib_a-fclose.o)
 .comment       0x0000000000000044       0x23 /opt/devkitpro/devkitARM/lib/gcc/arm-none-eabi/8.2.0/../../../../arm-none-eabi/lib/libsysbase.a(iosupport.o)
 .comment       0x0000000000000044       0x23 /opt/devkitpro/devkitARM/lib/gcc/arm-none-eabi/8.2.0/../../../../arm-none-eabi/lib/libsysbase.a(close.o)
 .comment       0x0000000000000044       0x23 /opt/devkitpro/devkitARM/lib/gcc/arm-none-eabi/8.2.0/../../../../arm-none-eabi/lib/libsysbase.a(fstat.o)
 .comment       0x0000000000000044       0x23 /opt/devkitpro/devkitARM/lib/gcc/arm-none-eabi/8.2.0/../../../../arm-none-eabi/lib/libsysbase.a(isatty.o)
 .comment       0x0000000000000044       0x23 /opt/devkitpro/devkitARM/lib/gcc/arm-none-eabi/8.2.0/../../../../arm-none-eabi/lib/libsysbase.a(lseek.o)
 .comment       0x0000000000000044       0x23 /opt/devkitpro/devkitARM/lib/gcc/arm-none-eabi/8.2.0/../../../../arm-none-eabi/lib/libsysbase.a(read.o)
 .comment       0x0000000000000044       0x23 /opt/devkitpro/devkitARM/lib/gcc/arm-none-eabi/8.2.0/../../../../arm-none-eabi/lib/libsysbase.a(sbrk.o)
 .comment       0x0000000000000044       0x23 /opt/devkitpro/devkitARM/lib/gcc/arm-none-eabi/8.2.0/../../../../arm-none-eabi/lib/libsysbase.a(write.o)
 .comment       0x0000000000000044       0x23 /opt/devkitpro/devkitARM/lib/gcc/arm-none-eabi/8.2.0/../../../../arm-none-eabi/lib/libsysbase.a(malloc_vars.o)
 .comment       0x0000000000000044       0x23 /opt/devkitpro/devkitARM/lib/gcc/arm-none-eabi/8.2.0/../../../../arm-none-eabi/lib/libsysbase.a(build_argv.o)
 .comment       0x0000000000000044       0x23 /opt/devkitpro/devkitARM/lib/gcc/arm-none-eabi/8.2.0/../../../../arm-none-eabi/lib/libsysbase.a(flock.o)
 .comment       0x0000000000000044       0x23 /opt/devkitpro/devkitARM/lib/gcc/arm-none-eabi/8.2.0/../../../../arm-none-eabi/lib/libsysbase.a(syscall_support.o)
 .comment       0x0000000000000044       0x23 /opt/devkitpro/devkitARM/lib/gcc/arm-none-eabi/8.2.0/../../../../arm-none-eabi/lib/libsysbase.a(handle_manager.o)
 .comment       0x0000000000000044       0x23 /opt/devkitpro/devkitARM/lib/gcc/arm-none-eabi/8.2.0/../../../../arm-none-eabi/lib/libsysbase.a(getreent.o)
 .comment       0x0000000000000044       0x23 /opt/devkitpro/devkitARM/lib/gcc/arm-none-eabi/8.2.0/libgcc.a(_udivmoddi4.o)
 .comment       0x0000000000000044       0x23 /opt/devkitpro/devkitARM/lib/gcc/arm-none-eabi/8.2.0/crtend.o

.ARM.attributes
                0x0000000000000000       0x2d
 .ARM.attributes
                0x0000000000000000       0x21 /opt/devkitpro/devkitARM/lib/gcc/arm-none-eabi/8.2.0/../../../../arm-none-eabi/lib/ds_arm9_crt0.o
 .ARM.attributes
                0x0000000000000021       0x1c /opt/devkitpro/devkitARM/lib/gcc/arm-none-eabi/8.2.0/crti.o
 .ARM.attributes
                0x000000000000003d       0x2a /opt/devkitpro/devkitARM/lib/gcc/arm-none-eabi/8.2.0/crtbegin.o
 .ARM.attributes
                0x0000000000000067       0x1b gfx_gradient.o
 .ARM.attributes
                0x0000000000000082       0x1b gfx_brick.o
 .ARM.attributes
                0x000000000000009d       0x2b main.o
 .ARM.attributes
                0x00000000000000c8       0x2b /opt/devkitpro/libnds/lib/libnds9.a(background.o)
 .ARM.attributes
                0x00000000000000f3       0x2b /opt/devkitpro/libnds/lib/libnds9.a(sassert.o)
 .ARM.attributes
                0x000000000000011e       0x2b /opt/devkitpro/libnds/lib/libnds9.a(console.o)
 .ARM.attributes
                0x0000000000000149       0x2b /opt/devkitpro/libnds/lib/libnds9.a(trig.o)
 .ARM.attributes
                0x0000000000000174       0x2b /opt/devkitpro/libnds/lib/libnds9.a(initSystem.o)
 .ARM.attributes
                0x000000000000019f       0x2b /opt/devkitpro/libnds/lib/libnds9.a(timeSupport.o)
 .ARM.attributes
                0x00000000000001ca       0x2b /opt/devkitpro/libnds/lib/libnds9.a(securearea.o)
 .ARM.attributes
                0x00000000000001f5       0x2b /opt/devkitpro/libnds/lib/libnds9.a(interrupts.o)
 .ARM.attributes
                0x0000000000000220       0x2b /opt/devkitpro/libnds/lib/libnds9.a(libnds_exit.arm.o)
 .ARM.attributes
                0x000000000000024b       0x2b /opt/devkitpro/libnds/lib/libnds9.a(fifosystem.o)
 .ARM.attributes
                0x0000000000000276       0x21 /opt/devkitpro/libnds/lib/libnds9.a(mpu_setup.o)
 .ARM.attributes
                0x0000000000000297       0x21 /opt/devkitpro/libnds/lib/libnds9.a(IntrWait.o)
 .ARM.attributes
                0x00000000000002b8       0x21 /opt/devkitpro/libnds/lib/libnds9.a(cpu_clock.o)
 .ARM.attributes
                0x00000000000002d9       0x1b /opt/devkitpro/libnds/lib/libnds9.a(interruptDispatcher.o)
 .ARM.attributes
                0x00000000000002f4       0x21 /opt/devkitpro/libnds/lib/libnds9.a(swiSoftReset.o)
 .ARM.attributes
                0x0000000000000315       0x14 /opt/devkitpro/libnds/lib/libnds9.a(default_font.bin.o)
 .ARM.attributes
                0x0000000000000329       0x2b /opt/devkitpro/libnds/lib/libnds9.a(video.o)
 .ARM.attributes
                0x0000000000000354       0x2b /opt/devkitpro/libnds/lib/libnds9.a(system.o)
 .ARM.attributes
                0x000000000000037f       0x1b /opt/devkitpro/libnds/lib/libnds9.a(biosCalls.o)
 .ARM.attributes
                0x000000000000039a       0x1c /opt/devkitpro/devkitARM/lib/gcc/arm-none-eabi/8.2.0/libgcc.a(_divsi3.o)
 .ARM.attributes
                0x00000000000003b6       0x1c /opt/devkitpro/devkitARM/lib/gcc/arm-none-eabi/8.2.0/libgcc.a(_dvmd_tls.o)
 .ARM.attributes
                0x00000000000003d2       0x2a /opt/devkitpro/devkitARM/lib/gcc/arm-none-eabi/8.2.0/../../../../arm-none-eabi/lib/libg.a(lib_a-init.o)
 .ARM.attributes
                0x00000000000003fc       0x2a /opt/devkitpro/devkitARM/lib/gcc/arm-none-eabi/8.2.0/../../../../arm-none-eabi/lib/libg.a(lib_a-iprintf.o)
 .ARM.attributes
                0x0000000000000426       0x2a /opt/devkitpro/devkitARM/lib/gcc/arm-none-eabi/8.2.0/../../../../arm-none-eabi/lib/libg.a(lib_a-memcpy-stub.o)
 .ARM.attributes
                0x0000000000000450       0x2a /opt/devkitpro/devkitARM/lib/gcc/arm-none-eabi/8.2.0/../../../../arm-none-eabi/lib/libg.a(lib_a-memset.o)
 .ARM.attributes
                0x000000000000047a       0x2a /opt/devkitpro/devkitARM/lib/gcc/arm-none-eabi/8.2.0/../../../../arm-none-eabi/lib/libg.a(lib_a-puts.o)
 .ARM.attributes
                0x00000000000004a4       0x2a /opt/devkitpro/devkitARM/lib/gcc/arm-none-eabi/8.2.0/../../../../arm-none-eabi/lib/libg.a(lib_a-setvbuf.o)
 .ARM.attributes
                0x00000000000004ce       0x2a /opt/devkitpro/devkitARM/lib/gcc/arm-none-eabi/8.2.0/../../../../arm-none-eabi/lib/libg.a(lib_a-siscanf.o)
 .ARM.attributes
                0x00000000000004f8       0x2a /opt/devkitpro/devkitARM/lib/gcc/arm-none-eabi/8.2.0/../../../../arm-none-eabi/lib/libg.a(lib_a-stdio.o)
 .ARM.attributes
                0x0000000000000522       0x2a /opt/devkitpro/devkitARM/lib/gcc/arm-none-eabi/8.2.0/../../../../arm-none-eabi/lib/libg.a(lib_a-strlen-stub.o)
 .ARM.attributes
                0x000000000000054c       0x2a /opt/devkitpro/devkitARM/lib/gcc/arm-none-eabi/8.2.0/../../../../arm-none-eabi/lib/libg.a(lib_a-svfiscanf.o)
 .ARM.attributes
                0x0000000000000576       0x2a /opt/devkitpro/devkitARM/lib/gcc/arm-none-eabi/8.2.0/../../../../arm-none-eabi/lib/libg.a(lib_a-ungetc.o)
 .ARM.attributes
                0x00000000000005a0       0x2a /opt/devkitpro/devkitARM/lib/gcc/arm-none-eabi/8.2.0/../../../../arm-none-eabi/lib/libg.a(lib_a-vfiprintf.o)
 .ARM.attributes
                0x00000000000005ca       0x2a /opt/devkitpro/devkitARM/lib/gcc/arm-none-eabi/8.2.0/../../../../arm-none-eabi/lib/libg.a(lib_a-viprintf.o)
 .ARM.attributes
                0x00000000000005f4       0x2a /opt/devkitpro/devkitARM/lib/gcc/arm-none-eabi/8.2.0/../../../../arm-none-eabi/lib/libg.a(lib_a-wcrtomb.o)
 .ARM.attributes
                0x000000000000061e       0x2a /opt/devkitpro/devkitARM/lib/gcc/arm-none-eabi/8.2.0/../../../../arm-none-eabi/lib/libg.a(lib_a-wcsrtombs.o)
 .ARM.attributes
                0x0000000000000648       0x2a /opt/devkitpro/devkitARM/lib/gcc/arm-none-eabi/8.2.0/../../../../arm-none-eabi/lib/libg.a(lib_a-wsetup.o)
 .ARM.attributes
                0x0000000000000672       0x2a /opt/devkitpro/devkitARM/lib/gcc/arm-none-eabi/8.2.0/../../../../arm-none-eabi/lib/libg.a(lib_a-fflush.o)
 .ARM.attributes
                0x000000000000069c       0x2a /opt/devkitpro/devkitARM/lib/gcc/arm-none-eabi/8.2.0/../../../../arm-none-eabi/lib/libg.a(lib_a-findfp.o)
 .ARM.attributes
                0x00000000000006c6       0x2a /opt/devkitpro/devkitARM/lib/gcc/arm-none-eabi/8.2.0/../../../../arm-none-eabi/lib/libg.a(lib_a-freer.o)
 .ARM.attributes
                0x00000000000006f0       0x2a /opt/devkitpro/devkitARM/lib/gcc/arm-none-eabi/8.2.0/../../../../arm-none-eabi/lib/libg.a(lib_a-fvwrite.o)
 .ARM.attributes
                0x000000000000071a       0x2a /opt/devkitpro/devkitARM/lib/gcc/arm-none-eabi/8.2.0/../../../../arm-none-eabi/lib/libg.a(lib_a-fwalk.o)
 .ARM.attributes
                0x0000000000000744       0x30 /opt/devkitpro/devkitARM/lib/gcc/arm-none-eabi/8.2.0/../../../../arm-none-eabi/lib/libg.a(lib_a-impure.o)
 .ARM.attributes
                0x0000000000000774       0x2a /opt/devkitpro/devkitARM/lib/gcc/arm-none-eabi/8.2.0/../../../../arm-none-eabi/lib/libg.a(lib_a-iswspace.o)
 .ARM.attributes
                0x000000000000079e       0x2a /opt/devkitpro/devkitARM/lib/gcc/arm-none-eabi/8.2.0/../../../../arm-none-eabi/lib/libg.a(lib_a-jp2uc.o)
 .ARM.attributes
                0x00000000000007c8       0x2a /opt/devkitpro/devkitARM/lib/gcc/arm-none-eabi/8.2.0/../../../../arm-none-eabi/lib/libg.a(lib_a-localeconv.o)
 .ARM.attributes
                0x00000000000007f2       0x2a /opt/devkitpro/devkitARM/lib/gcc/arm-none-eabi/8.2.0/../../../../arm-none-eabi/lib/libg.a(lib_a-locale.o)
 .ARM.attributes
                0x000000000000081c       0x2a /opt/devkitpro/devkitARM/lib/gcc/arm-none-eabi/8.2.0/../../../../arm-none-eabi/lib/libg.a(lib_a-makebuf.o)
 .ARM.attributes
                0x0000000000000846       0x2a /opt/devkitpro/devkitARM/lib/gcc/arm-none-eabi/8.2.0/../../../../arm-none-eabi/lib/libg.a(lib_a-malloc.o)
 .ARM.attributes
                0x0000000000000870       0x2a /opt/devkitpro/devkitARM/lib/gcc/arm-none-eabi/8.2.0/../../../../arm-none-eabi/lib/libg.a(lib_a-mallocr.o)
 .ARM.attributes
                0x000000000000089a       0x2a /opt/devkitpro/devkitARM/lib/gcc/arm-none-eabi/8.2.0/../../../../arm-none-eabi/lib/libg.a(lib_a-mbrtowc.o)
 .ARM.attributes
                0x00000000000008c4       0x2a /opt/devkitpro/devkitARM/lib/gcc/arm-none-eabi/8.2.0/../../../../arm-none-eabi/lib/libg.a(lib_a-mbtowc_r.o)
 .ARM.attributes
                0x00000000000008ee       0x2a /opt/devkitpro/devkitARM/lib/gcc/arm-none-eabi/8.2.0/../../../../arm-none-eabi/lib/libg.a(lib_a-memchr-stub.o)
 .ARM.attributes
                0x0000000000000918       0x2a /opt/devkitpro/devkitARM/lib/gcc/arm-none-eabi/8.2.0/../../../../arm-none-eabi/lib/libg.a(lib_a-memmove.o)
 .ARM.attributes
                0x0000000000000942       0x2a /opt/devkitpro/devkitARM/lib/gcc/arm-none-eabi/8.2.0/../../../../arm-none-eabi/lib/libg.a(lib_a-mlock.o)
 .ARM.attributes
                0x000000000000096c       0x2a /opt/devkitpro/devkitARM/lib/gcc/arm-none-eabi/8.2.0/../../../../arm-none-eabi/lib/libg.a(lib_a-realloc.o)
 .ARM.attributes
                0x0000000000000996       0x2a /opt/devkitpro/devkitARM/lib/gcc/arm-none-eabi/8.2.0/../../../../arm-none-eabi/lib/libg.a(lib_a-reallocr.o)
 .ARM.attributes
                0x00000000000009c0       0x2a /opt/devkitpro/devkitARM/lib/gcc/arm-none-eabi/8.2.0/../../../../arm-none-eabi/lib/libg.a(lib_a-sccl.o)
 .ARM.attributes
                0x00000000000009ea       0x1a /opt/devkitpro/devkitARM/lib/gcc/arm-none-eabi/8.2.0/../../../../arm-none-eabi/lib/libg.a(lib_a-strcmp.o)
 .ARM.attributes
                0x0000000000000a04       0x2a /opt/devkitpro/devkitARM/lib/gcc/arm-none-eabi/8.2.0/../../../../arm-none-eabi/lib/libg.a(lib_a-strncpy.o)
 .ARM.attributes
                0x0000000000000a2e       0x2a /opt/devkitpro/devkitARM/lib/gcc/arm-none-eabi/8.2.0/../../../../arm-none-eabi/lib/libg.a(lib_a-strtoll.o)
 .ARM.attributes
                0x0000000000000a58       0x2a /opt/devkitpro/devkitARM/lib/gcc/arm-none-eabi/8.2.0/../../../../arm-none-eabi/lib/libg.a(lib_a-strtol.o)
 .ARM.attributes
                0x0000000000000a82       0x2a /opt/devkitpro/devkitARM/lib/gcc/arm-none-eabi/8.2.0/../../../../arm-none-eabi/lib/libg.a(lib_a-strtoull.o)
 .ARM.attributes
                0x0000000000000aac       0x2a /opt/devkitpro/devkitARM/lib/gcc/arm-none-eabi/8.2.0/../../../../arm-none-eabi/lib/libg.a(lib_a-strtoul.o)
 .ARM.attributes
                0x0000000000000ad6       0x2a /opt/devkitpro/devkitARM/lib/gcc/arm-none-eabi/8.2.0/../../../../arm-none-eabi/lib/libg.a(lib_a-svfiprintf.o)
 .ARM.attributes
                0x0000000000000b00       0x2a /opt/devkitpro/devkitARM/lib/gcc/arm-none-eabi/8.2.0/../../../../arm-none-eabi/lib/libg.a(lib_a-wcsnrtombs.o)
 .ARM.attributes
                0x0000000000000b2a       0x2a /opt/devkitpro/devkitARM/lib/gcc/arm-none-eabi/8.2.0/../../../../arm-none-eabi/lib/libg.a(lib_a-wctomb_r.o)
 .ARM.attributes
                0x0000000000000b54       0x2a /opt/devkitpro/devkitARM/lib/gcc/arm-none-eabi/8.2.0/../../../../arm-none-eabi/lib/libg.a(lib_a-ctype_.o)
 .ARM.attributes
                0x0000000000000b7e       0x2a /opt/devkitpro/devkitARM/lib/gcc/arm-none-eabi/8.2.0/../../../../arm-none-eabi/lib/libg.a(lib_a-fclose.o)
 .ARM.attributes
                0x0000000000000ba8       0x2a /opt/devkitpro/devkitARM/lib/gcc/arm-none-eabi/8.2.0/../../../../arm-none-eabi/lib/libsysbase.a(iosupport.o)
 .ARM.attributes
                0x0000000000000bd2       0x2a /opt/devkitpro/devkitARM/lib/gcc/arm-none-eabi/8.2.0/../../../../arm-none-eabi/lib/libsysbase.a(close.o)
 .ARM.attributes
                0x0000000000000bfc       0x2a /opt/devkitpro/devkitARM/lib/gcc/arm-none-eabi/8.2.0/../../../../arm-none-eabi/lib/libsysbase.a(fstat.o)
 .ARM.attributes
                0x0000000000000c26       0x2a /opt/devkitpro/devkitARM/lib/gcc/arm-none-eabi/8.2.0/../../../../arm-none-eabi/lib/libsysbase.a(isatty.o)
 .ARM.attributes
                0x0000000000000c50       0x2a /opt/devkitpro/devkitARM/lib/gcc/arm-none-eabi/8.2.0/../../../../arm-none-eabi/lib/libsysbase.a(lseek.o)
 .ARM.attributes
                0x0000000000000c7a       0x2a /opt/devkitpro/devkitARM/lib/gcc/arm-none-eabi/8.2.0/../../../../arm-none-eabi/lib/libsysbase.a(read.o)
 .ARM.attributes
                0x0000000000000ca4       0x2a /opt/devkitpro/devkitARM/lib/gcc/arm-none-eabi/8.2.0/../../../../arm-none-eabi/lib/libsysbase.a(sbrk.o)
 .ARM.attributes
                0x0000000000000cce       0x2a /opt/devkitpro/devkitARM/lib/gcc/arm-none-eabi/8.2.0/../../../../arm-none-eabi/lib/libsysbase.a(write.o)
 .ARM.attributes
                0x0000000000000cf8       0x30 /opt/devkitpro/devkitARM/lib/gcc/arm-none-eabi/8.2.0/../../../../arm-none-eabi/lib/libsysbase.a(malloc_vars.o)
 .ARM.attributes
                0x0000000000000d28       0x2a /opt/devkitpro/devkitARM/lib/gcc/arm-none-eabi/8.2.0/../../../../arm-none-eabi/lib/libsysbase.a(build_argv.o)
 .ARM.attributes
                0x0000000000000d52       0x2a /opt/devkitpro/devkitARM/lib/gcc/arm-none-eabi/8.2.0/../../../../arm-none-eabi/lib/libsysbase.a(flock.o)
 .ARM.attributes
                0x0000000000000d7c       0x2a /opt/devkitpro/devkitARM/lib/gcc/arm-none-eabi/8.2.0/../../../../arm-none-eabi/lib/libsysbase.a(syscall_support.o)
 .ARM.attributes
                0x0000000000000da6       0x2a /opt/devkitpro/devkitARM/lib/gcc/arm-none-eabi/8.2.0/../../../../arm-none-eabi/lib/libsysbase.a(handle_manager.o)
 .ARM.attributes
                0x0000000000000dd0       0x2a /opt/devkitpro/devkitARM/lib/gcc/arm-none-eabi/8.2.0/../../../../arm-none-eabi/lib/libsysbase.a(getreent.o)
 .ARM.attributes
                0x0000000000000dfa       0x1c /opt/devkitpro/devkitARM/lib/gcc/arm-none-eabi/8.2.0/libgcc.a(_udivsi3.o)
 .ARM.attributes
                0x0000000000000e16       0x1c /opt/devkitpro/devkitARM/lib/gcc/arm-none-eabi/8.2.0/libgcc.a(_aeabi_uldivmod.o)
 .ARM.attributes
                0x0000000000000e32       0x2a /opt/devkitpro/devkitARM/lib/gcc/arm-none-eabi/8.2.0/libgcc.a(_udivmoddi4.o)
 .ARM.attributes
                0x0000000000000e5c       0x1c /opt/devkitpro/devkitARM/lib/gcc/arm-none-eabi/8.2.0/libgcc.a(_clzdi2.o)
 .ARM.attributes
                0x0000000000000e78       0x1c /opt/devkitpro/devkitARM/lib/gcc/arm-none-eabi/8.2.0/libgcc.a(_clzsi2.o)
 .ARM.attributes
                0x0000000000000e94       0x30 /opt/devkitpro/devkitARM/lib/gcc/arm-none-eabi/8.2.0/crtend.o
 .ARM.attributes
                0x0000000000000ec4       0x1c /opt/devkitpro/devkitARM/lib/gcc/arm-none-eabi/8.2.0/crtn.o

.debug
 *(.debug)

.line
 *(.line)

.debug_srcinfo
 *(.debug_srcinfo)

.debug_sfnames
 *(.debug_sfnames)

.debug_aranges  0x0000000000000000      0x530
 *(.debug_aranges)
 .debug_aranges
                0x0000000000000000       0x28 main.o
 .debug_aranges
                0x0000000000000028       0x48 /opt/devkitpro/libnds/lib/libnds9.a(background.o)
 .debug_aranges
                0x0000000000000070       0x20 /opt/devkitpro/libnds/lib/libnds9.a(sassert.o)
 .debug_aranges
                0x0000000000000090       0x88 /opt/devkitpro/libnds/lib/libnds9.a(console.o)
 .debug_aranges
                0x0000000000000118       0x60 /opt/devkitpro/libnds/lib/libnds9.a(trig.o)
 .debug_aranges
                0x0000000000000178       0x20 /opt/devkitpro/libnds/lib/libnds9.a(initSystem.o)
 .debug_aranges
                0x0000000000000198       0x20 /opt/devkitpro/libnds/lib/libnds9.a(timeSupport.o)
 .debug_aranges
                0x00000000000001b8       0x18 /opt/devkitpro/libnds/lib/libnds9.a(securearea.o)
 .debug_aranges
                0x00000000000001d0       0x50 /opt/devkitpro/libnds/lib/libnds9.a(interrupts.o)
 .debug_aranges
                0x0000000000000220       0x28 /opt/devkitpro/libnds/lib/libnds9.a(libnds_exit.arm.o)
 .debug_aranges
                0x0000000000000248       0xb8 /opt/devkitpro/libnds/lib/libnds9.a(fifosystem.o)
 .debug_aranges
                0x0000000000000300       0x30 /opt/devkitpro/libnds/lib/libnds9.a(mpu_setup.o)
 .debug_aranges
                0x0000000000000330       0x28 /opt/devkitpro/libnds/lib/libnds9.a(IntrWait.o)
 .debug_aranges
                0x0000000000000358       0x20 /opt/devkitpro/libnds/lib/libnds9.a(cpu_clock.o)
 .debug_aranges
                0x0000000000000378       0x20 /opt/devkitpro/libnds/lib/libnds9.a(interruptDispatcher.o)
 .debug_aranges
                0x0000000000000398       0x20 /opt/devkitpro/libnds/lib/libnds9.a(swiSoftReset.o)
 .debug_aranges
                0x00000000000003b8       0x48 /opt/devkitpro/libnds/lib/libnds9.a(video.o)
 .debug_aranges
                0x0000000000000400       0x68 /opt/devkitpro/libnds/lib/libnds9.a(system.o)
 .debug_aranges
                0x0000000000000468       0xc8 /opt/devkitpro/libnds/lib/libnds9.a(biosCalls.o)

.debug_pubnames
 *(.debug_pubnames)

.debug_info     0x0000000000000000     0xf7ce
 *(.debug_info)
 .debug_info    0x0000000000000000     0x204b main.o
 .debug_info    0x000000000000204b     0x1424 /opt/devkitpro/libnds/lib/libnds9.a(background.o)
 .debug_info    0x000000000000346f      0xcfa /opt/devkitpro/libnds/lib/libnds9.a(sassert.o)
 .debug_info    0x0000000000004169     0x29f7 /opt/devkitpro/libnds/lib/libnds9.a(console.o)
 .debug_info    0x0000000000006b60      0xf1f /opt/devkitpro/libnds/lib/libnds9.a(trig.o)
 .debug_info    0x0000000000007a7f     0x1f13 /opt/devkitpro/libnds/lib/libnds9.a(initSystem.o)
 .debug_info    0x0000000000009992      0xab7 /opt/devkitpro/libnds/lib/libnds9.a(timeSupport.o)
 .debug_info    0x000000000000a449       0x59 /opt/devkitpro/libnds/lib/libnds9.a(securearea.o)
 .debug_info    0x000000000000a4a2      0x735 /opt/devkitpro/libnds/lib/libnds9.a(interrupts.o)
 .debug_info    0x000000000000abd7      0xd29 /opt/devkitpro/libnds/lib/libnds9.a(libnds_exit.arm.o)
 .debug_info    0x000000000000b900     0x2197 /opt/devkitpro/libnds/lib/libnds9.a(fifosystem.o)
 .debug_info    0x000000000000da97       0x22 /opt/devkitpro/libnds/lib/libnds9.a(mpu_setup.o)
 .debug_info    0x000000000000dab9       0x22 /opt/devkitpro/libnds/lib/libnds9.a(IntrWait.o)
 .debug_info    0x000000000000dadb       0x26 /opt/devkitpro/libnds/lib/libnds9.a(cpu_clock.o)
 .debug_info    0x000000000000db01       0x26 /opt/devkitpro/libnds/lib/libnds9.a(interruptDispatcher.o)
 .debug_info    0x000000000000db27       0x26 /opt/devkitpro/libnds/lib/libnds9.a(swiSoftReset.o)
 .debug_info    0x000000000000db4d      0x7dd /opt/devkitpro/libnds/lib/libnds9.a(video.o)
 .debug_info    0x000000000000e32a     0x1482 /opt/devkitpro/libnds/lib/libnds9.a(system.o)
 .debug_info    0x000000000000f7ac       0x22 /opt/devkitpro/libnds/lib/libnds9.a(biosCalls.o)

.debug_abbrev   0x0000000000000000     0x2ccd
 *(.debug_abbrev)
 .debug_abbrev  0x0000000000000000      0x51b main.o
 .debug_abbrev  0x000000000000051b      0x416 /opt/devkitpro/libnds/lib/libnds9.a(background.o)
 .debug_abbrev  0x0000000000000931      0x293 /opt/devkitpro/libnds/lib/libnds9.a(sassert.o)
 .debug_abbrev  0x0000000000000bc4      0x5a0 /opt/devkitpro/libnds/lib/libnds9.a(console.o)
 .debug_abbrev  0x0000000000001164      0x373 /opt/devkitpro/libnds/lib/libnds9.a(trig.o)
 .debug_abbrev  0x00000000000014d7      0x3af /opt/devkitpro/libnds/lib/libnds9.a(initSystem.o)
 .debug_abbrev  0x0000000000001886      0x20b /opt/devkitpro/libnds/lib/libnds9.a(timeSupport.o)
 .debug_abbrev  0x0000000000001a91       0x47 /opt/devkitpro/libnds/lib/libnds9.a(securearea.o)
 .debug_abbrev  0x0000000000001ad8      0x2f7 /opt/devkitpro/libnds/lib/libnds9.a(interrupts.o)
 .debug_abbrev  0x0000000000001dcf      0x2d0 /opt/devkitpro/libnds/lib/libnds9.a(libnds_exit.arm.o)
 .debug_abbrev  0x000000000000209f      0x59b /opt/devkitpro/libnds/lib/libnds9.a(fifosystem.o)
 .debug_abbrev  0x000000000000263a       0x12 /opt/devkitpro/libnds/lib/libnds9.a(mpu_setup.o)
 .debug_abbrev  0x000000000000264c       0x12 /opt/devkitpro/libnds/lib/libnds9.a(IntrWait.o)
 .debug_abbrev  0x000000000000265e       0x14 /opt/devkitpro/libnds/lib/libnds9.a(cpu_clock.o)
 .debug_abbrev  0x0000000000002672       0x14 /opt/devkitpro/libnds/lib/libnds9.a(interruptDispatcher.o)
 .debug_abbrev  0x0000000000002686       0x14 /opt/devkitpro/libnds/lib/libnds9.a(swiSoftReset.o)
 .debug_abbrev  0x000000000000269a      0x254 /opt/devkitpro/libnds/lib/libnds9.a(video.o)
 .debug_abbrev  0x00000000000028ee      0x3cd /opt/devkitpro/libnds/lib/libnds9.a(system.o)
 .debug_abbrev  0x0000000000002cbb       0x12 /opt/devkitpro/libnds/lib/libnds9.a(biosCalls.o)

.debug_line     0x0000000000000000     0x5fda
 *(.debug_line)
 .debug_line    0x0000000000000000      0x954 main.o
 .debug_line    0x0000000000000954      0x6e4 /opt/devkitpro/libnds/lib/libnds9.a(background.o)
 .debug_line    0x0000000000001038      0x2e6 /opt/devkitpro/libnds/lib/libnds9.a(sassert.o)
 .debug_line    0x000000000000131e     0x11f2 /opt/devkitpro/libnds/lib/libnds9.a(console.o)
 .debug_line    0x0000000000002510      0x6ac /opt/devkitpro/libnds/lib/libnds9.a(trig.o)
 .debug_line    0x0000000000002bbc      0x57f /opt/devkitpro/libnds/lib/libnds9.a(initSystem.o)
 .debug_line    0x000000000000313b      0x21b /opt/devkitpro/libnds/lib/libnds9.a(timeSupport.o)
 .debug_line    0x0000000000003356       0x82 /opt/devkitpro/libnds/lib/libnds9.a(securearea.o)
 .debug_line    0x00000000000033d8      0x53b /opt/devkitpro/libnds/lib/libnds9.a(interrupts.o)
 .debug_line    0x0000000000003913      0x2d0 /opt/devkitpro/libnds/lib/libnds9.a(libnds_exit.arm.o)
 .debug_line    0x0000000000003be3     0x140d /opt/devkitpro/libnds/lib/libnds9.a(fifosystem.o)
 .debug_line    0x0000000000004ff0      0x12f /opt/devkitpro/libnds/lib/libnds9.a(mpu_setup.o)
 .debug_line    0x000000000000511f       0xba /opt/devkitpro/libnds/lib/libnds9.a(IntrWait.o)
 .debug_line    0x00000000000051d9       0xa3 /opt/devkitpro/libnds/lib/libnds9.a(cpu_clock.o)
 .debug_line    0x000000000000527c       0xcc /opt/devkitpro/libnds/lib/libnds9.a(interruptDispatcher.o)
 .debug_line    0x0000000000005348       0x9c /opt/devkitpro/libnds/lib/libnds9.a(swiSoftReset.o)
 .debug_line    0x00000000000053e4      0x4aa /opt/devkitpro/libnds/lib/libnds9.a(video.o)
 .debug_line    0x000000000000588e      0x55a /opt/devkitpro/libnds/lib/libnds9.a(system.o)
 .debug_line    0x0000000000005de8      0x1f2 /opt/devkitpro/libnds/lib/libnds9.a(biosCalls.o)

.debug_frame    0x0000000000000000      0x970
 *(.debug_frame)
 .debug_frame   0x0000000000000000       0x74 main.o
 .debug_frame   0x0000000000000074       0xcc /opt/devkitpro/libnds/lib/libnds9.a(background.o)
 .debug_frame   0x0000000000000140       0x38 /opt/devkitpro/libnds/lib/libnds9.a(sassert.o)
 .debug_frame   0x0000000000000178      0x1a0 /opt/devkitpro/libnds/lib/libnds9.a(console.o)
 .debug_frame   0x0000000000000318       0xd0 /opt/devkitpro/libnds/lib/libnds9.a(trig.o)
 .debug_frame   0x00000000000003e8       0x28 /opt/devkitpro/libnds/lib/libnds9.a(initSystem.o)
 .debug_frame   0x0000000000000410       0x28 /opt/devkitpro/libnds/lib/libnds9.a(timeSupport.o)
 .debug_frame   0x0000000000000438       0xa4 /opt/devkitpro/libnds/lib/libnds9.a(interrupts.o)
 .debug_frame   0x00000000000004dc       0x3c /opt/devkitpro/libnds/lib/libnds9.a(libnds_exit.arm.o)
 .debug_frame   0x0000000000000518      0x2a8 /opt/devkitpro/libnds/lib/libnds9.a(fifosystem.o)
 .debug_frame   0x00000000000007c0       0xb8 /opt/devkitpro/libnds/lib/libnds9.a(video.o)
 .debug_frame   0x0000000000000878       0xf8 /opt/devkitpro/libnds/lib/libnds9.a(system.o)

.debug_str      0x0000000000000000     0x3bb5
 *(.debug_str)
 .debug_str     0x0000000000000000     0x14b5 main.o
                                       0x15b7 (size before relaxing)
 .debug_str     0x00000000000014b5      0x392 /opt/devkitpro/libnds/lib/libnds9.a(background.o)
                                        0xbba (size before relaxing)
 .debug_str     0x0000000000001847       0xba /opt/devkitpro/libnds/lib/libnds9.a(sassert.o)
                                        0x768 (size before relaxing)
 .debug_str     0x0000000000001901      0x999 /opt/devkitpro/libnds/lib/libnds9.a(console.o)
                                       0x1467 (size before relaxing)
 .debug_str     0x000000000000229a       0xfb /opt/devkitpro/libnds/lib/libnds9.a(trig.o)
                                        0x707 (size before relaxing)
 .debug_str     0x0000000000002395      0x39c /opt/devkitpro/libnds/lib/libnds9.a(initSystem.o)
                                       0x12a3 (size before relaxing)
 .debug_str     0x0000000000002731       0x71 /opt/devkitpro/libnds/lib/libnds9.a(timeSupport.o)
                                        0x6a9 (size before relaxing)
 .debug_str     0x00000000000027a2       0x72 /opt/devkitpro/libnds/lib/libnds9.a(securearea.o)
                                        0x153 (size before relaxing)
 .debug_str     0x0000000000002814      0x179 /opt/devkitpro/libnds/lib/libnds9.a(interrupts.o)
                                        0x4dd (size before relaxing)
 .debug_str     0x000000000000298d      0x11d /opt/devkitpro/libnds/lib/libnds9.a(libnds_exit.arm.o)
                                        0x873 (size before relaxing)
 .debug_str     0x0000000000002aaa      0x491 /opt/devkitpro/libnds/lib/libnds9.a(fifosystem.o)
                                        0xd27 (size before relaxing)
 .debug_str     0x0000000000002f3b       0x6d /opt/devkitpro/libnds/lib/libnds9.a(mpu_setup.o)
                                         0xb4 (size before relaxing)
 .debug_str     0x0000000000002fa8       0x60 /opt/devkitpro/libnds/lib/libnds9.a(IntrWait.o)
                                         0xb3 (size before relaxing)
 .debug_str     0x0000000000003008       0x61 /opt/devkitpro/libnds/lib/libnds9.a(cpu_clock.o)
                                         0xb4 (size before relaxing)
 .debug_str     0x0000000000003069       0x66 /opt/devkitpro/libnds/lib/libnds9.a(interruptDispatcher.o)
                                         0xb9 (size before relaxing)
 .debug_str     0x00000000000030cf       0x5f /opt/devkitpro/libnds/lib/libnds9.a(swiSoftReset.o)
                                         0xb2 (size before relaxing)
 .debug_str     0x000000000000312e      0x6a9 /opt/devkitpro/libnds/lib/libnds9.a(video.o)
                                        0xc55 (size before relaxing)
 .debug_str     0x00000000000037d7      0x382 /opt/devkitpro/libnds/lib/libnds9.a(system.o)
                                        0xc41 (size before relaxing)
 .debug_str     0x0000000000003b59       0x5c /opt/devkitpro/libnds/lib/libnds9.a(biosCalls.o)
                                         0xaf (size before relaxing)

.debug_loc      0x0000000000000000     0x5554
 *(.debug_loc)
 .debug_loc     0x0000000000000000     0x1318 main.o
 .debug_loc     0x0000000000001318      0x475 /opt/devkitpro/libnds/lib/libnds9.a(background.o)