Archive member included to satisfy reference by file (symbol)

d:/devkitPro/libnds/lib\libnds9.a(keys.o)
                              main.o (scanKeys)
d:/devkitPro/libnds/lib\libnds9.a(console.o)
                              main.o (consoleDemoInit)
d:/devkitPro/libnds/lib\libnds9.a(background.o)
                              d:/devkitPro/libnds/lib\libnds9.a(console.o) (bgState)
d:/devkitPro/libnds/lib\libnds9.a(initSystem.o)
                              d:/devkitpro/devkitarm/bin/../lib/gcc/arm-none-eabi/4.9.2/../../../../arm-none-eabi/lib/ds_arm9_crt0.o (initSystem)
d:/devkitPro/libnds/lib\libnds9.a(fifosystem.o)
                              d:/devkitPro/libnds/lib\libnds9.a(initSystem.o) (fifoSetValue32Handler)
d:/devkitPro/libnds/lib\libnds9.a(libnds_exit.arm.o)
                              d:/devkitpro/devkitarm/bin/../lib/gcc/arm-none-eabi/4.9.2/../../../../arm-none-eabi/lib/ds_arm9_crt0.o (__libnds_exit)
d:/devkitPro/libnds/lib\libnds9.a(interrupts.o)
                              d:/devkitPro/libnds/lib\libnds9.a(fifosystem.o) (irqSet)
d:/devkitPro/libnds/lib\libnds9.a(mpu_setup.o)
                              d:/devkitpro/devkitarm/bin/../lib/gcc/arm-none-eabi/4.9.2/../../../../arm-none-eabi/lib/ds_arm9_crt0.o (__libnds_mpu_setup)
d:/devkitPro/libnds/lib\libnds9.a(swiSoftReset.o)
                              d:/devkitPro/libnds/lib\libnds9.a(fifosystem.o) (swiSoftReset)
d:/devkitPro/libnds/lib\libnds9.a(debugprint.o)
                              d:/devkitPro/libnds/lib\libnds9.a(console.o) (nocashWrite)
d:/devkitPro/libnds/lib\libnds9.a(biosCalls.o)
                              d:/devkitPro/libnds/lib\libnds9.a(fifosystem.o) (swiIntrWait)
d:/devkitPro/libnds/lib\libnds9.a(interruptDispatcher.o)
                              d:/devkitPro/libnds/lib\libnds9.a(interrupts.o) (IntrMain)
d:/devkitPro/libnds/lib\libnds9.a(default_font.bin.o)
                              d:/devkitPro/libnds/lib\libnds9.a(console.o) (default_font_bin)
d:/devkitPro/libnds/lib\libnds9.a(trig.o)
                              d:/devkitPro/libnds/lib\libnds9.a(background.o) (sinLerp)
d:/devkitPro/libnds/lib\libnds9.a(system.o)
                              d:/devkitPro/libnds/lib\libnds9.a(initSystem.o) (systemMsgHandler)
d:/devkitPro/libnds/lib\libnds9.a(video.o)
                              d:/devkitPro/libnds/lib\libnds9.a(initSystem.o) (vramDefault)
d:/devkitPro/libnds/lib\libnds9.a(timeSupport.o)
                              d:/devkitPro/libnds/lib\libnds9.a(initSystem.o) (__libnds_gtod)
d:/devkitpro/devkitarm/bin/../lib/gcc/arm-none-eabi/4.9.2\libgcc.a(_divsi3.o)
                              d:/devkitPro/libnds/lib\libnds9.a(console.o) (__aeabi_idivmod)
d:/devkitpro/devkitarm/bin/../lib/gcc/arm-none-eabi/4.9.2\libgcc.a(_dvmd_tls.o)
                              d:/devkitpro/devkitarm/bin/../lib/gcc/arm-none-eabi/4.9.2\libgcc.a(_divsi3.o) (__aeabi_idiv0)
d:/devkitpro/devkitarm/bin/../lib/gcc/arm-none-eabi/4.9.2/../../../../arm-none-eabi/lib\libg.a(lib_a-bsearch.o)
                              d:/devkitPro/libnds/lib\libnds9.a(trig.o) (bsearch)
d:/devkitpro/devkitarm/bin/../lib/gcc/arm-none-eabi/4.9.2/../../../../arm-none-eabi/lib\libg.a(lib_a-init.o)
                              d:/devkitpro/devkitarm/bin/../lib/gcc/arm-none-eabi/4.9.2/../../../../arm-none-eabi/lib/ds_arm9_crt0.o (__libc_init_array)
d:/devkitpro/devkitarm/bin/../lib/gcc/arm-none-eabi/4.9.2/../../../../arm-none-eabi/lib\libg.a(lib_a-iprintf.o)
                              main.o (iprintf)
d:/devkitpro/devkitarm/bin/../lib/gcc/arm-none-eabi/4.9.2/../../../../arm-none-eabi/lib\libg.a(lib_a-memcpy.o)
                              d:/devkitPro/libnds/lib\libnds9.a(console.o) (memcpy)
d:/devkitpro/devkitarm/bin/../lib/gcc/arm-none-eabi/4.9.2/../../../../arm-none-eabi/lib\libg.a(lib_a-setvbuf.o)
                              d:/devkitPro/libnds/lib\libnds9.a(console.o) (setvbuf)
d:/devkitpro/devkitarm/bin/../lib/gcc/arm-none-eabi/4.9.2/../../../../arm-none-eabi/lib\libg.a(lib_a-siscanf.o)
                              d:/devkitPro/libnds/lib\libnds9.a(console.o) (siscanf)
d:/devkitpro/devkitarm/bin/../lib/gcc/arm-none-eabi/4.9.2/../../../../arm-none-eabi/lib\libg.a(lib_a-stdio.o)
                              d:/devkitpro/devkitarm/bin/../lib/gcc/arm-none-eabi/4.9.2/../../../../arm-none-eabi/lib\libg.a(lib_a-siscanf.o) (__seofread)
d:/devkitpro/devkitarm/bin/../lib/gcc/arm-none-eabi/4.9.2/../../../../arm-none-eabi/lib\libg.a(lib_a-strlen.o)
                              d:/devkitpro/devkitarm/bin/../lib/gcc/arm-none-eabi/4.9.2/../../../../arm-none-eabi/lib\libg.a(lib_a-siscanf.o) (strlen)
d:/devkitpro/devkitarm/bin/../lib/gcc/arm-none-eabi/4.9.2/../../../../arm-none-eabi/lib\libg.a(lib_a-svfiscanf.o)
                              d:/devkitpro/devkitarm/bin/../lib/gcc/arm-none-eabi/4.9.2/../../../../arm-none-eabi/lib\libg.a(lib_a-siscanf.o) (__ssvfiscanf_r)
[...]
Memory Configuration

Name             Origin             Length             Attributes
rom              0x08000000         0x02000000
ewram            0x02000000         0x003ff000
dtcm             0x0b000000         0x00004000
vectors          0x01000000         0x00000100
itcm             0x01000100         0x00007f00
*default*        0x00000000         0xffffffff

Linker script and memory map

                0x01000000                __vectors_start = ORIGIN (vectors)
                0x01000100                __itcm_start = ORIGIN (itcm)
                0x023ff000                __ewram_end = (ORIGIN (ewram) + 0x3ff000)
                0x023ff000                __eheap_end = (ORIGIN (ewram) + 0x3ff000)
                0x0b000000                __dtcm_start = ORIGIN (dtcm)
                0x0b004000                __dtcm_top = (ORIGIN (dtcm) + 0x4000)
                0x0b003ff8                __irq_flags = (__dtcm_top - 0x8)
                0x0b003ffc                __irq_vector = (__dtcm_top - 0x4)
                0x0b003f00                __sp_svc = (__dtcm_top - 0x100)
                0x0b003e00                __sp_irq = (__sp_svc - 0x100)
                0x0b003d00                __sp_usr = (__sp_irq - 0x100)

.init           0x02000000      0x248
                0x02000000                __text_start = .
 *(.init)
 .init          0x02000000      0x230 d:/devkitpro/devkitarm/bin/../lib/gcc/arm-none-eabi/4.9.2/../../../../arm-none-eabi/lib/ds_arm9_crt0.o
                0x02000000                _start
 .init          0x02000230        0xc d:/devkitpro/devkitarm/bin/../lib/gcc/arm-none-eabi/4.9.2/crti.o
                0x02000230                _init
 .init          0x0200023c        0xc d:/devkitpro/devkitarm/bin/../lib/gcc/arm-none-eabi/4.9.2/crtn.o
                0x02000248                . = ALIGN (0x4)

.plt
 *(.plt)

.text           0x02000250    0x135d0
 *(EXCLUDE_FILE(*.itcm*) .text)
 .text          0x02000250        0x0 d:/devkitpro/devkitarm/bin/../lib/gcc/arm-none-eabi/4.9.2/../../../../arm-none-eabi/lib/ds_arm9_crt0.o
 .text          0x02000250        0x0 d:/devkitpro/devkitarm/bin/../lib/gcc/arm-none-eabi/4.9.2/crti.o
 .text          0x02000250      0x108 d:/devkitpro/devkitarm/bin/../lib/gcc/arm-none-eabi/4.9.2/crtbegin.o
 .text          0x02000358        0x0 gfx_ball.o
 .text          0x02000358        0x0 gfx_brick.o
 .text          0x02000358        0x0 gfx_gradient.o
 .text          0x02000358      0x234 main.o
                0x02000358                update_logic
                0x0200035c                update_graphics
                0x02000458                setupGraphics
 .text          0x0200058c       0xf4 d:/devkitPro/libnds/lib\libnds9.a(keys.o)
                0x0200058c                scanKeys
                0x020005f8                keysHeld
                0x02000604                keysDown
                0x02000614                keysDownRepeat
                0x02000624                keysSetRepeat
                0x0200063c                keysUp
                0x0200064c                keysCurrent
 .text          0x02000680      0xa54 d:/devkitPro/libnds/lib\libnds9.a(console.o)
                0x0200072c                nocash_write
                0x0200073c                consoleGetDefault
                0x02000748                consoleSelect
                0x02000758                consoleDebugInit
                0x020007a8                consolePrintChar
                0x0200098c                consoleLoadFont
                0x02000c18                consoleSetFont
                0x02000c38                consoleInit
                0x02000da0                consoleDemoInit
                0x02000de4                con_write
                0x020010a4                consoleClear
                0x020010b4                consoleSetWindow
 .text          0x020010d4      0x350 d:/devkitPro/libnds/lib\libnds9.a(background.o)
                0x020010d4                bgIsText
                0x020010e0                checkIfText
                0x02001138                bgUpdate
                0x0200122c                bgInit_call
                0x0200131c                bgInitSub_call
 .text          0x02001424      0x14c d:/devkitPro/libnds/lib\libnds9.a(initSystem.o)
                0x02001424                initSystem
 .text          0x02001570      0xcb8 d:/devkitPro/libnds/lib\libnds9.a(fifosystem.o)
                0x02001834                fifoSetValue32Handler
                0x020018a8                fifoSendAddress
                0x020018d4                fifoSendValue32
                0x02001910                fifoSendDatamsg
                0x02001984                fifoGetAddress
                0x020019f0                fifoSetAddressHandler
                0x02001a64                fifoGetValue32
                0x02001a78                fifoGetDatamsg
                0x02001f2c                fifoSetDatamsgHandler
                0x02001fc0                fifoCheckAddress
                0x02001fe4                fifoCheckDatamsg
                0x02002008                fifoCheckDatamsgLength
                0x02002038                fifoCheckValue32
                0x0200205c                fifoInit
 .text          0x02002228       0x5c d:/devkitPro/libnds/lib\libnds9.a(libnds_exit.arm.o)
                0x02002228                systemErrorExit
                0x0200222c                __libnds_exit
 .text          0x02002284      0x1ec d:/devkitPro/libnds/lib\libnds9.a(interrupts.o)
                0x02002284                irqDummy
                0x02002288                irqSet
                0x020022f4                irqInit
                0x02002340                irqInitHandler
                0x02002370                irqEnable
                0x020023d4                irqDisable
                0x02002438                irqClear
 .text          0x02002470      0x1b4 d:/devkitPro/libnds/lib\libnds9.a(mpu_setup.o)
                0x02002470                __libnds_mpu_setup
                0x020025b0                memCached
                0x020025c8                memUncached
 *fill*         0x02002624        0xc ff
 .text          0x02002630       0x30 d:/devkitPro/libnds/lib\libnds9.a(swiSoftReset.o)
                0x02002630                swiSoftReset
 .text          0x02002660       0xa4 d:/devkitPro/libnds/lib\libnds9.a(debugprint.o)
                0x02002660                nocashWrite
                0x02002662                nocashMessage
 *fill*         0x02002704        0xc ff
 .text          0x02002710       0x70 d:/devkitPro/libnds/lib\libnds9.a(biosCalls.o)
                0x02002710                swiDelay
                0x02002714                swiIntrWait
                0x02002718                swiWaitForVBlank
                0x0200271c                swiSleep
                0x02002720                swiChangeSoundBias
                0x02002724                swiDivide
                0x02002728                swiRemainder
                0x0200272e                swiDivMod
                0x0200273a                swiCopy
                0x0200273e                swiFastCopy
                0x02002742                swiSqrt
                0x02002746                swiCRC16
                0x0200274a                swiIsDebugger
                0x0200274e                swiUnpackBits
                0x02002752                swiDecompressLZSSWram
                0x02002756                swiDecompressLZSSVramNTR
                0x0200275a                swiDecompressLZSSVramTWL
                0x0200275e                swiDecompressHuffman
                0x02002762                swiDecompressRLEWram
                0x02002766                swiDecompressRLEVram
                0x0200276a                swiWaitForIRQ
                0x0200276e                swiDecodeDelta8
                0x02002772                swiDecodeDelta16
                0x02002776                swiSetHaltCR
 .text          0x02002780        0x0 d:/devkitPro/libnds/lib\libnds9.a(interruptDispatcher.o)
 .text          0x02002780        0x0 d:/devkitPro/libnds/lib\libnds9.a(default_font.bin.o)
 .text          0x02002780      0x244 d:/devkitPro/libnds/lib\libnds9.a(trig.o)
                0x02002780                asinComp
                0x020027a4                sinLutLookup
                0x020027dc                sinLerp
                0x02002818                cosLerp
                0x0200282c                tanLutLookup
                0x02002864                tanLerp
                0x0200290c                asinLerp
                0x02002988                acosLerp
                0x0200299c                atanComp
 .text          0x020029c4      0x134 d:/devkitPro/libnds/lib\libnds9.a(system.o)
                0x020029c4                setSDcallback
                0x020029d0                systemMsgHandler
                0x02002a20                systemSleep
                0x02002a38                systemValueHandler
                0x02002a74                powerOn
                0x02002aa0                powerOff
                0x02002ac8                ledBlink
                0x02002ad8                getBatteryLevel
 .text          0x02002af8      0x1f8 d:/devkitPro/libnds/lib\libnds9.a(video.o)
                0x02002af8                vramSetPrimaryBanks
                0x02002b3c                vramSetMainBanks
                0x02002b80                vramSetBanks_EFG
                0x02002bb8                vramRestorePrimaryBanks
                0x02002bc4                vramRestoreMainBanks
                0x02002bd0                vramRestoreBanks_EFG
                0x02002bdc                setBrightness
                0x02002c1c                vramDefault
 .text          0x02002cf0       0x24 d:/devkitPro/libnds/lib\libnds9.a(timeSupport.o)
                0x02002cf0                __libnds_gtod
 .text          0x02002d14      0x148 d:/devkitpro/devkitarm/bin/../lib/gcc/arm-none-eabi/4.9.2\libgcc.a(_divsi3.o)
                0x02002d14                __divsi3
                0x02002d14                __aeabi_idiv
                0x02002e3c                __aeabi_idivmod
 .text          0x02002e5c        0x4 d:/devkitpro/devkitarm/bin/../lib/gcc/arm-none-eabi/4.9.2\libgcc.a(_dvmd_tls.o)
                0x02002e5c                __aeabi_idiv0
                0x02002e5c                __aeabi_ldiv0
 .text          0x02002e60        0x0 d:/devkitpro/devkitarm/bin/../lib/gcc/arm-none-eabi/4.9.2/../../../../arm-none-eabi/lib\libg.a(lib_a-bsearch.o)
 .text          0x02002e60        0x0 d:/devkitpro/devkitarm/bin/../lib/gcc/arm-none-eabi/4.9.2/../../../../arm-none-eabi/lib\libg.a(lib_a-init.o)
 .text          0x02002e60        0x0 d:/devkitpro/devkitarm/bin/../lib/gcc/arm-none-eabi/4.9.2/../../../../arm-none-eabi/lib\libg.a(lib_a-iprintf.o)
 .text          0x02002e60        0x0 d:/devkitpro/devkitarm/bin/../lib/gcc/arm-none-eabi/4.9.2/../../../../arm-none-eabi/lib\libg.a(lib_a-memcpy.o)
 .text          0x02002e60        0x0 d:/devkitpro/devkitarm/bin/../lib/gcc/arm-none-eabi/4.9.2/../../../../arm-none-eabi/lib\libg.a(lib_a-setvbuf.o)
 .text          0x02002e60        0x0 d:/devkitpro/devkitarm/bin/../lib/gcc/arm-none-eabi/4.9.2/../../../../arm-none-eabi/lib\libg.a(lib_a-siscanf.o)
 .text          0x02002e60        0x0 d:/devkitpro/devkitarm/bin/../lib/gcc/arm-none-eabi/4.9.2/../../../../arm-none-eabi/lib\libg.a(lib_a-stdio.o)
 .text          0x02002e60        0x0 d:/devkitpro/devkitarm/bin/../lib/gcc/arm-none-eabi/4.9.2/../../../../arm-none-eabi/lib\libg.a(lib_a-strlen.o)
 .text          0x02002e60        0x0 d:/devkitpro/devkitarm/bin/../lib/gcc/arm-none-eabi/4.9.2/../../../../arm-none-eabi/lib\libg.a(lib_a-svfiscanf.o)
 .text          0x02002e60        0x0 d:/devkitpro/devkitarm/bin/../lib/gcc/arm-none-eabi/4.9.2/../../../../arm-none-eabi/lib\libg.a(lib_a-ungetc.o)
 .text          0x02002e60        0x0 d:/devkitpro/devkitarm/bin/../lib/gcc/arm-none-eabi/4.9.2/../../../../arm-none-eabi/lib\libg.a(lib_a-vfiprintf.o)
 .text          0x02002e60        0x0 d:/devkitpro/devkitarm/bin/../lib/gcc/arm-none-eabi/4.9.2/../../../../arm-none-eabi/lib\libg.a(lib_a-wcrtomb.o)
 .text          0x02002e60        0x0 d:/devkitpro/devkitarm/bin/../lib/gcc/arm-none-eabi/4.9.2/../../../../arm-none-eabi/lib\libg.a(lib_a-wcsrtombs.o)
 .text          0x02002e60        0x0 d:/devkitpro/devkitarm/bin/../lib/gcc/arm-none-eabi/4.9.2/../../../../arm-none-eabi/lib\libg.a(lib_a-wctomb_r.o)
 .text          0x02002e60        0x0 d:/devkitpro/devkitarm/bin/../lib/gcc/arm-none-eabi/4.9.2/../../../../arm-none-eabi/lib\libg.a(lib_a-wsetup.o)
 .text          0x02002e60        0x0 d:/devkitpro/devkitarm/bin/../lib/gcc/arm-none-eabi/4.9.2/../../../../arm-none-eabi/lib\libg.a(lib_a-ctype_.o)
 .text          0x02002e60        0x0 d:/devkitpro/devkitarm/bin/../lib/gcc/arm-none-eabi/4.9.2/../../../../arm-none-eabi/lib\libg.a(lib_a-fflush.o)
 .text          0x02002e60        0x0 d:/devkitpro/devkitarm/bin/../lib/gcc/arm-none-eabi/4.9.2/../../../../arm-none-eabi/lib\libg.a(lib_a-findfp.o)
 .text          0x02002e60        0x0 d:/devkitpro/devkitarm/bin/../lib/gcc/arm-none-eabi/4.9.2/../../../../arm-none-eabi/lib\libg.a(lib_a-fputwc.o)
 .text          0x02002e60        0x0 d:/devkitpro/devkitarm/bin/../lib/gcc/arm-none-eabi/4.9.2/../../../../arm-none-eabi/lib\libg.a(lib_a-freer.o)
 .text          0x02002e60        0x0 d:/devkitpro/devkitarm/bin/../lib/gcc/arm-none-eabi/4.9.2/../../../../arm-none-eabi/lib\libg.a(lib_a-fvwrite.o)
 .text          0x02002e60        0x0 d:/devkitpro/devkitarm/bin/../lib/gcc/arm-none-eabi/4.9.2/../../../../arm-none-eabi/lib\libg.a(lib_a-fwalk.o)
 .text          0x02002e60        0x0 d:/devkitpro/devkitarm/bin/../lib/gcc/arm-none-eabi/4.9.2/../../../../arm-none-eabi/lib\libg.a(lib_a-impure.o)
 .text          0x02002e60        0x0 d:/devkitpro/devkitarm/bin/../lib/gcc/arm-none-eabi/4.9.2/../../../../arm-none-eabi/lib\libg.a(lib_a-iswspace.o)
 .text          0x02002e60        0x0 d:/devkitpro/devkitarm/bin/../lib/gcc/arm-none-eabi/4.9.2/../../../../arm-none-eabi/lib\libg.a(lib_a-jp2uc.o)
 .text          0x02002e60        0x0 d:/devkitpro/devkitarm/bin/../lib/gcc/arm-none-eabi/4.9.2/../../../../arm-none-eabi/lib\libg.a(lib_a-locale.o)
 .text          0x02002e60        0x0 d:/devkitpro/devkitarm/bin/../lib/gcc/arm-none-eabi/4.9.2/../../../../arm-none-eabi/lib\libg.a(lib_a-makebuf.o)
 .text          0x02002e60        0x0 d:/devkitpro/devkitarm/bin/../lib/gcc/arm-none-eabi/4.9.2/../../../../arm-none-eabi/lib\libg.a(lib_a-malloc.o)
 .text          0x02002e60        0x0 d:/devkitpro/devkitarm/bin/../lib/gcc/arm-none-eabi/4.9.2/../../../../arm-none-eabi/lib\libg.a(lib_a-mallocr.o)
 .text          0x02002e60        0x0 d:/devkitpro/devkitarm/bin/../lib/gcc/arm-none-eabi/4.9.2/../../../../arm-none-eabi/lib\libg.a(lib_a-mbrtowc.o)
 .text          0x02002e60        0x0 d:/devkitpro/devkitarm/bin/../lib/gcc/arm-none-eabi/4.9.2/../../../../arm-none-eabi/lib\libg.a(lib_a-mbtowc_r.o)
 .text          0x02002e60        0x0 d:/devkitpro/devkitarm/bin/../lib/gcc/arm-none-eabi/4.9.2/../../../../arm-none-eabi/lib\libg.a(lib_a-memchr.o)
 .text          0x02002e60        0x0 d:/devkitpro/devkitarm/bin/../lib/gcc/arm-none-eabi/4.9.2/../../../../arm-none-eabi/lib\libg.a(lib_a-memmove.o)
 .text          0x02002e60        0x0 d:/devkitpro/devkitarm/bin/../lib/gcc/arm-none-eabi/4.9.2/../../../../arm-none-eabi/lib\libg.a(lib_a-memset.o)
 .text          0x02002e60        0x0 d:/devkitpro/devkitarm/bin/../lib/gcc/arm-none-eabi/4.9.2/../../../../arm-none-eabi/lib\libg.a(lib_a-mlock.o)
 .text          0x02002e60        0x0 d:/devkitpro/devkitarm/bin/../lib/gcc/arm-none-eabi/4.9.2/../../../../arm-none-eabi/lib\libg.a(lib_a-reallocr.o)
 .text          0x02002e60        0x0 d:/devkitpro/devkitarm/bin/../lib/gcc/arm-none-eabi/4.9.2/../../../../arm-none-eabi/lib\libg.a(lib_a-sccl.o)
 .text          0x02002e60        0x0 d:/devkitpro/devkitarm/bin/../lib/gcc/arm-none-eabi/4.9.2/../../../../arm-none-eabi/lib\libg.a(lib_a-strcasecmp.o)
 .text          0x02002e60        0x0 d:/devkitpro/devkitarm/bin/../lib/gcc/arm-none-eabi/4.9.2/../../../../arm-none-eabi/lib\libg.a(lib_a-strcat.o)
 .text          0x02002e60        0x0 d:/devkitpro/devkitarm/bin/../lib/gcc/arm-none-eabi/4.9.2/../../../../arm-none-eabi/lib\libg.a(lib_a-strchr.o)
 .text          0x02002e60      0x224 d:/devkitpro/devkitarm/bin/../lib/gcc/arm-none-eabi/4.9.2/../../../../arm-none-eabi/lib\libg.a(lib_a-strcmp.o)
                0x02002e60                strcmp
 .text          0x02003084        0x0 d:/devkitpro/devkitarm/bin/../lib/gcc/arm-none-eabi/4.9.2/../../../../arm-none-eabi/lib\libg.a(lib_a-strcpy.o)
 .text          0x02003084        0x0 d:/devkitpro/devkitarm/bin/../lib/gcc/arm-none-eabi/4.9.2/../../../../arm-none-eabi/lib\libg.a(lib_a-strlcpy.o)
 .text          0x02003084        0x0 d:/devkitpro/devkitarm/bin/../lib/gcc/arm-none-eabi/4.9.2/../../../../arm-none-eabi/lib\libg.a(lib_a-strncasecmp.o)
 .text          0x02003084        0x0 d:/devkitpro/devkitarm/bin/../lib/gcc/arm-none-eabi/4.9.2/../../../../arm-none-eabi/lib\libg.a(lib_a-strncmp.o)
 .text          0x02003084        0x0 d:/devkitpro/devkitarm/bin/../lib/gcc/arm-none-eabi/4.9.2/../../../../arm-none-eabi/lib\libg.a(lib_a-strncpy.o)
 .text          0x02003084        0x0 d:/devkitpro/devkitarm/bin/../lib/gcc/arm-none-eabi/4.9.2/../../../../arm-none-eabi/lib\libg.a(lib_a-strtoll_r.o)
 .text          0x02003084        0x0 d:/devkitpro/devkitarm/bin/../lib/gcc/arm-none-eabi/4.9.2/../../../../arm-none-eabi/lib\libg.a(lib_a-strtol.o)
 .text          0x02003084        0x0 d:/devkitpro/devkitarm/bin/../lib/gcc/arm-none-eabi/4.9.2/../../../../arm-none-eabi/lib\libg.a(lib_a-strtoull_r.o)
 .text          0x02003084        0x0 d:/devkitpro/devkitarm/bin/../lib/gcc/arm-none-eabi/4.9.2/../../../../arm-none-eabi/lib\libg.a(lib_a-strtoul.o)
 .text          0x02003084        0x0 d:/devkitpro/devkitarm/bin/../lib/gcc/arm-none-eabi/4.9.2/../../../../arm-none-eabi/lib\libg.a(lib_a-svfiprintf.o)
 .text          0x02003084        0x0 d:/devkitpro/devkitarm/bin/../lib/gcc/arm-none-eabi/4.9.2/../../../../arm-none-eabi/lib\libg.a(lib_a-wbuf.o)
 .text          0x02003084        0x0 d:/devkitpro/devkitarm/bin/../lib/gcc/arm-none-eabi/4.9.2/../../../../arm-none-eabi/lib\libg.a(lib_a-wcsnrtombs.o)
 .text          0x02003084        0x0 d:/devkitpro/devkitarm/bin/../lib/gcc/arm-none-eabi/4.9.2/../../../../arm-none-eabi/lib\libg.a(lib_a-fclose.o)
 .text          0x02003084        0x0 d:/devkitpro/devkitarm/bin/../lib/gcc/arm-none-eabi/4.9.2/../../../../arm-none-eabi/lib\libg.a(lib_a-getenv_r.o)
 .text          0x02003084        0x0 d:/devkitpro/devkitarm/bin/../lib/gcc/arm-none-eabi/4.9.2/../../../../arm-none-eabi/lib\libg.a(lib_a-environ.o)
 .text          0x02003084        0x0 d:/devkitpro/devkitarm/bin/../lib/gcc/arm-none-eabi/4.9.2/../../../../arm-none-eabi/lib\libg.a(lib_a-envlock.o)
 .text          0x02003084      0x1c4 d:/devkitpro/devkitarm/bin/../lib/gcc/arm-none-eabi/4.9.2/../../../../arm-none-eabi/lib\libsysbase.a(iosupport.o)
                0x02003084                setDefaultDevice
                0x0200309c                FindDevice
                0x02003154                RemoveDevice
                0x02003184                AddDevice
                0x02003220                GetDeviceOpTab
 .text          0x02003248       0x88 d:/devkitpro/devkitarm/bin/../lib/gcc/arm-none-eabi/4.9.2/../../../../arm-none-eabi/lib\libsysbase.a(close.o)
                0x02003248                _close_r
 .text          0x020032d0       0x70 d:/devkitpro/devkitarm/bin/../lib/gcc/arm-none-eabi/4.9.2/../../../../arm-none-eabi/lib\libsysbase.a(fstat.o)
                0x020032d0                _fstat_r
 .text          0x02003340        0x8 d:/devkitpro/devkitarm/bin/../lib/gcc/arm-none-eabi/4.9.2/../../../../arm-none-eabi/lib\libsysbase.a(isatty.o)
                0x02003340                _isatty_r
 .text          0x02003348       0x78 d:/devkitpro/devkitarm/bin/../lib/gcc/arm-none-eabi/4.9.2/../../../../arm-none-eabi/lib\libsysbase.a(lseek.o)
                0x02003348                _lseek_r
 .text          0x020033c0       0x78 d:/devkitpro/devkitarm/bin/../lib/gcc/arm-none-eabi/4.9.2/../../../../arm-none-eabi/lib\libsysbase.a(read.o)
                0x020033c0                _read_r
 .text          0x02003438       0x70 d:/devkitpro/devkitarm/bin/../lib/gcc/arm-none-eabi/4.9.2/../../../../arm-none-eabi/lib\libsysbase.a(sbrk.o)
                0x02003438                _sbrk_r
 .text          0x020034a8       0x78 d:/devkitpro/devkitarm/bin/../lib/gcc/arm-none-eabi/4.9.2/../../../../arm-none-eabi/lib\libsysbase.a(write.o)
                0x020034a8                _write_r
 .text          0x02003520        0x0 d:/devkitpro/devkitarm/bin/../lib/gcc/arm-none-eabi/4.9.2/../../../../arm-none-eabi/lib\libsysbase.a(malloc_vars.o)
 .text          0x02003520       0x80 d:/devkitpro/devkitarm/bin/../lib/gcc/arm-none-eabi/4.9.2/../../../../arm-none-eabi/lib\libsysbase.a(build_argv.o)
                0x02003520                build_argv
 .text          0x020035a0        0x8 d:/devkitpro/devkitarm/bin/../lib/gcc/arm-none-eabi/4.9.2/../../../../arm-none-eabi/lib\libsysbase.a(flock.o)
                0x020035a0                __flockfile
                0x020035a4                __funlockfile
 .text          0x020035a8      0x100 d:/devkitpro/devkitarm/bin/../lib/gcc/arm-none-eabi/4.9.2/../../../../arm-none-eabi/lib\libsysbase.a(syscall_support.o)
                0x020035a8                __libc_lock_init
                0x020035c0                __libc_lock_acquire
                0x020035d8                __libc_lock_try_acquire
                0x020035f8                __libc_lock_release
                0x02003610                __libc_lock_close
                0x02003628                __libc_lock_init_recursive
                0x02003640                __libc_lock_acquire_recursive
                0x02003658                __libc_lock_try_acquire_recursive
                0x02003678                __libc_lock_release_recursive
                0x02003690                __libc_lock_close_recursive
 .text          0x020036a8      0x27c d:/devkitpro/devkitarm/bin/../lib/gcc/arm-none-eabi/4.9.2/../../../../arm-none-eabi/lib\libsysbase.a(handle_manager.o)
                0x020036a8                __free_handle
                0x020036f4                __release_handle
                0x02003724                __alloc_handle
                0x02003794                __get_handle
                0x020037b0                dup
                0x02003844                dup2
 .text          0x02003924       0x24 d:/devkitpro/devkitarm/bin/../lib/gcc/arm-none-eabi/4.9.2/../../../../arm-none-eabi/lib\libsysbase.a(getreent.o)
                0x02003924                __getreent
 .text          0x02003948      0x114 d:/devkitpro/devkitarm/bin/../lib/gcc/arm-none-eabi/4.9.2\libgcc.a(_udivsi3.o)
                0x02003948                __aeabi_uidiv
                0x02003948                __udivsi3
                0x02003a3c                __aeabi_uidivmod
 .text          0x02003a5c       0x3c d:/devkitpro/devkitarm/bin/../lib/gcc/arm-none-eabi/4.9.2\libgcc.a(_aeabi_uldivmod.o)
                0x02003a5c                __aeabi_uldivmod
 .text          0x02003a98       0x84 d:/devkitpro/devkitarm/bin/../lib/gcc/arm-none-eabi/4.9.2\libgcc.a(bpabi.o)
                0x02003a98                __gnu_ldivmod_helper
                0x02003adc                __gnu_uldivmod_helper
 .text          0x02003b1c      0x178 d:/devkitpro/devkitarm/bin/../lib/gcc/arm-none-eabi/4.9.2\libgcc.a(_divdi3.o)
                0x02003b1c                __divdi3
 .text          0x02003c94      0x120 d:/devkitpro/devkitarm/bin/../lib/gcc/arm-none-eabi/4.9.2\libgcc.a(_udivdi3.o)
                0x02003c94                __udivdi3
 .text          0x02003db4       0x28 d:/devkitpro/devkitarm/bin/../lib/gcc/arm-none-eabi/4.9.2\libgcc.a(_clzdi2.o)
                0x02003db4                __clzdi2
 .text          0x02003ddc       0x48 d:/devkitpro/devkitarm/bin/../lib/gcc/arm-none-eabi/4.9.2\libgcc.a(_clzsi2.o)
                0x02003ddc                __clzsi2
 .text          0x02003e24        0x0 d:/devkitpro/devkitarm/bin/../lib/gcc/arm-none-eabi/4.9.2/../../../../arm-none-eabi/lib\libg.a(lib_a-errno.o)
 .text          0x02003e24        0x0 d:/devkitpro/devkitarm/bin/../lib/gcc/arm-none-eabi/4.9.2/crtend.o
 .text          0x02003e24        0x0 d:/devkitpro/devkitarm/bin/../lib/gcc/arm-none-eabi/4.9.2/crtn.o
 *(.text.*)
 .text.startup  0x02003e24       0x1c main.o
                0x02003e24                main
 .text.bsearch  0x02003e40       0x84 d:/devkitpro/devkitarm/bin/../lib/gcc/arm-none-eabi/4.9.2/../../../../arm-none-eabi/lib\libg.a(lib_a-bsearch.o)
                0x02003e40                bsearch
 .text.__libc_init_array
                0x02003ec4       0x80 d:/devkitpro/devkitarm/bin/../lib/gcc/arm-none-eabi/4.9.2/../../../../arm-none-eabi/lib\libg.a(lib_a-init.o)
                0x02003ec4                __libc_init_array
 .text.iprintf  0x02003f44       0x38 d:/devkitpro/devkitarm/bin/../lib/gcc/arm-none-eabi/4.9.2/../../../../arm-none-eabi/lib\libg.a(lib_a-iprintf.o)
                0x02003f44                iprintf
 .text._iprintf_r
                0x02003f7c       0x34 d:/devkitpro/devkitarm/bin/../lib/gcc/arm-none-eabi/4.9.2/../../../../arm-none-eabi/lib\libg.a(lib_a-iprintf.o)
                0x02003f7c                _iprintf_r
 .text.memcpy   0x02003fb0       0xf0 d:/devkitpro/devkitarm/bin/../lib/gcc/arm-none-eabi/4.9.2/../../../../arm-none-eabi/lib\libg.a(lib_a-memcpy.o)
                0x02003fb0                memcpy
 .text.setvbuf  0x020040a0      0x1ec d:/devkitpro/devkitarm/bin/../lib/gcc/arm-none-eabi/4.9.2/../../../../arm-none-eabi/lib\libg.a(lib_a-setvbuf.o)
                0x020040a0                setvbuf
 .text.siscanf  0x0200428c       0x74 d:/devkitpro/devkitarm/bin/../lib/gcc/arm-none-eabi/4.9.2/../../../../arm-none-eabi/lib\libg.a(lib_a-siscanf.o)
                0x0200428c                siscanf
 .text._siscanf_r
                0x02004300       0x80 d:/devkitpro/devkitarm/bin/../lib/gcc/arm-none-eabi/4.9.2/../../../../arm-none-eabi/lib\libg.a(lib_a-siscanf.o)
                0x02004300                _siscanf_r
 .text.__sread  0x02004380       0x34 d:/devkitpro/devkitarm/bin/../lib/gcc/arm-none-eabi/4.9.2/../../../../arm-none-eabi/lib\libg.a(lib_a-stdio.o)
                0x02004380                __sread
 .text.__seofread
                0x020043b4        0x8 d:/devkitpro/devkitarm/bin/../lib/gcc/arm-none-eabi/4.9.2/../../../../arm-none-eabi/lib\libg.a(lib_a-stdio.o)
                0x020043b4                __seofread
 .text.__swrite
                0x020043bc       0x58 d:/devkitpro/devkitarm/bin/../lib/gcc/arm-none-eabi/4.9.2/../../../../arm-none-eabi/lib\libg.a(lib_a-stdio.o)
                0x020043bc                __swrite
 .text.__sseek  0x02004414       0x30 d:/devkitpro/devkitarm/bin/../lib/gcc/arm-none-eabi/4.9.2/../../../../arm-none-eabi/lib\libg.a(lib_a-stdio.o)
                0x02004414                __sseek
 .text.__sclose
                0x02004444       0x14 d:/devkitpro/devkitarm/bin/../lib/gcc/arm-none-eabi/4.9.2/../../../../arm-none-eabi/lib\libg.a(lib_a-stdio.o)
                0x02004444                __sclose
 .text.strlen   0x02004458       0x60 d:/devkitpro/devkitarm/bin/../lib/gcc/arm-none-eabi/4.9.2/../../../../arm-none-eabi/lib\libg.a(lib_a-strlen.o)
                0x02004458                strlen
 .text._sungetc_r
                0x020044b8       0xf4 d:/devkitpro/devkitarm/bin/../lib/gcc/arm-none-eabi/4.9.2/../../../../arm-none-eabi/lib\libg.a(lib_a-svfiscanf.o)
                0x020044b8                _sungetc_r
 .text.__ssrefill_r
                0x020045ac       0x6c d:/devkitpro/devkitarm/bin/../lib/gcc/arm-none-eabi/4.9.2/../../../../arm-none-eabi/lib\libg.a(lib_a-svfiscanf.o)
                0x020045ac                __ssrefill_r
 .text._sfread_r
                0x02004618       0xd8 d:/devkitpro/devkitarm/bin/../lib/gcc/arm-none-eabi/4.9.2/../../../../arm-none-eabi/lib\libg.a(lib_a-svfiscanf.o)
                0x02004618                _sfread_r
 .text.__ssvfiscanf_r
                0x020046f0     0x2144 d:/devkitpro/devkitarm/bin/../lib/gcc/arm-none-eabi/4.9.2/../../../../arm-none-eabi/lib\libg.a(lib_a-svfiscanf.o)
                0x020046f0                __ssvfiscanf_r
 .text.__submore
                0x02006834       0xb0 d:/devkitpro/devkitarm/bin/../lib/gcc/arm-none-eabi/4.9.2/../../../../arm-none-eabi/lib\libg.a(lib_a-ungetc.o)
                0x02006834                __submore
 .text._ungetc_r
                0x020068e4      0x244 d:/devkitpro/devkitarm/bin/../lib/gcc/arm-none-eabi/4.9.2/../../../../arm-none-eabi/lib\libg.a(lib_a-ungetc.o)
                0x020068e4                _ungetc_r
 .text.ungetc   0x02006b28       0x20 d:/devkitpro/devkitarm/bin/../lib/gcc/arm-none-eabi/4.9.2/../../../../arm-none-eabi/lib\libg.a(lib_a-ungetc.o)
                0x02006b28                ungetc
 .text.get_arg  0x02006b48      0x860 d:/devkitpro/devkitarm/bin/../lib/gcc/arm-none-eabi/4.9.2/../../../../arm-none-eabi/lib\libg.a(lib_a-vfiprintf.o)
 .text.__sprint_r.part.0
                0x020073a8       0xac d:/devkitpro/devkitarm/bin/../lib/gcc/arm-none-eabi/4.9.2/../../../../arm-none-eabi/lib\libg.a(lib_a-vfiprintf.o)
 .text.__sprint_r
                0x02007454       0x18 d:/devkitpro/devkitarm/bin/../lib/gcc/arm-none-eabi/4.9.2/../../../../arm-none-eabi/lib\libg.a(lib_a-vfiprintf.o)
                0x02007454                __sprint_r
 .text._vfiprintf_r
                0x0200746c     0x30d0 d:/devkitpro/devkitarm/bin/../lib/gcc/arm-none-eabi/4.9.2/../../../../arm-none-eabi/lib\libg.a(lib_a-vfiprintf.o)
                0x0200746c                _vfiprintf_r
 .text.vfiprintf
                0x0200a53c       0x28 d:/devkitpro/devkitarm/bin/../lib/gcc/arm-none-eabi/4.9.2/../../../../arm-none-eabi/lib\libg.a(lib_a-vfiprintf.o)
                0x0200a53c                vfiprintf
 .text.__sbprintf
                0x0200a564       0xac d:/devkitpro/devkitarm/bin/../lib/gcc/arm-none-eabi/4.9.2/../../../../arm-none-eabi/lib\libg.a(lib_a-vfiprintf.o)
 .text._wcrtomb_r
                0x0200a610       0x98 d:/devkitpro/devkitarm/bin/../lib/gcc/arm-none-eabi/4.9.2/../../../../arm-none-eabi/lib\libg.a(lib_a-wcrtomb.o)
                0x0200a610                _wcrtomb_r
 .text.wcrtomb  0x0200a6a8       0xa0 d:/devkitpro/devkitarm/bin/../lib/gcc/arm-none-eabi/4.9.2/../../../../arm-none-eabi/lib\libg.a(lib_a-wcrtomb.o)
                0x0200a6a8                wcrtomb
 .text._wcsrtombs_r
                0x0200a748       0x24 d:/devkitpro/devkitarm/bin/../lib/gcc/arm-none-eabi/4.9.2/../../../../arm-none-eabi/lib\libg.a(lib_a-wcsrtombs.o)
                0x0200a748                _wcsrtombs_r
 .text.wcsrtombs
                0x0200a76c       0x40 d:/devkitpro/devkitarm/bin/../lib/gcc/arm-none-eabi/4.9.2/../../../../arm-none-eabi/lib\libg.a(lib_a-wcsrtombs.o)
                0x0200a76c                wcsrtombs
 .text.__utf8_wctomb
                0x0200a7ac      0x114 d:/devkitpro/devkitarm/bin/../lib/gcc/arm-none-eabi/4.9.2/../../../../arm-none-eabi/lib\libg.a(lib_a-wctomb_r.o)
                0x0200a7ac                __utf8_wctomb
 .text._wctomb_r
                0x0200a8c0       0x50 d:/devkitpro/devkitarm/bin/../lib/gcc/arm-none-eabi/4.9.2/../../../../arm-none-eabi/lib\libg.a(lib_a-wctomb_r.o)
                0x0200a8c0                _wctomb_r
 .text.__ascii_wctomb
                0x0200a910       0x28 d:/devkitpro/devkitarm/bin/../lib/gcc/arm-none-eabi/4.9.2/../../../../arm-none-eabi/lib\libg.a(lib_a-wctomb_r.o)
                0x0200a910                __ascii_wctomb
 .text.__sjis_wctomb
                0x0200a938       0x8c d:/devkitpro/devkitarm/bin/../lib/gcc/arm-none-eabi/4.9.2/../../../../arm-none-eabi/lib\libg.a(lib_a-wctomb_r.o)
                0x0200a938                __sjis_wctomb
 .text.__eucjp_wctomb
                0x0200a9c4       0xd4 d:/devkitpro/devkitarm/bin/../lib/gcc/arm-none-eabi/4.9.2/../../../../arm-none-eabi/lib\libg.a(lib_a-wctomb_r.o)
                0x0200a9c4                __eucjp_wctomb
 .text.__jis_wctomb
                0x0200aa98       0xe0 d:/devkitpro/devkitarm/bin/../lib/gcc/arm-none-eabi/4.9.2/../../../../arm-none-eabi/lib\libg.a(lib_a-wctomb_r.o)
                0x0200aa98                __jis_wctomb
 .text.__swsetup_r
                0x0200ab78      0x154 d:/devkitpro/devkitarm/bin/../lib/gcc/arm-none-eabi/4.9.2/../../../../arm-none-eabi/lib\libg.a(lib_a-wsetup.o)
                0x0200ab78                __swsetup_r
 .text.__set_ctype
                0x0200accc       0x18 d:/devkitpro/devkitarm/bin/../lib/gcc/arm-none-eabi/4.9.2/../../../../arm-none-eabi/lib\libg.a(lib_a-ctype_.o)
                0x0200accc                __set_ctype
 .text.__sflush_r
                0x0200ace4      0x240 d:/devkitpro/devkitarm/bin/../lib/gcc/arm-none-eabi/4.9.2/../../../../arm-none-eabi/lib\libg.a(lib_a-fflush.o)
                0x0200ace4                __sflush_r
 .text._fflush_r
                0x0200af24       0x98 d:/devkitpro/devkitarm/bin/../lib/gcc/arm-none-eabi/4.9.2/../../../../arm-none-eabi/lib\libg.a(lib_a-fflush.o)
                0x0200af24                _fflush_r
 .text.fflush   0x0200afbc       0x3c d:/devkitpro/devkitarm/bin/../lib/gcc/arm-none-eabi/4.9.2/../../../../arm-none-eabi/lib\libg.a(lib_a-fflush.o)
                0x0200afbc                fflush
 .text._cleanup_r
                0x0200aff8       0x18 d:/devkitpro/devkitarm/bin/../lib/gcc/arm-none-eabi/4.9.2/../../../../arm-none-eabi/lib\libg.a(lib_a-findfp.o)
                0x0200aff8                _cleanup_r
 .text.__fp_lock
                0x0200b010       0x1c d:/devkitpro/devkitarm/bin/../lib/gcc/arm-none-eabi/4.9.2/../../../../arm-none-eabi/lib\libg.a(lib_a-findfp.o)
 .text.__fp_unlock
                0x0200b02c       0x1c d:/devkitpro/devkitarm/bin/../lib/gcc/arm-none-eabi/4.9.2/../../../../arm-none-eabi/lib\libg.a(lib_a-findfp.o)
 .text.__sinit.part.1
                0x0200b048      0x160 d:/devkitpro/devkitarm/bin/../lib/gcc/arm-none-eabi/4.9.2/../../../../arm-none-eabi/lib\libg.a(lib_a-findfp.o)
 .text.__sfmoreglue
                0x0200b1a8       0x50 d:/devkitpro/devkitarm/bin/../lib/gcc/arm-none-eabi/4.9.2/../../../../arm-none-eabi/lib\libg.a(lib_a-findfp.o)
                0x0200b1a8                __sfmoreglue
 .text.__sfp    0x0200b1f8       0xec d:/devkitpro/devkitarm/bin/../lib/gcc/arm-none-eabi/4.9.2/../../../../arm-none-eabi/lib\libg.a(lib_a-findfp.o)
                0x0200b1f8                __sfp
 .text._cleanup
                0x0200b2e4       0x24 d:/devkitpro/devkitarm/bin/../lib/gcc/arm-none-eabi/4.9.2/../../../../arm-none-eabi/lib\libg.a(lib_a-findfp.o)
                0x0200b2e4                _cleanup
 .text.__sinit  0x0200b308       0x10 d:/devkitpro/devkitarm/bin/../lib/gcc/arm-none-eabi/4.9.2/../../../../arm-none-eabi/lib\libg.a(lib_a-findfp.o)
                0x0200b308                __sinit
 .text.__sfp_lock_acquire
                0x0200b318        0x4 d:/devkitpro/devkitarm/bin/../lib/gcc/arm-none-eabi/4.9.2/../../../../arm-none-eabi/lib\libg.a(lib_a-findfp.o)
                0x0200b318                __sfp_lock_acquire
 .text.__sfp_lock_release
                0x0200b31c        0x4 d:/devkitpro/devkitarm/bin/../lib/gcc/arm-none-eabi/4.9.2/../../../../arm-none-eabi/lib\libg.a(lib_a-findfp.o)
                0x0200b31c                __sfp_lock_release
 .text.__sinit_lock_acquire
                0x0200b320        0x4 d:/devkitpro/devkitarm/bin/../lib/gcc/arm-none-eabi/4.9.2/../../../../arm-none-eabi/lib\libg.a(lib_a-findfp.o)
                0x0200b320                __sinit_lock_acquire
 .text.__sinit_lock_release
                0x0200b324        0x4 d:/devkitpro/devkitarm/bin/../lib/gcc/arm-none-eabi/4.9.2/../../../../arm-none-eabi/lib\libg.a(lib_a-findfp.o)
                0x0200b324                __sinit_lock_release
 .text.__fp_lock_all
                0x0200b328       0x1c d:/devkitpro/devkitarm/bin/../lib/gcc/arm-none-eabi/4.9.2/../../../../arm-none-eabi/lib\libg.a(lib_a-findfp.o)
                0x0200b328                __fp_lock_all
 .text.__fp_unlock_all
                0x0200b344       0x1c d:/devkitpro/devkitarm/bin/../lib/gcc/arm-none-eabi/4.9.2/../../../../arm-none-eabi/lib\libg.a(lib_a-findfp.o)
                0x0200b344                __fp_unlock_all
 .text.__fputwc
                0x0200b360      0x130 d:/devkitpro/devkitarm/bin/../lib/gcc/arm-none-eabi/4.9.2/../../../../arm-none-eabi/lib\libg.a(lib_a-fputwc.o)
                0x0200b360                __fputwc
 .text._fputwc_r
                0x0200b490       0xb0 d:/devkitpro/devkitarm/bin/../lib/gcc/arm-none-eabi/4.9.2/../../../../arm-none-eabi/lib\libg.a(lib_a-fputwc.o)
                0x0200b490                _fputwc_r
 .text.fputwc   0x0200b540       0x38 d:/devkitpro/devkitarm/bin/../lib/gcc/arm-none-eabi/4.9.2/../../../../arm-none-eabi/lib\libg.a(lib_a-fputwc.o)
                0x0200b540                fputwc
 .text._malloc_trim_r
                0x0200b578      0x100 d:/devkitpro/devkitarm/bin/../lib/gcc/arm-none-eabi/4.9.2/../../../../arm-none-eabi/lib\libg.a(lib_a-freer.o)
                0x0200b578                _malloc_trim_r
 .text._free_r  0x0200b678      0x2bc d:/devkitpro/devkitarm/bin/../lib/gcc/arm-none-eabi/4.9.2/../../../../arm-none-eabi/lib\libg.a(lib_a-freer.o)
                0x0200b678                _free_r
 .text.__sfvwrite_r
                0x0200b934      0x4ec d:/devkitpro/devkitarm/bin/../lib/gcc/arm-none-eabi/4.9.2/../../../../arm-none-eabi/lib\libg.a(lib_a-fvwrite.o)
                0x0200b934                __sfvwrite_r
 .text._fwalk   0x0200be20       0x84 d:/devkitpro/devkitarm/bin/../lib/gcc/arm-none-eabi/4.9.2/../../../../arm-none-eabi/lib\libg.a(lib_a-fwalk.o)
                0x0200be20                _fwalk
 .text._fwalk_reent
                0x0200bea4       0x8c d:/devkitpro/devkitarm/bin/../lib/gcc/arm-none-eabi/4.9.2/../../../../arm-none-eabi/lib\libg.a(lib_a-fwalk.o)
                0x0200bea4                _fwalk_reent
 .text.iswspace
                0x0200bf30       0x7c d:/devkitpro/devkitarm/bin/../lib/gcc/arm-none-eabi/4.9.2/../../../../arm-none-eabi/lib\libg.a(lib_a-iswspace.o)
                0x0200bf30                iswspace
 .text.__jp2uc  0x0200bfac      0x204 d:/devkitpro/devkitarm/bin/../lib/gcc/arm-none-eabi/4.9.2/../../../../arm-none-eabi/lib\libg.a(lib_a-jp2uc.o)
 .text._jp2uc   0x0200c1b0       0x7c d:/devkitpro/devkitarm/bin/../lib/gcc/arm-none-eabi/4.9.2/../../../../arm-none-eabi/lib\libg.a(lib_a-jp2uc.o)
                0x0200c1b0                _jp2uc
 .text.__get_locale_env
                0x0200c22c       0x94 d:/devkitpro/devkitarm/bin/../lib/gcc/arm-none-eabi/4.9.2/../../../../arm-none-eabi/lib\libg.a(lib_a-locale.o)
 .text.loadlocale
                0x0200c2c0      0x8ac d:/devkitpro/devkitarm/bin/../lib/gcc/arm-none-eabi/4.9.2/../../../../arm-none-eabi/lib\libg.a(lib_a-locale.o)
 .text.currentlocale
                0x0200cb6c       0x90 d:/devkitpro/devkitarm/bin/../lib/gcc/arm-none-eabi/4.9.2/../../../../arm-none-eabi/lib\libg.a(lib_a-locale.o)
 .text._setlocale_r
                0x0200cbfc      0x308 d:/devkitpro/devkitarm/bin/../lib/gcc/arm-none-eabi/4.9.2/../../../../arm-none-eabi/lib\libg.a(lib_a-locale.o)
                0x0200cbfc                _setlocale_r
 .text.__locale_charset
                0x0200cf04        0xc d:/devkitpro/devkitarm/bin/../lib/gcc/arm-none-eabi/4.9.2/../../../../arm-none-eabi/lib\libg.a(lib_a-locale.o)
                0x0200cf04                __locale_charset
 .text.__locale_mb_cur_max
                0x0200cf10       0x10 d:/devkitpro/devkitarm/bin/../lib/gcc/arm-none-eabi/4.9.2/../../../../arm-none-eabi/lib\libg.a(lib_a-locale.o)
                0x0200cf10                __locale_mb_cur_max
 .text.__locale_msgcharset
                0x0200cf20        0xc d:/devkitpro/devkitarm/bin/../lib/gcc/arm-none-eabi/4.9.2/../../../../arm-none-eabi/lib\libg.a(lib_a-locale.o)
                0x0200cf20                __locale_msgcharset
 .text.__locale_cjk_lang
                0x0200cf2c       0x10 d:/devkitpro/devkitarm/bin/../lib/gcc/arm-none-eabi/4.9.2/../../../../arm-none-eabi/lib\libg.a(lib_a-locale.o)
                0x0200cf2c                __locale_cjk_lang
 .text._localeconv_r
                0x0200cf3c        0xc d:/devkitpro/devkitarm/bin/../lib/gcc/arm-none-eabi/4.9.2/../../../../arm-none-eabi/lib\libg.a(lib_a-locale.o)
                0x0200cf3c                _localeconv_r
 .text.setlocale
                0x0200cf48       0x20 d:/devkitpro/devkitarm/bin/../lib/gcc/arm-none-eabi/4.9.2/../../../../arm-none-eabi/lib\libg.a(lib_a-locale.o)
                0x0200cf48                setlocale
 .text.localeconv
                0x0200cf68       0x18 d:/devkitpro/devkitarm/bin/../lib/gcc/arm-none-eabi/4.9.2/../../../../arm-none-eabi/lib\libg.a(lib_a-locale.o)
                0x0200cf68                localeconv
 .text.__smakebuf_r
                0x0200cf80      0x168 d:/devkitpro/devkitarm/bin/../lib/gcc/arm-none-eabi/4.9.2/../../../../arm-none-eabi/lib\libg.a(lib_a-makebuf.o)
                0x0200cf80                __smakebuf_r
 .text.malloc   0x0200d0e8       0x1c d:/devkitpro/devkitarm/bin/../lib/gcc/arm-none-eabi/4.9.2/../../../../arm-none-eabi/lib\libg.a(lib_a-malloc.o)
                0x0200d0e8                malloc
 .text.free     0x0200d104       0x1c d:/devkitpro/devkitarm/bin/../lib/gcc/arm-none-eabi/4.9.2/../../../../arm-none-eabi/lib\libg.a(lib_a-malloc.o)
                0x0200d104                free
 .text._malloc_r
                0x0200d120      0x740 d:/devkitpro/devkitarm/bin/../lib/gcc/arm-none-eabi/4.9.2/../../../../arm-none-eabi/lib\libg.a(lib_a-mallocr.o)
                0x0200d120                _malloc_r
 .text._mbrtowc_r
                0x0200d860       0xa4 d:/devkitpro/devkitarm/bin/../lib/gcc/arm-none-eabi/4.9.2/../../../../arm-none-eabi/lib\libg.a(lib_a-mbrtowc.o)
                0x0200d860                _mbrtowc_r
 .text.mbrtowc  0x0200d904       0xa8 d:/devkitpro/devkitarm/bin/../lib/gcc/arm-none-eabi/4.9.2/../../../../arm-none-eabi/lib\libg.a(lib_a-mbrtowc.o)
                0x0200d904                mbrtowc
 .text.__utf8_mbtowc
                0x0200d9ac      0x304 d:/devkitpro/devkitarm/bin/../lib/gcc/arm-none-eabi/4.9.2/../../../../arm-none-eabi/lib\libg.a(lib_a-mbtowc_r.o)
                0x0200d9ac                __utf8_mbtowc
 .text._mbtowc_r
                0x0200dcb0       0x54 d:/devkitpro/devkitarm/bin/../lib/gcc/arm-none-eabi/4.9.2/../../../../arm-none-eabi/lib\libg.a(lib_a-mbtowc_r.o)
                0x0200dcb0                _mbtowc_r
 .text.__ascii_mbtowc
                0x0200dd04       0x4c d:/devkitpro/devkitarm/bin/../lib/gcc/arm-none-eabi/4.9.2/../../../../arm-none-eabi/lib\libg.a(lib_a-mbtowc_r.o)
                0x0200dd04                __ascii_mbtowc
 .text.__sjis_mbtowc
                0x0200dd50       0xdc d:/devkitpro/devkitarm/bin/../lib/gcc/arm-none-eabi/4.9.2/../../../../arm-none-eabi/lib\libg.a(lib_a-mbtowc_r.o)
                0x0200dd50                __sjis_mbtowc
 .text.__eucjp_mbtowc
                0x0200de2c      0x150 d:/devkitpro/devkitarm/bin/../lib/gcc/arm-none-eabi/4.9.2/../../../../arm-none-eabi/lib\libg.a(lib_a-mbtowc_r.o)
                0x0200de2c                __eucjp_mbtowc
 .text.__jis_mbtowc
                0x0200df7c      0x1bc d:/devkitpro/devkitarm/bin/../lib/gcc/arm-none-eabi/4.9.2/../../../../arm-none-eabi/lib\libg.a(lib_a-mbtowc_r.o)
                0x0200df7c                __jis_mbtowc
 .text.memchr   0x0200e138      0x118 d:/devkitpro/devkitarm/bin/../lib/gcc/arm-none-eabi/4.9.2/../../../../arm-none-eabi/lib\libg.a(lib_a-memchr.o)
                0x0200e138                memchr
 .text.memmove  0x0200e250      0x12c d:/devkitpro/devkitarm/bin/../lib/gcc/arm-none-eabi/4.9.2/../../../../arm-none-eabi/lib\libg.a(lib_a-memmove.o)
                0x0200e250                memmove
 .text.memset   0x0200e37c       0xf4 d:/devkitpro/devkitarm/bin/../lib/gcc/arm-none-eabi/4.9.2/../../../../arm-none-eabi/lib\libg.a(lib_a-memset.o)
                0x0200e37c                memset
 .text.__malloc_lock
                0x0200e470        0x4 d:/devkitpro/devkitarm/bin/../lib/gcc/arm-none-eabi/4.9.2/../../../../arm-none-eabi/lib\libg.a(lib_a-mlock.o)
                0x0200e470                __malloc_lock
 .text.__malloc_unlock
                0x0200e474        0x4 d:/devkitpro/devkitarm/bin/../lib/gcc/arm-none-eabi/4.9.2/../../../../arm-none-eabi/lib\libg.a(lib_a-mlock.o)
                0x0200e474                __malloc_unlock
 .text._realloc_r
                0x0200e478      0x4dc d:/devkitpro/devkitarm/bin/../lib/gcc/arm-none-eabi/4.9.2/../../../../arm-none-eabi/lib\libg.a(lib_a-reallocr.o)
                0x0200e478                _realloc_r
 .text.__sccl   0x0200e954       0xdc d:/devkitpro/devkitarm/bin/../lib/gcc/arm-none-eabi/4.9.2/../../../../arm-none-eabi/lib\libg.a(lib_a-sccl.o)
                0x0200e954                __sccl
 .text.strcasecmp
                0x0200ea30       0x6c d:/devkitpro/devkitarm/bin/../lib/gcc/arm-none-eabi/4.9.2/../../../../arm-none-eabi/lib\libg.a(lib_a-strcasecmp.o)
                0x0200ea30                strcasecmp
 .text.strcat   0x0200ea9c       0x84 d:/devkitpro/devkitarm/bin/../lib/gcc/arm-none-eabi/4.9.2/../../../../arm-none-eabi/lib\libg.a(lib_a-strcat.o)
                0x0200ea9c                strcat
 .text.strchr   0x0200eb20      0x160 d:/devkitpro/devkitarm/bin/../lib/gcc/arm-none-eabi/4.9.2/../../../../arm-none-eabi/lib\libg.a(lib_a-strchr.o)
                0x0200eb20                strchr
 .text.strcpy   0x0200ec80       0xf0 d:/devkitpro/devkitarm/bin/../lib/gcc/arm-none-eabi/4.9.2/../../../../arm-none-eabi/lib\libg.a(lib_a-strcpy.o)
                0x0200ec80                strcpy
 .text.strlcpy  0x0200ed70       0x48 d:/devkitpro/devkitarm/bin/../lib/gcc/arm-none-eabi/4.9.2/../../../../arm-none-eabi/lib\libg.a(lib_a-strlcpy.o)
                0x0200ed70                strlcpy
 .text.strncasecmp
                0x0200edb8       0x94 d:/devkitpro/devkitarm/bin/../lib/gcc/arm-none-eabi/4.9.2/../../../../arm-none-eabi/lib\libg.a(lib_a-strncasecmp.o)
                0x0200edb8                strncasecmp
 .text.strncmp  0x0200ee4c      0x118 d:/devkitpro/devkitarm/bin/../lib/gcc/arm-none-eabi/4.9.2/../../../../arm-none-eabi/lib\libg.a(lib_a-strncmp.o)
                0x0200ee4c                strncmp
 .text.strncpy  0x0200ef64       0xe4 d:/devkitpro/devkitarm/bin/../lib/gcc/arm-none-eabi/4.9.2/../../../../arm-none-eabi/lib\libg.a(lib_a-strncpy.o)
                0x0200ef64                strncpy
 .text._strtoll_r
                0x0200f048      0x2c8 d:/devkitpro/devkitarm/bin/../lib/gcc/arm-none-eabi/4.9.2/../../../../arm-none-eabi/lib\libg.a(lib_a-strtoll_r.o)
                0x0200f048                _strtoll_r
 .text._strtol_r
                0x0200f310      0x1dc d:/devkitpro/devkitarm/bin/../lib/gcc/arm-none-eabi/4.9.2/../../../../arm-none-eabi/lib\libg.a(lib_a-strtol.o)
                0x0200f310                _strtol_r
 .text.strtol   0x0200f4ec       0x28 d:/devkitpro/devkitarm/bin/../lib/gcc/arm-none-eabi/4.9.2/../../../../arm-none-eabi/lib\libg.a(lib_a-strtol.o)
                0x0200f4ec                strtol
 *fill*         0x0200f514        0x4 ff
 .text._strtoull_r
                0x0200f518      0x270 d:/devkitpro/devkitarm/bin/../lib/gcc/arm-none-eabi/4.9.2/../../../../arm-none-eabi/lib\libg.a(lib_a-strtoull_r.o)
                0x0200f518                _strtoull_r
 .text._strtoul_r
                0x0200f788      0x1cc d:/devkitpro/devkitarm/bin/../lib/gcc/arm-none-eabi/4.9.2/../../../../arm-none-eabi/lib\libg.a(lib_a-strtoul.o)
                0x0200f788                _strtoul_r
 .text.strtoul  0x0200f954       0x28 d:/devkitpro/devkitarm/bin/../lib/gcc/arm-none-eabi/4.9.2/../../../../arm-none-eabi/lib\libg.a(lib_a-strtoul.o)
                0x0200f954                strtoul
 .text.get_arg  0x0200f97c      0x860 d:/devkitpro/devkitarm/bin/../lib/gcc/arm-none-eabi/4.9.2/../../../../arm-none-eabi/lib\libg.a(lib_a-svfiprintf.o)
 .text.__ssprint_r
                0x020101dc      0x1b0 d:/devkitpro/devkitarm/bin/../lib/gcc/arm-none-eabi/4.9.2/../../../../arm-none-eabi/lib\libg.a(lib_a-svfiprintf.o)
                0x020101dc                __ssprint_r
 .text._svfiprintf_r
                0x0201038c     0x2e94 d:/devkitpro/devkitarm/bin/../lib/gcc/arm-none-eabi/4.9.2/../../../../arm-none-eabi/lib\libg.a(lib_a-svfiprintf.o)
                0x0201038c                _svfiprintf_r
 .text.__swbuf_r
                0x02013220      0x128 d:/devkitpro/devkitarm/bin/../lib/gcc/arm-none-eabi/4.9.2/../../../../arm-none-eabi/lib\libg.a(lib_a-wbuf.o)
                0x02013220                __swbuf_r
 .text.__swbuf  0x02013348       0x20 d:/devkitpro/devkitarm/bin/../lib/gcc/arm-none-eabi/4.9.2/../../../../arm-none-eabi/lib\libg.a(lib_a-wbuf.o)
                0x02013348                __swbuf
 .text._wcsnrtombs_r
                0x02013368      0x194 d:/devkitpro/devkitarm/bin/../lib/gcc/arm-none-eabi/4.9.2/../../../../arm-none-eabi/lib\libg.a(lib_a-wcsnrtombs.o)
                0x02013368                _wcsnrtombs_r
 .text.wcsnrtombs
                0x020134fc       0x44 d:/devkitpro/devkitarm/bin/../lib/gcc/arm-none-eabi/4.9.2/../../../../arm-none-eabi/lib\libg.a(lib_a-wcsnrtombs.o)
                0x020134fc                wcsnrtombs
 .text._fclose_r
                0x02013540      0x11c d:/devkitpro/devkitarm/bin/../lib/gcc/arm-none-eabi/4.9.2/../../../../arm-none-eabi/lib\libg.a(lib_a-fclose.o)
                0x02013540                _fclose_r
 .text.fclose   0x0201365c       0x18 d:/devkitpro/devkitarm/bin/../lib/gcc/arm-none-eabi/4.9.2/../../../../arm-none-eabi/lib\libg.a(lib_a-fclose.o)
                0x0201365c                fclose
 .text._findenv_r
                0x02013674       0xd0 d:/devkitpro/devkitarm/bin/../lib/gcc/arm-none-eabi/4.9.2/../../../../arm-none-eabi/lib\libg.a(lib_a-getenv_r.o)
                0x02013674                _findenv_r
 .text._getenv_r
                0x02013744       0x1c d:/devkitpro/devkitarm/bin/../lib/gcc/arm-none-eabi/4.9.2/../../../../arm-none-eabi/lib\libg.a(lib_a-getenv_r.o)
                0x02013744                _getenv_r
 .text.__env_lock
                0x02013760        0x4 d:/devkitpro/devkitarm/bin/../lib/gcc/arm-none-eabi/4.9.2/../../../../arm-none-eabi/lib\libg.a(lib_a-envlock.o)
                0x02013760                __env_lock
 .text.__env_unlock
                0x02013764        0x4 d:/devkitpro/devkitarm/bin/../lib/gcc/arm-none-eabi/4.9.2/../../../../arm-none-eabi/lib\libg.a(lib_a-envlock.o)
                0x02013764                __env_unlock
 .text.__errno  0x02013768       0x10 d:/devkitpro/devkitarm/bin/../lib/gcc/arm-none-eabi/4.9.2/../../../../arm-none-eabi/lib\libg.a(lib_a-errno.o)
                0x02013768                __errno
 .text.__errno.__stub
                0x02013778       0x90 linker stubs
 *(.stub)
 *(.gnu.warning)
 *(.gnu.linkonce.t*)
 *(.glue_7)
 .glue_7        0x02013820        0x0 linker stubs
 *(.glue_7t)
 .glue_7t       0x02013820        0x0 linker stubs
                0x02013820                . = ALIGN (0x4)

.vfp11_veneer   0x02013820        0x0
 .vfp11_veneer  0x02013820        0x0 linker stubs

.v4_bx          0x02013820        0x0
 .v4_bx         0x02013820        0x0 linker stubs

.iplt           0x02013820        0x0
 .iplt          0x02013820        0x0 d:/devkitpro/devkitarm/bin/../lib/gcc/arm-none-eabi/4.9.2/../../../../arm-none-eabi/lib/ds_arm9_crt0.o

.fini           0x02013820       0x18
 *(.fini)
 .fini          0x02013820        0xc d:/devkitpro/devkitarm/bin/../lib/gcc/arm-none-eabi/4.9.2/crti.o
                0x02013820                _fini
 .fini          0x0201382c        0xc d:/devkitpro/devkitarm/bin/../lib/gcc/arm-none-eabi/4.9.2/crtn.o
                0x02013838                __text_end = .

.rodata         0x02013838     0x6298
 *(.rodata)
 .rodata        0x02013838       0xa0 gfx_ball.o
                0x02013838                gfx_ballTiles
                0x020138b8                gfx_ballPal
 .rodata        0x020138d8       0x28 gfx_brick.o
                0x020138d8                gfx_brickTiles
                0x020138f8                gfx_brickPal
 .rodata        0x02013900      0x120 gfx_gradient.o
                0x02013900                gfx_gradientTiles
                0x02013a00                gfx_gradientPal
 .rodata        0x02013a20      0x20c d:/devkitPro/libnds/lib\libnds9.a(console.o)
 .rodata        0x02013c2c     0x2004 d:/devkitPro/libnds/lib\libnds9.a(default_font.bin.o)
                0x02013c2c                default_font_bin
                0x02015c2c                default_font_bin_size
                0x02015c2c                default_font_bin_end
 .rodata        0x02015c30      0x308 d:/devkitPro/libnds/lib\libnds9.a(trig.o)
                0x02015c30                SIN_LUT
                0x02015d34                TAN_LUT
 .rodata        0x02015f38       0x68 d:/devkitpro/devkitarm/bin/../lib/gcc/arm-none-eabi/4.9.2/../../../../arm-none-eabi/lib\libsysbase.a(iosupport.o)
                0x02015f38                dotab_stdnull
 *all.rodata*(*)
 *(.roda)
 *(.rodata.*)
 .rodata.str1.4
                0x02015fa0       0xbe main.o
                                 0xc0 (size before relaxing)
 *fill*         0x0201605e        0x2 ff
 .rodata.str1.4
                0x02016060       0x4c d:/devkitPro/libnds/lib\libnds9.a(console.o)
 .rodata.basefix.6409
                0x020160ac       0x24 d:/devkitpro/devkitarm/bin/../lib/gcc/arm-none-eabi/4.9.2/../../../../arm-none-eabi/lib\libg.a(lib_a-svfiscanf.o)
 .rodata.zeroes.7030
                0x020160d0       0x10 d:/devkitpro/devkitarm/bin/../lib/gcc/arm-none-eabi/4.9.2/../../../../arm-none-eabi/lib\libg.a(lib_a-vfiprintf.o)
 .rodata.str1.4
                0x020160e0       0x2f d:/devkitpro/devkitarm/bin/../lib/gcc/arm-none-eabi/4.9.2/../../../../arm-none-eabi/lib\libg.a(lib_a-vfiprintf.o)
                                 0x30 (size before relaxing)
 *fill*         0x0201610f        0x1 ff
 .rodata.blanks.7029
                0x02016110       0x10 d:/devkitpro/devkitarm/bin/../lib/gcc/arm-none-eabi/4.9.2/../../../../arm-none-eabi/lib\libg.a(lib_a-vfiprintf.o)
 .rodata._ctype_
                0x02016120      0x104 d:/devkitpro/devkitarm/bin/../lib/gcc/arm-none-eabi/4.9.2/../../../../arm-none-eabi/lib\libg.a(lib_a-ctype_.o)
                0x02016120                _ctype_
 .rodata.str1.4
                0x02016224        0x2 d:/devkitpro/devkitarm/bin/../lib/gcc/arm-none-eabi/4.9.2/../../../../arm-none-eabi/lib\libg.a(lib_a-impure.o)
                                  0x4 (size before relaxing)
 *fill*         0x02016226        0x2 ff
 .rodata._global_impure_ptr
                0x02016228        0x4 d:/devkitpro/devkitarm/bin/../lib/gcc/arm-none-eabi/4.9.2/../../../../arm-none-eabi/lib\libg.a(lib_a-impure.o)
                0x02016228                _global_impure_ptr
 .rodata.a1     0x0201622c       0xbc d:/devkitpro/devkitarm/bin/../lib/gcc/arm-none-eabi/4.9.2/../../../../arm-none-eabi/lib\libg.a(lib_a-jp2uc.o)
 .rodata.a2     0x020162e8       0xbc d:/devkitpro/devkitarm/bin/../lib/gcc/arm-none-eabi/4.9.2/../../../../arm-none-eabi/lib\libg.a(lib_a-jp2uc.o)
 .rodata.a3     0x020163a4       0x5c d:/devkitpro/devkitarm/bin/../lib/gcc/arm-none-eabi/4.9.2/../../../../arm-none-eabi/lib\libg.a(lib_a-jp2uc.o)
 .rodata.a6     0x02016400       0x70 d:/devkitpro/devkitarm/bin/../lib/gcc/arm-none-eabi/4.9.2/../../../../arm-none-eabi/lib\libg.a(lib_a-jp2uc.o)
 .rodata.a7     0x02016470       0xa4 d:/devkitpro/devkitarm/bin/../lib/gcc/arm-none-eabi/4.9.2/../../../../arm-none-eabi/lib\libg.a(lib_a-jp2uc.o)
 .rodata.a8     0x02016514       0x40 d:/devkitpro/devkitarm/bin/../lib/gcc/arm-none-eabi/4.9.2/../../../../arm-none-eabi/lib\libg.a(lib_a-jp2uc.o)
 .rodata.str1.4
                0x02016554       0x12 d:/devkitpro/devkitarm/bin/../lib/gcc/arm-none-eabi/4.9.2/../../../../arm-none-eabi/lib\libg.a(lib_a-jp2uc.o)
                                 0x14 (size before relaxing)
 *fill*         0x02016566        0x2 ff
 .rodata.b02cf  0x02016568     0x172c d:/devkitpro/devkitarm/bin/../lib/gcc/arm-none-eabi/4.9.2/../../../../arm-none-eabi/lib\libg.a(lib_a-jp2uc.o)
 .rodata.d02f4  0x02017c94     0x1a7c d:/devkitpro/devkitarm/bin/../lib/gcc/arm-none-eabi/4.9.2/../../../../arm-none-eabi/lib\libg.a(lib_a-jp2uc.o)
 .rodata.str1.4
                0x02019710      0x112 d:/devkitpro/devkitarm/bin/../lib/gcc/arm-none-eabi/4.9.2/../../../../arm-none-eabi/lib\libg.a(lib_a-locale.o)
                                0x130 (size before relaxing)
 *fill*         0x02019822        0x2 ff
 .rodata.categories
                0x02019824       0x1c d:/devkitpro/devkitarm/bin/../lib/gcc/arm-none-eabi/4.9.2/../../../../arm-none-eabi/lib\libg.a(lib_a-locale.o)
 .rodata.str1.4
                0x02019840        0x4 d:/devkitpro/devkitarm/bin/../lib/gcc/arm-none-eabi/4.9.2/../../../../arm-none-eabi/lib\libg.a(lib_a-mbrtowc.o)
 .rodata.JIS_state_table
                0x02019840       0x48 d:/devkitpro/devkitarm/bin/../lib/gcc/arm-none-eabi/4.9.2/../../../../arm-none-eabi/lib\libg.a(lib_a-mbtowc_r.o)
 .rodata.JIS_action_table
                0x02019888       0x48 d:/devkitpro/devkitarm/bin/../lib/gcc/arm-none-eabi/4.9.2/../../../../arm-none-eabi/lib\libg.a(lib_a-mbtowc_r.o)
 .rodata.__state_table
                0x020198d0       0x6c d:/devkitpro/devkitarm/bin/../lib/gcc/arm-none-eabi/4.9.2/../../../../arm-none-eabi/lib\libg.a(lib_a-svfiprintf.o)
                0x020198d0                __state_table
 .rodata.blanks.7015
                0x0201993c       0x10 d:/devkitpro/devkitarm/bin/../lib/gcc/arm-none-eabi/4.9.2/../../../../arm-none-eabi/lib\libg.a(lib_a-svfiprintf.o)
 .rodata.__chclass
                0x0201994c      0x100 d:/devkitpro/devkitarm/bin/../lib/gcc/arm-none-eabi/4.9.2/../../../../arm-none-eabi/lib\libg.a(lib_a-svfiprintf.o)
                0x0201994c                __chclass
 .rodata.str1.4
                0x02019a4c       0x30 d:/devkitpro/devkitarm/bin/../lib/gcc/arm-none-eabi/4.9.2/../../../../arm-none-eabi/lib\libg.a(lib_a-svfiprintf.o)
 .rodata.__action_table
                0x02019a4c       0x6c d:/devkitpro/devkitarm/bin/../lib/gcc/arm-none-eabi/4.9.2/../../../../arm-none-eabi/lib\libg.a(lib_a-svfiprintf.o)
                0x02019a4c                __action_table
 .rodata.zeroes.7016
                0x02019ab8       0x10 d:/devkitpro/devkitarm/bin/../lib/gcc/arm-none-eabi/4.9.2/../../../../arm-none-eabi/lib\libg.a(lib_a-svfiprintf.o)
 .rodata.str1.4
                0x02019ac8        0x8 d:/devkitpro/devkitarm/bin/../lib/gcc/arm-none-eabi/4.9.2/../../../../arm-none-eabi/lib\libsysbase.a(iosupport.o)
 *(.gnu.linkonce.r*)
                0x02019ad0                . = ALIGN (0x4)

.rel.dyn        0x02019ad0        0x0
 .rel.iplt      0x02019ad0        0x0 d:/devkitpro/devkitarm/bin/../lib/gcc/arm-none-eabi/4.9.2/../../../../arm-none-eabi/lib/ds_arm9_crt0.o

.ARM.extab
 *(.ARM.extab* .gnu.linkonce.armextab.*)
                0x02019ad0                __exidx_start = .

ARM.exidx
 *(.ARM.exidx* .gnu.linkonce.armexidx.*)
                0x02019ad0                __exidx_end = .
                0x02019ad0                . = ALIGN (0x4)
                0x02019ad0                PROVIDE (__preinit_array_start, .)

.preinit_array
 *(.preinit_array)
                0x02019ad0                PROVIDE (__preinit_array_end, .)
                0x02019ad0                PROVIDE (__init_array_start, .)

.init_array     0x02019ad0        0x4
 *(SORT(.init_array.*))
 *(.init_array)
 .init_array    0x02019ad0        0x4 d:/devkitpro/devkitarm/bin/../lib/gcc/arm-none-eabi/4.9.2/crtbegin.o
                0x02019ad4                PROVIDE (__init_array_end, .)
                0x02019ad4                PROVIDE (__fini_array_start, .)

.fini_array     0x02019ad4        0x4
 *(.fini_array)
 .fini_array    0x02019ad4        0x4 d:/devkitpro/devkitarm/bin/../lib/gcc/arm-none-eabi/4.9.2/crtbegin.o
 *(SORT(.fini_array.*))
                0x02019ad8                PROVIDE (__fini_array_end, .)

.ctors          0x02019ad8        0x0
 *crtbegin.o(.ctors)
 *(EXCLUDE_FILE(*crtend.o) .ctors)
 *(SORT(.ctors.*))
 *(.ctors)
                0x02019ad8                . = ALIGN (0x4)

.dtors          0x02019ad8        0x0
 *crtbegin.o(.dtors)
 *(EXCLUDE_FILE(*crtend.o) .dtors)
 *(SORT(.dtors.*))
 *(.dtors)
                0x02019ad8                . = ALIGN (0x4)

.eh_frame       0x02019ad8       0x48
 *(.eh_frame)
 .eh_frame      0x02019ad8        0x0 d:/devkitpro/devkitarm/bin/../lib/gcc/arm-none-eabi/4.9.2/crtbegin.o
 .eh_frame      0x02019ad8       0x44 d:/devkitpro/devkitarm/bin/../lib/gcc/arm-none-eabi/4.9.2/../../../../arm-none-eabi/lib\libg.a(lib_a-strcmp.o)
 .eh_frame      0x02019b1c        0x4 d:/devkitpro/devkitarm/bin/../lib/gcc/arm-none-eabi/4.9.2/crtend.o
                0x02019b20                . = ALIGN (0x4)

.gcc_except_table
                0x02019b20        0x0
 *(.gcc_except_table)
                0x02019b20                . = ALIGN (0x4)

.jcr            0x02019b20        0x4
 *(.jcr)
 .jcr           0x02019b20        0x0 d:/devkitpro/devkitarm/bin/../lib/gcc/arm-none-eabi/4.9.2/crtbegin.o
 .jcr           0x02019b20        0x4 d:/devkitpro/devkitarm/bin/../lib/gcc/arm-none-eabi/4.9.2/crtend.o

.got
 *(.got.plt)
 *(.got)
 *(.rel.got)

.ewram          0x02019b24        0x0
                0x02019b24                __ewram_start = ABSOLUTE (.)
 *(.ewram)
 *ewram.*(.text)
                0x02019b24                . = ALIGN (0x4)

.data           0x02019b24     0x1b0c
                0x02019b24                __data_start = ABSOLUTE (.)
 *(.data)
 .data          0x02019b24        0x0 d:/devkitpro/devkitarm/bin/../lib/gcc/arm-none-eabi/4.9.2/../../../../arm-none-eabi/lib/ds_arm9_crt0.o
 .data          0x02019b24        0x0 d:/devkitpro/devkitarm/bin/../lib/gcc/arm-none-eabi/4.9.2/crti.o
 .data          0x02019b24        0x4 d:/devkitpro/devkitarm/bin/../lib/gcc/arm-none-eabi/4.9.2/crtbegin.o
                0x02019b24                __dso_handle
 .data          0x02019b28        0x0 gfx_ball.o
 .data          0x02019b28        0x0 gfx_brick.o
 .data          0x02019b28        0x0 gfx_gradient.o
 .data          0x02019b28        0x0 main.o
 .data          0x02019b28        0x3 d:/devkitPro/libnds/lib\libnds9.a(keys.o)
 *fill*         0x02019b2b        0x1 ff
 .data          0x02019b2c       0x64 d:/devkitPro/libnds/lib\libnds9.a(console.o)
                0x02019b2c                currentConsole
                0x02019b30                defaultConsole
 .data          0x02019b90       0x60 d:/devkitPro/libnds/lib\libnds9.a(background.o)
                0x02019b90                bgScrollTable
                0x02019bb0                bgTransform
                0x02019bd0                bgControl
 .data          0x02019bf0        0x0 d:/devkitPro/libnds/lib\libnds9.a(initSystem.o)
 .data          0x02019bf0       0x10 d:/devkitPro/libnds/lib\libnds9.a(fifosystem.o)
                0x02019bf0                fifo_buffer_free
                0x02019bf4                fifo_freewords
                0x02019bf8                fifo_send_queue
                0x02019bfc                fifo_receive_queue
 .data          0x02019c00        0x0 d:/devkitPro/libnds/lib\libnds9.a(libnds_exit.arm.o)
 .data          0x02019c00        0x0 d:/devkitPro/libnds/lib\libnds9.a(interrupts.o)
 .data          0x02019c00        0x0 d:/devkitPro/libnds/lib\libnds9.a(mpu_setup.o)
 .data          0x02019c00        0x0 d:/devkitPro/libnds/lib\libnds9.a(swiSoftReset.o)
 .data          0x02019c00        0x0 d:/devkitPro/libnds/lib\libnds9.a(debugprint.o)
 .data          0x02019c00        0x0 d:/devkitPro/libnds/lib\libnds9.a(biosCalls.o)
 .data          0x02019c00        0x0 d:/devkitPro/libnds/lib\libnds9.a(interruptDispatcher.o)
 .data          0x02019c00        0x0 d:/devkitPro/libnds/lib\libnds9.a(default_font.bin.o)
 .data          0x02019c00        0x0 d:/devkitPro/libnds/lib\libnds9.a(trig.o)
 .data          0x02019c00        0x0 d:/devkitPro/libnds/lib\libnds9.a(system.o)
 .data          0x02019c00        0x0 d:/devkitPro/libnds/lib\libnds9.a(video.o)
 .data          0x02019c00        0x0 d:/devkitPro/libnds/lib\libnds9.a(timeSupport.o)
 .data          0x02019c00        0x0 d:/devkitpro/devkitarm/bin/../lib/gcc/arm-none-eabi/4.9.2\libgcc.a(_divsi3.o)
 .data          0x02019c00        0x0 d:/devkitpro/devkitarm/bin/../lib/gcc/arm-none-eabi/4.9.2\libgcc.a(_dvmd_tls.o)
 .data          0x02019c00        0x0 d:/devkitpro/devkitarm/bin/../lib/gcc/arm-none-eabi/4.9.2/../../../../arm-none-eabi/lib\libg.a(lib_a-bsearch.o)
 .data          0x02019c00        0x0 d:/devkitpro/devkitarm/bin/../lib/gcc/arm-none-eabi/4.9.2/../../../../arm-none-eabi/lib\libg.a(lib_a-init.o)
 .data          0x02019c00        0x0 d:/devkitpro/devkitarm/bin/../lib/gcc/arm-none-eabi/4.9.2/../../../../arm-none-eabi/lib\libg.a(lib_a-iprintf.o)
 .data          0x02019c00        0x0 d:/devkitpro/devkitarm/bin/../lib/gcc/arm-none-eabi/4.9.2/../../../../arm-none-eabi/lib\libg.a(lib_a-memcpy.o)
 .data          0x02019c00        0x0 d:/devkitpro/devkitarm/bin/../lib/gcc/arm-none-eabi/4.9.2/../../../../arm-none-eabi/lib\libg.a(lib_a-setvbuf.o)
 .data          0x02019c00        0x0 d:/devkitpro/devkitarm/bin/../lib/gcc/arm-none-eabi/4.9.2/../../../../arm-none-eabi/lib\libg.a(lib_a-siscanf.o)
 .data          0x02019c00        0x0 d:/devkitpro/devkitarm/bin/../lib/gcc/arm-none-eabi/4.9.2/../../../../arm-none-eabi/lib\libg.a(lib_a-stdio.o)
 .data          0x02019c00        0x0 d:/devkitpro/devkitarm/bin/../lib/gcc/arm-none-eabi/4.9.2/../../../../arm-none-eabi/lib\libg.a(lib_a-strlen.o)
 .data          0x02019c00        0x0 d:/devkitpro/devkitarm/bin/../lib/gcc/arm-none-eabi/4.9.2/../../../../arm-none-eabi/lib\libg.a(lib_a-svfiscanf.o)
 .data          0x02019c00        0x0 d:/devkitpro/devkitarm/bin/../lib/gcc/arm-none-eabi/4.9.2/../../../../arm-none-eabi/lib\libg.a(lib_a-ungetc.o)
 .data          0x02019c00        0x0 d:/devkitpro/devkitarm/bin/../lib/gcc/arm-none-eabi/4.9.2/../../../../arm-none-eabi/lib\libg.a(lib_a-vfiprintf.o)
 .data          0x02019c00        0x0 d:/devkitpro/devkitarm/bin/../lib/gcc/arm-none-eabi/4.9.2/../../../../arm-none-eabi/lib\libg.a(lib_a-wcrtomb.o)
 .data          0x02019c00        0x0 d:/devkitpro/devkitarm/bin/../lib/gcc/arm-none-eabi/4.9.2/../../../../arm-none-eabi/lib\libg.a(lib_a-wcsrtombs.o)
 .data          0x02019c00        0x0 d:/devkitpro/devkitarm/bin/../lib/gcc/arm-none-eabi/4.9.2/../../../../arm-none-eabi/lib\libg.a(lib_a-wctomb_r.o)
 .data          0x02019c00        0x0 d:/devkitpro/devkitarm/bin/../lib/gcc/arm-none-eabi/4.9.2/../../../../arm-none-eabi/lib\libg.a(lib_a-wsetup.o)
 .data          0x02019c00        0x0 d:/devkitpro/devkitarm/bin/../lib/gcc/arm-none-eabi/4.9.2/../../../../arm-none-eabi/lib\libg.a(lib_a-ctype_.o)
 .data          0x02019c00        0x0 d:/devkitpro/devkitarm/bin/../lib/gcc/arm-none-eabi/4.9.2/../../../../arm-none-eabi/lib\libg.a(lib_a-fflush.o)
 .data          0x02019c00        0x0 d:/devkitpro/devkitarm/bin/../lib/gcc/arm-none-eabi/4.9.2/../../../../arm-none-eabi/lib\libg.a(lib_a-findfp.o)
 .data          0x02019c00        0x0 d:/devkitpro/devkitarm/bin/../lib/gcc/arm-none-eabi/4.9.2/../../../../arm-none-eabi/lib\libg.a(lib_a-fputwc.o)
 .data          0x02019c00        0x0 d:/devkitpro/devkitarm/bin/../lib/gcc/arm-none-eabi/4.9.2/../../../../arm-none-eabi/lib\libg.a(lib_a-freer.o)
 .data          0x02019c00        0x0 d:/devkitpro/devkitarm/bin/../lib/gcc/arm-none-eabi/4.9.2/../../../../arm-none-eabi/lib\libg.a(lib_a-fvwrite.o)
 .data          0x02019c00        0x0 d:/devkitpro/devkitarm/bin/../lib/gcc/arm-none-eabi/4.9.2/../../../../arm-none-eabi/lib\libg.a(lib_a-fwalk.o)
 .data          0x02019c00        0x0 d:/devkitpro/devkitarm/bin/../lib/gcc/arm-none-eabi/4.9.2/../../../../arm-none-eabi/lib\libg.a(lib_a-impure.o)
 .data          0x02019c00        0x0 d:/devkitpro/devkitarm/bin/../lib/gcc/arm-none-eabi/4.9.2/../../../../arm-none-eabi/lib\libg.a(lib_a-iswspace.o)
 .data          0x02019c00        0x0 d:/devkitpro/devkitarm/bin/../lib/gcc/arm-none-eabi/4.9.2/../../../../arm-none-eabi/lib\libg.a(lib_a-jp2uc.o)
 .data          0x02019c00        0x0 d:/devkitpro/devkitarm/bin/../lib/gcc/arm-none-eabi/4.9.2/../../../../arm-none-eabi/lib\libg.a(lib_a-locale.o)
 .data          0x02019c00        0x0 d:/devkitpro/devkitarm/bin/../lib/gcc/arm-none-eabi/4.9.2/../../../../arm-none-eabi/lib\libg.a(lib_a-makebuf.o)
 .data          0x02019c00        0x0 d:/devkitpro/devkitarm/bin/../lib/gcc/arm-none-eabi/4.9.2/../../../../arm-none-eabi/lib\libg.a(lib_a-malloc.o)
 .data          0x02019c00        0x0 d:/devkitpro/devkitarm/bin/../lib/gcc/arm-none-eabi/4.9.2/../../../../arm-none-eabi/lib\libg.a(lib_a-mallocr.o)
 .data          0x02019c00        0x0 d:/devkitpro/devkitarm/bin/../lib/gcc/arm-none-eabi/4.9.2/../../../../arm-none-eabi/lib\libg.a(lib_a-mbrtowc.o)
 .data          0x02019c00        0x0 d:/devkitpro/devkitarm/bin/../lib/gcc/arm-none-eabi/4.9.2/../../../../arm-none-eabi/lib\libg.a(lib_a-mbtowc_r.o)
 .data          0x02019c00        0x0 d:/devkitpro/devkitarm/bin/../lib/gcc/arm-none-eabi/4.9.2/../../../../arm-none-eabi/lib\libg.a(lib_a-memchr.o)
 .data          0x02019c00        0x0 d:/devkitpro/devkitarm/bin/../lib/gcc/arm-none-eabi/4.9.2/../../../../arm-none-eabi/lib\libg.a(lib_a-memmove.o)
 .data          0x02019c00        0x0 d:/devkitpro/devkitarm/bin/../lib/gcc/arm-none-eabi/4.9.2/../../../../arm-none-eabi/lib\libg.a(lib_a-memset.o)
 .data          0x02019c00        0x0 d:/devkitpro/devkitarm/bin/../lib/gcc/arm-none-eabi/4.9.2/../../../../arm-none-eabi/lib\libg.a(lib_a-mlock.o)
 .data          0x02019c00        0x0 d:/devkitpro/devkitarm/bin/../lib/gcc/arm-none-eabi/4.9.2/../../../../arm-none-eabi/lib\libg.a(lib_a-reallocr.o)
 .data          0x02019c00        0x0 d:/devkitpro/devkitarm/bin/../lib/gcc/arm-none-eabi/4.9.2/../../../../arm-none-eabi/lib\libg.a(lib_a-sccl.o)
 .data          0x02019c00        0x0 d:/devkitpro/devkitarm/bin/../lib/gcc/arm-none-eabi/4.9.2/../../../../arm-none-eabi/lib\libg.a(lib_a-strcasecmp.o)
 .data          0x02019c00        0x0 d:/devkitpro/devkitarm/bin/../lib/gcc/arm-none-eabi/4.9.2/../../../../arm-none-eabi/lib\libg.a(lib_a-strcat.o)
 .data          0x02019c00        0x0 d:/devkitpro/devkitarm/bin/../lib/gcc/arm-none-eabi/4.9.2/../../../../arm-none-eabi/lib\libg.a(lib_a-strchr.o)
 .data          0x02019c00        0x0 d:/devkitpro/devkitarm/bin/../lib/gcc/arm-none-eabi/4.9.2/../../../../arm-none-eabi/lib\libg.a(lib_a-strcmp.o)
 .data          0x02019c00        0x0 d:/devkitpro/devkitarm/bin/../lib/gcc/arm-none-eabi/4.9.2/../../../../arm-none-eabi/lib\libg.a(lib_a-strcpy.o)
 .data          0x02019c00        0x0 d:/devkitpro/devkitarm/bin/../lib/gcc/arm-none-eabi/4.9.2/../../../../arm-none-eabi/lib\libg.a(lib_a-strlcpy.o)
 .data          0x02019c00        0x0 d:/devkitpro/devkitarm/bin/../lib/gcc/arm-none-eabi/4.9.2/../../../../arm-none-eabi/lib\libg.a(lib_a-strncasecmp.o)
 .data          0x02019c00        0x0 d:/devkitpro/devkitarm/bin/../lib/gcc/arm-none-eabi/4.9.2/../../../../arm-none-eabi/lib\libg.a(lib_a-strncmp.o)
 .data          0x02019c00        0x0 d:/devkitpro/devkitarm/bin/../lib/gcc/arm-none-eabi/4.9.2/../../../../arm-none-eabi/lib\libg.a(lib_a-strncpy.o)
 .data          0x02019c00        0x0 d:/devkitpro/devkitarm/bin/../lib/gcc/arm-none-eabi/4.9.2/../../../../arm-none-eabi/lib\libg.a(lib_a-strtoll_r.o)
 .data          0x02019c00        0x0 d:/devkitpro/devkitarm/bin/../lib/gcc/arm-none-eabi/4.9.2/../../../../arm-none-eabi/lib\libg.a(lib_a-strtol.o)
 .data          0x02019c00        0x0 d:/devkitpro/devkitarm/bin/../lib/gcc/arm-none-eabi/4.9.2/../../../../arm-none-eabi/lib\libg.a(lib_a-strtoull_r.o)
 .data          0x02019c00        0x0 d:/devkitpro/devkitarm/bin/../lib/gcc/arm-none-eabi/4.9.2/../../../../arm-none-eabi/lib\libg.a(lib_a-strtoul.o)
 .data          0x02019c00        0x0 d:/devkitpro/devkitarm/bin/../lib/gcc/arm-none-eabi/4.9.2/../../../../arm-none-eabi/lib\libg.a(lib_a-svfiprintf.o)
 .data          0x02019c00        0x0 d:/devkitpro/devkitarm/bin/../lib/gcc/arm-none-eabi/4.9.2/../../../../arm-none-eabi/lib\libg.a(lib_a-wbuf.o)
 .data          0x02019c00        0x0 d:/devkitpro/devkitarm/bin/../lib/gcc/arm-none-eabi/4.9.2/../../../../arm-none-eabi/lib\libg.a(lib_a-wcsnrtombs.o)
 .data          0x02019c00        0x0 d:/devkitpro/devkitarm/bin/../lib/gcc/arm-none-eabi/4.9.2/../../../../arm-none-eabi/lib\libg.a(lib_a-fclose.o)
 .data          0x02019c00        0x0 d:/devkitpro/devkitarm/bin/../lib/gcc/arm-none-eabi/4.9.2/../../../../arm-none-eabi/lib\libg.a(lib_a-getenv_r.o)
 .data          0x02019c00        0x0 d:/devkitpro/devkitarm/bin/../lib/gcc/arm-none-eabi/4.9.2/../../../../arm-none-eabi/lib\libg.a(lib_a-environ.o)
 .data          0x02019c00        0x0 d:/devkitpro/devkitarm/bin/../lib/gcc/arm-none-eabi/4.9.2/../../../../arm-none-eabi/lib\libg.a(lib_a-envlock.o)
 .data          0x02019c00       0x44 d:/devkitpro/devkitarm/bin/../lib/gcc/arm-none-eabi/4.9.2/../../../../arm-none-eabi/lib\libsysbase.a(iosupport.o)
                0x02019c04                devoptab_list
 .data          0x02019c44        0x0 d:/devkitpro/devkitarm/bin/../lib/gcc/arm-none-eabi/4.9.2/../../../../arm-none-eabi/lib\libsysbase.a(close.o)
 .data          0x02019c44        0x0 d:/devkitpro/devkitarm/bin/../lib/gcc/arm-none-eabi/4.9.2/../../../../arm-none-eabi/lib\libsysbase.a(fstat.o)
 .data          0x02019c44        0x0 d:/devkitpro/devkitarm/bin/../lib/gcc/arm-none-eabi/4.9.2/../../../../arm-none-eabi/lib\libsysbase.a(isatty.o)
 .data          0x02019c44        0x0 d:/devkitpro/devkitarm/bin/../lib/gcc/arm-none-eabi/4.9.2/../../../../arm-none-eabi/lib\libsysbase.a(lseek.o)
 .data          0x02019c44        0x0 d:/devkitpro/devkitarm/bin/../lib/gcc/arm-none-eabi/4.9.2/../../../../arm-none-eabi/lib\libsysbase.a(read.o)
 .data          0x02019c44        0x0 d:/devkitpro/devkitarm/bin/../lib/gcc/arm-none-eabi/4.9.2/../../../../arm-none-eabi/lib\libsysbase.a(sbrk.o)
 .data          0x02019c44        0x0 d:/devkitpro/devkitarm/bin/../lib/gcc/arm-none-eabi/4.9.2/../../../../arm-none-eabi/lib\libsysbase.a(write.o)
 .data          0x02019c44        0x0 d:/devkitpro/devkitarm/bin/../lib/gcc/arm-none-eabi/4.9.2/../../../../arm-none-eabi/lib\libsysbase.a(malloc_vars.o)
 .data          0x02019c44        0x0 d:/devkitpro/devkitarm/bin/../lib/gcc/arm-none-eabi/4.9.2/../../../../arm-none-eabi/lib\libsysbase.a(build_argv.o)
 .data          0x02019c44        0x0 d:/devkitpro/devkitarm/bin/../lib/gcc/arm-none-eabi/4.9.2/../../../../arm-none-eabi/lib\libsysbase.a(flock.o)
 .data          0x02019c44        0x0 d:/devkitpro/devkitarm/bin/../lib/gcc/arm-none-eabi/4.9.2/../../../../arm-none-eabi/lib\libsysbase.a(syscall_support.o)
 .data          0x02019c44     0x1024 d:/devkitpro/devkitarm/bin/../lib/gcc/arm-none-eabi/4.9.2/../../../../arm-none-eabi/lib\libsysbase.a(handle_manager.o)
 .data          0x0201ac68        0x0 d:/devkitpro/devkitarm/bin/../lib/gcc/arm-none-eabi/4.9.2/../../../../arm-none-eabi/lib\libsysbase.a(getreent.o)
 .data          0x0201ac68        0x0 d:/devkitpro/devkitarm/bin/../lib/gcc/arm-none-eabi/4.9.2\libgcc.a(_udivsi3.o)
 .data          0x0201ac68        0x0 d:/devkitpro/devkitarm/bin/../lib/gcc/arm-none-eabi/4.9.2\libgcc.a(_aeabi_uldivmod.o)
 .data          0x0201ac68        0x0 d:/devkitpro/devkitarm/bin/../lib/gcc/arm-none-eabi/4.9.2\libgcc.a(bpabi.o)
 .data          0x0201ac68        0x0 d:/devkitpro/devkitarm/bin/../lib/gcc/arm-none-eabi/4.9.2\libgcc.a(_divdi3.o)
 .data          0x0201ac68        0x0 d:/devkitpro/devkitarm/bin/../lib/gcc/arm-none-eabi/4.9.2\libgcc.a(_udivdi3.o)
 .data          0x0201ac68        0x0 d:/devkitpro/devkitarm/bin/../lib/gcc/arm-none-eabi/4.9.2\libgcc.a(_clzdi2.o)
 .data          0x0201ac68        0x0 d:/devkitpro/devkitarm/bin/../lib/gcc/arm-none-eabi/4.9.2\libgcc.a(_clzsi2.o)
 .data          0x0201ac68        0x0 d:/devkitpro/devkitarm/bin/../lib/gcc/arm-none-eabi/4.9.2/../../../../arm-none-eabi/lib\libg.a(lib_a-errno.o)
 .data          0x0201ac68        0x0 d:/devkitpro/devkitarm/bin/../lib/gcc/arm-none-eabi/4.9.2/crtend.o
 .data          0x0201ac68        0x0 d:/devkitpro/devkitarm/bin/../lib/gcc/arm-none-eabi/4.9.2/crtn.o
 *(.data.*)
 .data.__wctomb
                0x0201ac68        0x4 d:/devkitpro/devkitarm/bin/../lib/gcc/arm-none-eabi/4.9.2/../../../../arm-none-eabi/lib\libg.a(lib_a-wctomb_r.o)
                0x0201ac68                __wctomb
 .data.__ctype_ptr__
                0x0201ac6c        0x4 d:/devkitpro/devkitarm/bin/../lib/gcc/arm-none-eabi/4.9.2/../../../../arm-none-eabi/lib\libg.a(lib_a-ctype_.o)
                0x0201ac6c                __ctype_ptr__
 .data.impure_data
                0x0201ac70      0x428 d:/devkitpro/devkitarm/bin/../lib/gcc/arm-none-eabi/4.9.2/../../../../arm-none-eabi/lib\libg.a(lib_a-impure.o)
 .data._impure_ptr
                0x0201b098        0x4 d:/devkitpro/devkitarm/bin/../lib/gcc/arm-none-eabi/4.9.2/../../../../arm-none-eabi/lib\libg.a(lib_a-impure.o)
                0x0201b098                _impure_ptr
 .data.lc_message_charset
                0x0201b09c       0x20 d:/devkitpro/devkitarm/bin/../lib/gcc/arm-none-eabi/4.9.2/../../../../arm-none-eabi/lib\libg.a(lib_a-locale.o)
 .data.lconv    0x0201b0bc       0x38 d:/devkitpro/devkitarm/bin/../lib/gcc/arm-none-eabi/4.9.2/../../../../arm-none-eabi/lib\libg.a(lib_a-locale.o)
 .data.current_categories
                0x0201b0f4       0xe0 d:/devkitpro/devkitarm/bin/../lib/gcc/arm-none-eabi/4.9.2/../../../../arm-none-eabi/lib\libg.a(lib_a-locale.o)
 .data.lc_ctype_charset
                0x0201b1d4       0x20 d:/devkitpro/devkitarm/bin/../lib/gcc/arm-none-eabi/4.9.2/../../../../arm-none-eabi/lib\libg.a(lib_a-locale.o)
 .data.__default_locale
                0x0201b1f4       0x20 d:/devkitpro/devkitarm/bin/../lib/gcc/arm-none-eabi/4.9.2/../../../../arm-none-eabi/lib\libg.a(lib_a-locale.o)
                0x0201b1f4                __default_locale
 .data.__mb_cur_max
                0x0201b214        0x4 d:/devkitpro/devkitarm/bin/../lib/gcc/arm-none-eabi/4.9.2/../../../../arm-none-eabi/lib\libg.a(lib_a-locale.o)
                0x0201b214                __mb_cur_max
 .data.__malloc_av_
                0x0201b218      0x408 d:/devkitpro/devkitarm/bin/../lib/gcc/arm-none-eabi/4.9.2/../../../../arm-none-eabi/lib\libg.a(lib_a-mallocr.o)
                0x0201b218                __malloc_av_
 .data.__malloc_trim_threshold
                0x0201b620        0x4 d:/devkitpro/devkitarm/bin/../lib/gcc/arm-none-eabi/4.9.2/../../../../arm-none-eabi/lib\libg.a(lib_a-mallocr.o)
                0x0201b620                __malloc_trim_threshold
 .data.__malloc_sbrk_base
                0x0201b624        0x4 d:/devkitpro/devkitarm/bin/../lib/gcc/arm-none-eabi/4.9.2/../../../../arm-none-eabi/lib\libg.a(lib_a-mallocr.o)
                0x0201b624                __malloc_sbrk_base
 .data.__mbtowc
                0x0201b628        0x4 d:/devkitpro/devkitarm/bin/../lib/gcc/arm-none-eabi/4.9.2/../../../../arm-none-eabi/lib\libg.a(lib_a-mbtowc_r.o)
                0x0201b628                __mbtowc
 .data.environ  0x0201b62c        0x4 d:/devkitpro/devkitarm/bin/../lib/gcc/arm-none-eabi/4.9.2/../../../../arm-none-eabi/lib\libg.a(lib_a-environ.o)
                0x0201b62c                environ
 *(.gnu.linkonce.d*)
                0x0201b630                . = ALIGN (0x4)
                0x0201b630                __data_end = ABSOLUTE (.)
                0x0201b630                __dtcm_lma = .
                0x0201b630                __bss_vma = .

.igot.plt       0x0201b630        0x0
 .igot.plt      0x0201b630        0x0 d:/devkitpro/devkitarm/bin/../lib/gcc/arm-none-eabi/4.9.2/../../../../arm-none-eabi/lib/ds_arm9_crt0.o

.tm_clone_table
                0x0201b630        0x0
 .tm_clone_table
                0x0201b630        0x0 d:/devkitpro/devkitarm/bin/../lib/gcc/arm-none-eabi/4.9.2/crtbegin.o
 .tm_clone_table
                0x0201b630        0x0 d:/devkitpro/devkitarm/bin/../lib/gcc/arm-none-eabi/4.9.2/crtend.o

.dtcm           0x0b000000        0x0 load address 0x0201b630
 *(.dtcm)
 *(.dtcm.*)
                0x0b000000                . = ALIGN (0x4)
                0x0b000000                __dtcm_end = ABSOLUTE (.)
                0x0201b630                __itcm_lma = (__dtcm_lma + SIZEOF (.dtcm))

.itcm           0x01000100      0x194 load address 0x0201b630
 *(.itcm)
 .itcm          0x01000100       0xc8 d:/devkitPro/libnds/lib\libnds9.a(interrupts.o)
                0x01000100                irqTable
 .itcm          0x010001c8       0xcc d:/devkitPro/libnds/lib\libnds9.a(interruptDispatcher.o)
                0x010001c8                IntrMain
 *itcm.*(.text)
                0x01000294                . = ALIGN (0x4)
                0x01000294                __itcm_end = ABSOLUTE (.)
                0x0201b7c4                __vectors_lma = (__itcm_lma + SIZEOF (.itcm))

.vectors        0x01000000        0x0 load address 0x0201b7c4
 *(.vectors)
 *vectors.*(.text)
                0x01000000                . = ALIGN (0x4)
                0x01000000                __vectors_end = ABSOLUTE (.)

.sbss           0x0b000000        0x0
                0x0b000000                __sbss_start = ABSOLUTE (.)
                0x0b000000                __sbss_start__ = ABSOLUTE (.)
 *(.sbss)
                0x0b000000                . = ALIGN (0x4)
                0x0b000000                __sbss_end = ABSOLUTE (.)

.bss            0x0201b630      0xf68
                0x0201b630                __bss_start = ABSOLUTE (.)
                0x0201b630                __bss_start__ = ABSOLUTE (.)
 *(.dynbss)
 *(.gnu.linkonce.b*)
 *(.bss*)
 .bss           0x0201b630        0x0 d:/devkitpro/devkitarm/bin/../lib/gcc/arm-none-eabi/4.9.2/../../../../arm-none-eabi/lib/ds_arm9_crt0.o
 .bss           0x0201b630        0x0 d:/devkitpro/devkitarm/bin/../lib/gcc/arm-none-eabi/4.9.2/crti.o
 .bss           0x0201b630       0x1c d:/devkitpro/devkitarm/bin/../lib/gcc/arm-none-eabi/4.9.2/crtbegin.o
 .bss           0x0201b64c        0x0 gfx_ball.o
 .bss           0x0201b64c        0x0 gfx_brick.o
 .bss           0x0201b64c        0x0 gfx_gradient.o
 .bss           0x0201b64c        0xc main.o
                0x0201b64c                green
                0x0201b650                blue
                0x0201b654                red
 .bss           0x0201b658        0x6 d:/devkitPro/libnds/lib\libnds9.a(keys.o)
 .bss           0x0201b65e        0x0 d:/devkitPro/libnds/lib\libnds9.a(console.o)
 .bss           0x0201b65e        0x0 d:/devkitPro/libnds/lib\libnds9.a(background.o)
 .bss           0x0201b65e        0x0 d:/devkitPro/libnds/lib\libnds9.a(initSystem.o)
 *fill*         0x0201b65e        0x2 
 .bss           0x0201b660        0x8 d:/devkitPro/libnds/lib\libnds9.a(fifosystem.o)
                0x0201b664                processing
 .bss           0x0201b668        0x0 d:/devkitPro/libnds/lib\libnds9.a(libnds_exit.arm.o)
 .bss           0x0201b668        0x0 d:/devkitPro/libnds/lib\libnds9.a(interrupts.o)
 .bss           0x0201b668        0x0 d:/devkitPro/libnds/lib\libnds9.a(mpu_setup.o)
 .bss           0x0201b668        0x0 d:/devkitPro/libnds/lib\libnds9.a(swiSoftReset.o)
 .bss           0x0201b668        0x0 d:/devkitPro/libnds/lib\libnds9.a(debugprint.o)
 .bss           0x0201b668        0x0 d:/devkitPro/libnds/lib\libnds9.a(biosCalls.o)
 .bss           0x0201b668        0x0 d:/devkitPro/libnds/lib\libnds9.a(interruptDispatcher.o)
 .bss           0x0201b668        0x0 d:/devkitPro/libnds/lib\libnds9.a(default_font.bin.o)
 .bss           0x0201b668        0x0 d:/devkitPro/libnds/lib\libnds9.a(trig.o)
 .bss           0x0201b668        0x4 d:/devkitPro/libnds/lib\libnds9.a(system.o)
 .bss           0x0201b66c        0x0 d:/devkitPro/libnds/lib\libnds9.a(video.o)
 .bss           0x0201b66c        0x0 d:/devkitPro/libnds/lib\libnds9.a(timeSupport.o)
 .bss           0x0201b66c        0x0 d:/devkitpro/devkitarm/bin/../lib/gcc/arm-none-eabi/4.9.2\libgcc.a(_divsi3.o)
 .bss           0x0201b66c        0x0 d:/devkitpro/devkitarm/bin/../lib/gcc/arm-none-eabi/4.9.2\libgcc.a(_dvmd_tls.o)
 .bss           0x0201b66c        0x0 d:/devkitpro/devkitarm/bin/../lib/gcc/arm-none-eabi/4.9.2/../../../../arm-none-eabi/lib\libg.a(lib_a-bsearch.o)
 .bss           0x0201b66c        0x0 d:/devkitpro/devkitarm/bin/../lib/gcc/arm-none-eabi/4.9.2/../../../../arm-none-eabi/lib\libg.a(lib_a-init.o)
 .bss           0x0201b66c        0x0 d:/devkitpro/devkitarm/bin/../lib/gcc/arm-none-eabi/4.9.2/../../../../arm-none-eabi/lib\libg.a(lib_a-iprintf.o)
 .bss           0x0201b66c        0x0 d:/devkitpro/devkitarm/bin/../lib/gcc/arm-none-eabi/4.9.2/../../../../arm-none-eabi/lib\libg.a(lib_a-memcpy.o)
 .bss           0x0201b66c        0x0 d:/devkitpro/devkitarm/bin/../lib/gcc/arm-none-eabi/4.9.2/../../../../arm-none-eabi/lib\libg.a(lib_a-setvbuf.o)
 .bss           0x0201b66c        0x0 d:/devkitpro/devkitarm/bin/../lib/gcc/arm-none-eabi/4.9.2/../../../../arm-none-eabi/lib\libg.a(lib_a-siscanf.o)
 .bss           0x0201b66c        0x0 d:/devkitpro/devkitarm/bin/../lib/gcc/arm-none-eabi/4.9.2/../../../../arm-none-eabi/lib\libg.a(lib_a-stdio.o)
 .bss           0x0201b66c        0x0 d:/devkitpro/devkitarm/bin/../lib/gcc/arm-none-eabi/4.9.2/../../../../arm-none-eabi/lib\libg.a(lib_a-strlen.o)
 .bss           0x0201b66c        0x0 d:/devkitpro/devkitarm/bin/../lib/gcc/arm-none-eabi/4.9.2/../../../../arm-none-eabi/lib\libg.a(lib_a-svfiscanf.o)
 .bss           0x0201b66c        0x0 d:/devkitpro/devkitarm/bin/../lib/gcc/arm-none-eabi/4.9.2/../../../../arm-none-eabi/lib\libg.a(lib_a-ungetc.o)
 .bss           0x0201b66c        0x0 d:/devkitpro/devkitarm/bin/../lib/gcc/arm-none-eabi/4.9.2/../../../../arm-none-eabi/lib\libg.a(lib_a-vfiprintf.o)
 .bss           0x0201b66c        0x0 d:/devkitpro/devkitarm/bin/../lib/gcc/arm-none-eabi/4.9.2/../../../../arm-none-eabi/lib\libg.a(lib_a-wcrtomb.o)
 .bss           0x0201b66c        0x0 d:/devkitpro/devkitarm/bin/../lib/gcc/arm-none-eabi/4.9.2/../../../../arm-none-eabi/lib\libg.a(lib_a-wcsrtombs.o)
 .bss           0x0201b66c        0x0 d:/devkitpro/devkitarm/bin/../lib/gcc/arm-none-eabi/4.9.2/../../../../arm-none-eabi/lib\libg.a(lib_a-wctomb_r.o)
 .bss           0x0201b66c        0x0 d:/devkitpro/devkitarm/bin/../lib/gcc/arm-none-eabi/4.9.2/../../../../arm-none-eabi/lib\libg.a(lib_a-wsetup.o)
 .bss           0x0201b66c        0x0 d:/devkitpro/devkitarm/bin/../lib/gcc/arm-none-eabi/4.9.2/../../../../arm-none-eabi/lib\libg.a(lib_a-ctype_.o)
 .bss           0x0201b66c        0x0 d:/devkitpro/devkitarm/bin/../lib/gcc/arm-none-eabi/4.9.2/../../../../arm-none-eabi/lib\libg.a(lib_a-fflush.o)
 .bss           0x0201b66c        0x0 d:/devkitpro/devkitarm/bin/../lib/gcc/arm-none-eabi/4.9.2/../../../../arm-none-eabi/lib\libg.a(lib_a-findfp.o)
 .bss           0x0201b66c        0x0 d:/devkitpro/devkitarm/bin/../lib/gcc/arm-none-eabi/4.9.2/../../../../arm-none-eabi/lib\libg.a(lib_a-fputwc.o)
 .bss           0x0201b66c        0x0 d:/devkitpro/devkitarm/bin/../lib/gcc/arm-none-eabi/4.9.2/../../../../arm-none-eabi/lib\libg.a(lib_a-freer.o)
 .bss           0x0201b66c        0x0 d:/devkitpro/devkitarm/bin/../lib/gcc/arm-none-eabi/4.9.2/../../../../arm-none-eabi/lib\libg.a(lib_a-fvwrite.o)
 .bss           0x0201b66c        0x0 d:/devkitpro/devkitarm/bin/../lib/gcc/arm-none-eabi/4.9.2/../../../../arm-none-eabi/lib\libg.a(lib_a-fwalk.o)
 .bss           0x0201b66c        0x0 d:/devkitpro/devkitarm/bin/../lib/gcc/arm-none-eabi/4.9.2/../../../../arm-none-eabi/lib\libg.a(lib_a-impure.o)
 .bss           0x0201b66c        0x0 d:/devkitpro/devkitarm/bin/../lib/gcc/arm-none-eabi/4.9.2/../../../../arm-none-eabi/lib\libg.a(lib_a-iswspace.o)
 .bss           0x0201b66c        0x0 d:/devkitpro/devkitarm/bin/../lib/gcc/arm-none-eabi/4.9.2/../../../../arm-none-eabi/lib\libg.a(lib_a-jp2uc.o)
 .bss           0x0201b66c        0x0 d:/devkitpro/devkitarm/bin/../lib/gcc/arm-none-eabi/4.9.2/../../../../arm-none-eabi/lib\libg.a(lib_a-locale.o)
 .bss._PathLocale
                0x0201b66c        0x4 d:/devkitpro/devkitarm/bin/../lib/gcc/arm-none-eabi/4.9.2/../../../../arm-none-eabi/lib\libg.a(lib_a-locale.o)
                0x0201b66c                _PathLocale
 .bss.__nlocale_changed
                0x0201b670        0x4 d:/devkitpro/devkitarm/bin/../lib/gcc/arm-none-eabi/4.9.2/../../../../arm-none-eabi/lib\libg.a(lib_a-locale.o)
                0x0201b670                __nlocale_changed
 .bss.__mlocale_changed
                0x0201b674        0x4 d:/devkitpro/devkitarm/bin/../lib/gcc/arm-none-eabi/4.9.2/../../../../arm-none-eabi/lib\libg.a(lib_a-locale.o)
                0x0201b674                __mlocale_changed
 .bss.lc_ctype_cjk_lang
                0x0201b678        0x4 d:/devkitpro/devkitarm/bin/../lib/gcc/arm-none-eabi/4.9.2/../../../../arm-none-eabi/lib\libg.a(lib_a-locale.o)
 .bss.new_categories
                0x0201b67c       0xe0 d:/devkitpro/devkitarm/bin/../lib/gcc/arm-none-eabi/4.9.2/../../../../arm-none-eabi/lib\libg.a(lib_a-locale.o)
 .bss.current_locale_string
                0x0201b75c       0xe8 d:/devkitpro/devkitarm/bin/../lib/gcc/arm-none-eabi/4.9.2/../../../../arm-none-eabi/lib\libg.a(lib_a-locale.o)
 .bss.saved_categories
                0x0201b844       0xe0 d:/devkitpro/devkitarm/bin/../lib/gcc/arm-none-eabi/4.9.2/../../../../arm-none-eabi/lib\libg.a(lib_a-locale.o)
 .bss           0x0201b924        0x0 d:/devkitpro/devkitarm/bin/../lib/gcc/arm-none-eabi/4.9.2/../../../../arm-none-eabi/lib\libg.a(lib_a-makebuf.o)
 .bss           0x0201b924        0x0 d:/devkitpro/devkitarm/bin/../lib/gcc/arm-none-eabi/4.9.2/../../../../arm-none-eabi/lib\libg.a(lib_a-malloc.o)
 .bss           0x0201b924        0x0 d:/devkitpro/devkitarm/bin/../lib/gcc/arm-none-eabi/4.9.2/../../../../arm-none-eabi/lib\libg.a(lib_a-mallocr.o)
 .bss.__malloc_max_total_mem
                0x0201b924        0x4 d:/devkitpro/devkitarm/bin/../lib/gcc/arm-none-eabi/4.9.2/../../../../arm-none-eabi/lib\libg.a(lib_a-mallocr.o)
                0x0201b924                __malloc_max_total_mem
 .bss.__malloc_max_sbrked_mem
                0x0201b928        0x4 d:/devkitpro/devkitarm/bin/../lib/gcc/arm-none-eabi/4.9.2/../../../../arm-none-eabi/lib\libg.a(lib_a-mallocr.o)
                0x0201b928                __malloc_max_sbrked_mem
 .bss.__malloc_top_pad
                0x0201b92c        0x4 d:/devkitpro/devkitarm/bin/../lib/gcc/arm-none-eabi/4.9.2/../../../../arm-none-eabi/lib\libg.a(lib_a-mallocr.o)
                0x0201b92c                __malloc_top_pad
 .bss.__malloc_current_mallinfo
                0x0201b930       0x28 d:/devkitpro/devkitarm/bin/../lib/gcc/arm-none-eabi/4.9.2/../../../../arm-none-eabi/lib\libg.a(lib_a-mallocr.o)
                0x0201b930                __malloc_current_mallinfo
 .bss           0x0201b958        0x0 d:/devkitpro/devkitarm/bin/../lib/gcc/arm-none-eabi/4.9.2/../../../../arm-none-eabi/lib\libg.a(lib_a-mbrtowc.o)
 .bss           0x0201b958        0x0 d:/devkitpro/devkitarm/bin/../lib/gcc/arm-none-eabi/4.9.2/../../../../arm-none-eabi/lib\libg.a(lib_a-mbtowc_r.o)
 .bss           0x0201b958        0x0 d:/devkitpro/devkitarm/bin/../lib/gcc/arm-none-eabi/4.9.2/../../../../arm-none-eabi/lib\libg.a(lib_a-memchr.o)
 .bss           0x0201b958        0x0 d:/devkitpro/devkitarm/bin/../lib/gcc/arm-none-eabi/4.9.2/../../../../arm-none-eabi/lib\libg.a(lib_a-memmove.o)
 .bss           0x0201b958        0x0 d:/devkitpro/devkitarm/bin/../lib/gcc/arm-none-eabi/4.9.2/../../../../arm-none-eabi/lib\libg.a(lib_a-memset.o)
 .bss           0x0201b958        0x0 d:/devkitpro/devkitarm/bin/../lib/gcc/arm-none-eabi/4.9.2/../../../../arm-none-eabi/lib\libg.a(lib_a-mlock.o)
 .bss           0x0201b958        0x0 d:/devkitpro/devkitarm/bin/../lib/gcc/arm-none-eabi/4.9.2/../../../../arm-none-eabi/lib\libg.a(lib_a-reallocr.o)
 .bss           0x0201b958        0x0 d:/devkitpro/devkitarm/bin/../lib/gcc/arm-none-eabi/4.9.2/../../../../arm-none-eabi/lib\libg.a(lib_a-sccl.o)
 .bss           0x0201b958        0x0 d:/devkitpro/devkitarm/bin/../lib/gcc/arm-none-eabi/4.9.2/../../../../arm-none-eabi/lib\libg.a(lib_a-strcasecmp.o)
 .bss           0x0201b958        0x0 d:/devkitpro/devkitarm/bin/../lib/gcc/arm-none-eabi/4.9.2/../../../../arm-none-eabi/lib\libg.a(lib_a-strcat.o)
 .bss           0x0201b958        0x0 d:/devkitpro/devkitarm/bin/../lib/gcc/arm-none-eabi/4.9.2/../../../../arm-none-eabi/lib\libg.a(lib_a-strchr.o)
 .bss           0x0201b958        0x0 d:/devkitpro/devkitarm/bin/../lib/gcc/arm-none-eabi/4.9.2/../../../../arm-none-eabi/lib\libg.a(lib_a-strcmp.o)
 .bss           0x0201b958        0x0 d:/devkitpro/devkitarm/bin/../lib/gcc/arm-none-eabi/4.9.2/../../../../arm-none-eabi/lib\libg.a(lib_a-strcpy.o)
 .bss           0x0201b958        0x0 d:/devkitpro/devkitarm/bin/../lib/gcc/arm-none-eabi/4.9.2/../../../../arm-none-eabi/lib\libg.a(lib_a-strlcpy.o)