Archive member included to satisfy reference by file (symbol)

c:/devkitPro/libnds/lib\libnds9.a(initSystem.o)
                              c:/devkitpro/devkitarm/bin/../lib/gcc/arm-none-eabi/4.9.2/../../../../arm-none-eabi/lib/ds_arm9_crt0.o (initSystem)
c:/devkitPro/libnds/lib\libnds9.a(fifosystem.o)
                              c:/devkitPro/libnds/lib\libnds9.a(initSystem.o) (fifoSetValue32Handler)
c:/devkitPro/libnds/lib\libnds9.a(libnds_exit.arm.o)
                              c:/devkitpro/devkitarm/bin/../lib/gcc/arm-none-eabi/4.9.2/../../../../arm-none-eabi/lib/ds_arm9_crt0.o (__libnds_exit)
c:/devkitPro/libnds/lib\libnds9.a(interrupts.o)
                              c:/devkitPro/libnds/lib\libnds9.a(fifosystem.o) (irqSet)
c:/devkitPro/libnds/lib\libnds9.a(mpu_setup.o)
                              c:/devkitpro/devkitarm/bin/../lib/gcc/arm-none-eabi/4.9.2/../../../../arm-none-eabi/lib/ds_arm9_crt0.o (__libnds_mpu_setup)
c:/devkitPro/libnds/lib\libnds9.a(swiSoftReset.o)
                              c:/devkitPro/libnds/lib\libnds9.a(fifosystem.o) (swiSoftReset)
c:/devkitPro/libnds/lib\libnds9.a(biosCalls.o)
                              c:/devkitPro/libnds/lib\libnds9.a(fifosystem.o) (swiIntrWait)
c:/devkitPro/libnds/lib\libnds9.a(interruptDispatcher.o)
                              c:/devkitPro/libnds/lib\libnds9.a(interrupts.o) (IntrMain)
c:/devkitPro/libnds/lib\libnds9.a(system.o)
                              c:/devkitPro/libnds/lib\libnds9.a(initSystem.o) (systemMsgHandler)
c:/devkitPro/libnds/lib\libnds9.a(video.o)
                              c:/devkitPro/libnds/lib\libnds9.a(initSystem.o) (vramDefault)
c:/devkitPro/libnds/lib\libnds9.a(timeSupport.o)
                              c:/devkitPro/libnds/lib\libnds9.a(initSystem.o) (__libnds_gtod)
c:/devkitpro/devkitarm/bin/../lib/gcc/arm-none-eabi/4.9.2/../../../../arm-none-eabi/lib\libg.a(lib_a-init.o)
                              c:/devkitpro/devkitarm/bin/../lib/gcc/arm-none-eabi/4.9.2/../../../../arm-none-eabi/lib/ds_arm9_crt0.o (__libc_init_array)
c:/devkitpro/devkitarm/bin/../lib/gcc/arm-none-eabi/4.9.2/../../../../arm-none-eabi/lib\libg.a(lib_a-memcpy.o)
                              c:/devkitPro/libnds/lib\libnds9.a(fifosystem.o) (memcpy)
c:/devkitpro/devkitarm/bin/../lib/gcc/arm-none-eabi/4.9.2/../../../../arm-none-eabi/lib\libg.a(lib_a-memset.o)
                              main.o (memset)
c:/devkitpro/devkitarm/bin/../lib/gcc/arm-none-eabi/4.9.2/../../../../arm-none-eabi/lib\libsysbase.a(malloc_vars.o)
                              c:/devkitpro/devkitarm/bin/../lib/gcc/arm-none-eabi/4.9.2/../../../../arm-none-eabi/lib/ds_arm9_crt0.o (fake_heap_start)
c:/devkitpro/devkitarm/bin/../lib/gcc/arm-none-eabi/4.9.2/../../../../arm-none-eabi/lib\libsysbase.a(build_argv.o)
                              c:/devkitpro/devkitarm/bin/../lib/gcc/arm-none-eabi/4.9.2/../../../../arm-none-eabi/lib/ds_arm9_crt0.o (build_argv)
c:/devkitpro/devkitarm/bin/../lib/gcc/arm-none-eabi/4.9.2/../../../../arm-none-eabi/lib\libsysbase.a(syscall_support.o)
                              c:/devkitPro/libnds/lib\libnds9.a(initSystem.o) (__syscalls)

Allocating common symbols
Common symbol       size              file

fifo_datamsg_data   0x40              c:/devkitPro/libnds/lib\libnds9.a(fifosystem.o)
__dsimode           0x1               c:/devkitPro/libnds/lib\libnds9.a(initSystem.o)
fifo_buffer         0x800             c:/devkitPro/libnds/lib\libnds9.a(fifosystem.o)
g_ball              0x18              main.o
fifo_value32_func   0x40              c:/devkitPro/libnds/lib\libnds9.a(fifosystem.o)
fifo_address_func   0x40              c:/devkitPro/libnds/lib\libnds9.a(fifosystem.o)
fifo_value32_data   0x40              c:/devkitPro/libnds/lib\libnds9.a(fifosystem.o)
fifo_value32_queue  0x40              c:/devkitPro/libnds/lib\libnds9.a(fifosystem.o)
fifo_data_queue     0x40              c:/devkitPro/libnds/lib\libnds9.a(fifosystem.o)
punixTime           0x4               c:/devkitPro/libnds/lib\libnds9.a(timeSupport.o)
fifo_address_data   0x40              c:/devkitPro/libnds/lib\libnds9.a(fifosystem.o)
fifo_datamsg_func   0x40              c:/devkitPro/libnds/lib\libnds9.a(fifosystem.o)
fifo_address_queue  0x40              c:/devkitPro/libnds/lib\libnds9.a(fifosystem.o)

Memory Configuration

Name             Origin             Length             Attributes
rom              0x08000000         0x02000000
ewram            0x02000000         0x003ff000
dtcm             0x0b000000         0x00004000
vectors          0x01000000         0x00000100
itcm             0x01000100         0x00007f00
*default*        0x00000000         0xffffffff

Linker script and memory map

                0x01000000                __vectors_start = ORIGIN (vectors)
                0x01000100                __itcm_start = ORIGIN (itcm)
                0x023ff000                __ewram_end = (ORIGIN (ewram) + 0x3ff000)
                0x023ff000                __eheap_end = (ORIGIN (ewram) + 0x3ff000)
                0x0b000000                __dtcm_start = ORIGIN (dtcm)
                0x0b004000                __dtcm_top = (ORIGIN (dtcm) + 0x4000)
                0x0b003ff8                __irq_flags = (__dtcm_top - 0x8)
                0x0b003ffc                __irq_vector = (__dtcm_top - 0x4)
                0x0b003f00                __sp_svc = (__dtcm_top - 0x100)
                0x0b003e00                __sp_irq = (__sp_svc - 0x100)
                0x0b003d00                __sp_usr = (__sp_irq - 0x100)

.init           0x02000000      0x248
                0x02000000                __text_start = .
 *(.init)
 .init          0x02000000      0x230 c:/devkitpro/devkitarm/bin/../lib/gcc/arm-none-eabi/4.9.2/../../../../arm-none-eabi/lib/ds_arm9_crt0.o
                0x02000000                _start
 .init          0x02000230        0xc c:/devkitpro/devkitarm/bin/../lib/gcc/arm-none-eabi/4.9.2/crti.o
                0x02000230                _init
 .init          0x0200023c        0xc c:/devkitpro/devkitarm/bin/../lib/gcc/arm-none-eabi/4.9.2/crtn.o
                0x02000248                . = ALIGN (0x4)

.plt
 *(.plt)

.text           0x02000250     0x2090
 *(EXCLUDE_FILE(*.itcm*) .text)
 .text          0x02000250        0x0 c:/devkitpro/devkitarm/bin/../lib/gcc/arm-none-eabi/4.9.2/../../../../arm-none-eabi/lib/ds_arm9_crt0.o
 .text          0x02000250        0x0 c:/devkitpro/devkitarm/bin/../lib/gcc/arm-none-eabi/4.9.2/crti.o
 .text          0x02000250      0x108 c:/devkitpro/devkitarm/bin/../lib/gcc/arm-none-eabi/4.9.2/crtbegin.o
 .text          0x02000358        0x0 gfx_ball.o
 .text          0x02000358        0x0 gfx_brick.o
 .text          0x02000358        0x0 gfx_gradient.o
 .text          0x02000358      0x100 ball.o
                0x02000358                ballUpdate
                0x020003ec                ballRender
 .text          0x02000458      0x3f0 main.o
                0x02000458                setupGraphics
                0x020007e4                setupInterrupts
                0x020007f8                resetBall
                0x02000828                updateGraphics
                0x0200083c                processLogic
 .text          0x02000848      0x14c c:/devkitPro/libnds/lib\libnds9.a(initSystem.o)
                0x02000848                initSystem
 .text          0x02000994      0xcb8 c:/devkitPro/libnds/lib\libnds9.a(fifosystem.o)
                0x02000c58                fifoSetValue32Handler
                0x02000ccc                fifoSendAddress
                0x02000cf8                fifoSendValue32
                0x02000d34                fifoSendDatamsg
                0x02000da8                fifoGetAddress
                0x02000e14                fifoSetAddressHandler
                0x02000e88                fifoGetValue32
                0x02000e9c                fifoGetDatamsg
                0x02001350                fifoSetDatamsgHandler
                0x020013e4                fifoCheckAddress
                0x02001408                fifoCheckDatamsg
                0x0200142c                fifoCheckDatamsgLength
                0x0200145c                fifoCheckValue32
                0x02001480                fifoInit
 .text          0x0200164c       0x5c c:/devkitPro/libnds/lib\libnds9.a(libnds_exit.arm.o)
                0x0200164c                systemErrorExit
                0x02001650                __libnds_exit
 .text          0x020016a8      0x1ec c:/devkitPro/libnds/lib\libnds9.a(interrupts.o)
                0x020016a8                irqDummy
                0x020016ac                irqSet
                0x02001718                irqInit
                0x02001764                irqInitHandler
                0x02001794                irqEnable
                0x020017f8                irqDisable
                0x0200185c                irqClear
 .text          0x02001894      0x1b4 c:/devkitPro/libnds/lib\libnds9.a(mpu_setup.o)
                0x02001894                __libnds_mpu_setup
                0x020019d4                memCached
                0x020019ec                memUncached
 *fill*         0x02001a48        0x8 ff
 .text          0x02001a50       0x30 c:/devkitPro/libnds/lib\libnds9.a(swiSoftReset.o)
                0x02001a50                swiSoftReset
 .text          0x02001a80       0x70 c:/devkitPro/libnds/lib\libnds9.a(biosCalls.o)
                0x02001a80                swiDelay
                0x02001a84                swiIntrWait
                0x02001a88                swiWaitForVBlank
                0x02001a8c                swiSleep
                0x02001a90                swiChangeSoundBias
                0x02001a94                swiDivide
                0x02001a98                swiRemainder
                0x02001a9e                swiDivMod
                0x02001aaa                swiCopy
                0x02001aae                swiFastCopy
                0x02001ab2                swiSqrt
                0x02001ab6                swiCRC16
                0x02001aba                swiIsDebugger
                0x02001abe                swiUnpackBits
                0x02001ac2                swiDecompressLZSSWram
                0x02001ac6                swiDecompressLZSSVramNTR
                0x02001aca                swiDecompressLZSSVramTWL
                0x02001ace                swiDecompressHuffman
                0x02001ad2                swiDecompressRLEWram
                0x02001ad6                swiDecompressRLEVram
                0x02001ada                swiWaitForIRQ
                0x02001ade                swiDecodeDelta8
                0x02001ae2                swiDecodeDelta16
                0x02001ae6                swiSetHaltCR
 .text          0x02001af0        0x0 c:/devkitPro/libnds/lib\libnds9.a(interruptDispatcher.o)
 .text          0x02001af0      0x134 c:/devkitPro/libnds/lib\libnds9.a(system.o)
                0x02001af0                setSDcallback
                0x02001afc                systemMsgHandler
                0x02001b4c                systemSleep
                0x02001b64                systemValueHandler
                0x02001ba0                powerOn
                0x02001bcc                powerOff
                0x02001bf4                ledBlink
                0x02001c04                getBatteryLevel
 .text          0x02001c24      0x1f8 c:/devkitPro/libnds/lib\libnds9.a(video.o)
                0x02001c24                vramSetPrimaryBanks
                0x02001c68                vramSetMainBanks
                0x02001cac                vramSetBanks_EFG
                0x02001ce4                vramRestorePrimaryBanks
                0x02001cf0                vramRestoreMainBanks
                0x02001cfc                vramRestoreBanks_EFG
                0x02001d08                setBrightness
                0x02001d48                vramDefault
 .text          0x02001e1c       0x24 c:/devkitPro/libnds/lib\libnds9.a(timeSupport.o)
                0x02001e1c                __libnds_gtod
 .text          0x02001e40        0x0 c:/devkitpro/devkitarm/bin/../lib/gcc/arm-none-eabi/4.9.2/../../../../arm-none-eabi/lib\libg.a(lib_a-init.o)
 .text          0x02001e40        0x0 c:/devkitpro/devkitarm/bin/../lib/gcc/arm-none-eabi/4.9.2/../../../../arm-none-eabi/lib\libg.a(lib_a-memcpy.o)
 .text          0x02001e40        0x0 c:/devkitpro/devkitarm/bin/../lib/gcc/arm-none-eabi/4.9.2/../../../../arm-none-eabi/lib\libg.a(lib_a-memset.o)
 .text          0x02001e40        0x0 c:/devkitpro/devkitarm/bin/../lib/gcc/arm-none-eabi/4.9.2/../../../../arm-none-eabi/lib\libsysbase.a(malloc_vars.o)
 .text          0x02001e40       0x80 c:/devkitpro/devkitarm/bin/../lib/gcc/arm-none-eabi/4.9.2/../../../../arm-none-eabi/lib\libsysbase.a(build_argv.o)
                0x02001e40                build_argv
 .text          0x02001ec0      0x100 c:/devkitpro/devkitarm/bin/../lib/gcc/arm-none-eabi/4.9.2/../../../../arm-none-eabi/lib\libsysbase.a(syscall_support.o)
                0x02001ec0                __libc_lock_init
                0x02001ed8                __libc_lock_acquire
                0x02001ef0                __libc_lock_try_acquire
                0x02001f10                __libc_lock_release
                0x02001f28                __libc_lock_close
                0x02001f40                __libc_lock_init_recursive
                0x02001f58                __libc_lock_acquire_recursive
                0x02001f70                __libc_lock_try_acquire_recursive
                0x02001f90                __libc_lock_release_recursive
                0x02001fa8                __libc_lock_close_recursive
 .text          0x02001fc0        0x0 c:/devkitpro/devkitarm/bin/../lib/gcc/arm-none-eabi/4.9.2/crtend.o
 .text          0x02001fc0        0x0 c:/devkitpro/devkitarm/bin/../lib/gcc/arm-none-eabi/4.9.2/crtn.o
 *(.text.*)
 .text.startup  0x02001fc0       0x60 main.o
                0x02001fc0                main
 .text.__libc_init_array
                0x02002020       0x80 c:/devkitpro/devkitarm/bin/../lib/gcc/arm-none-eabi/4.9.2/../../../../arm-none-eabi/lib\libg.a(lib_a-init.o)
                0x02002020                __libc_init_array
 .text.memcpy   0x020020a0       0xf0 c:/devkitpro/devkitarm/bin/../lib/gcc/arm-none-eabi/4.9.2/../../../../arm-none-eabi/lib\libg.a(lib_a-memcpy.o)
                0x020020a0                memcpy
 .text.memset   0x02002190       0xf4 c:/devkitpro/devkitarm/bin/../lib/gcc/arm-none-eabi/4.9.2/../../../../arm-none-eabi/lib\libg.a(lib_a-memset.o)
                0x02002190                memset
 *fill*         0x02002284        0x4 ff
 .text.memset.__stub
                0x02002288       0x48 linker stubs
 *(.stub)
 *(.gnu.warning)
 *(.gnu.linkonce.t*)
 *(.glue_7)
 .glue_7        0x020022e0        0x0 linker stubs
 *(.glue_7t)
 .glue_7t       0x020022e0        0x0 linker stubs
                0x020022e0                . = ALIGN (0x4)

.vfp11_veneer   0x020022e0        0x0
 .vfp11_veneer  0x020022e0        0x0 linker stubs

.v4_bx          0x020022e0        0x0
 .v4_bx         0x020022e0        0x0 linker stubs

.iplt           0x020022e0        0x0
 .iplt          0x020022e0        0x0 c:/devkitpro/devkitarm/bin/../lib/gcc/arm-none-eabi/4.9.2/../../../../arm-none-eabi/lib/ds_arm9_crt0.o

.fini           0x020022e0       0x18
 *(.fini)
 .fini          0x020022e0        0xc c:/devkitpro/devkitarm/bin/../lib/gcc/arm-none-eabi/4.9.2/crti.o
                0x020022e0                _fini
 .fini          0x020022ec        0xc c:/devkitpro/devkitarm/bin/../lib/gcc/arm-none-eabi/4.9.2/crtn.o
                0x020022f8                __text_end = .

.rodata         0x020022f8      0x1e8
 *(.rodata)
 .rodata        0x020022f8       0xa0 gfx_ball.o
                0x020022f8                gfx_ballTiles
                0x02002378                gfx_ballPal
 .rodata        0x02002398       0x28 gfx_brick.o
                0x02002398                gfx_brickTiles
                0x020023b8                gfx_brickPal
 .rodata        0x020023c0      0x120 gfx_gradient.o
                0x020023c0                gfx_gradientTiles
                0x020024c0                gfx_gradientPal
 *all.rodata*(*)
 *(.roda)
 *(.rodata.*)
 *(.gnu.linkonce.r*)
                0x020024e0                . = ALIGN (0x4)

.rel.dyn        0x020024e0        0x0
 .rel.iplt      0x020024e0        0x0 c:/devkitpro/devkitarm/bin/../lib/gcc/arm-none-eabi/4.9.2/../../../../arm-none-eabi/lib/ds_arm9_crt0.o

.ARM.extab
 *(.ARM.extab* .gnu.linkonce.armextab.*)
                0x020024e0                __exidx_start = .

ARM.exidx
 *(.ARM.exidx* .gnu.linkonce.armexidx.*)
                0x020024e0                __exidx_end = .
                0x020024e0                . = ALIGN (0x4)
                0x020024e0                PROVIDE (__preinit_array_start, .)

.preinit_array
 *(.preinit_array)
                0x020024e0                PROVIDE (__preinit_array_end, .)
                0x020024e0                PROVIDE (__init_array_start, .)

.init_array     0x020024e0        0x4
 *(SORT(.init_array.*))
 *(.init_array)
 .init_array    0x020024e0        0x4 c:/devkitpro/devkitarm/bin/../lib/gcc/arm-none-eabi/4.9.2/crtbegin.o
                0x020024e4                PROVIDE (__init_array_end, .)
                0x020024e4                PROVIDE (__fini_array_start, .)

.fini_array     0x020024e4        0x4
 *(.fini_array)
 .fini_array    0x020024e4        0x4 c:/devkitpro/devkitarm/bin/../lib/gcc/arm-none-eabi/4.9.2/crtbegin.o
 *(SORT(.fini_array.*))
                0x020024e8                PROVIDE (__fini_array_end, .)

.ctors          0x020024e8        0x0
 *crtbegin.o(.ctors)
 *(EXCLUDE_FILE(*crtend.o) .ctors)
 *(SORT(.ctors.*))
 *(.ctors)
                0x020024e8                . = ALIGN (0x4)

.dtors          0x020024e8        0x0
 *crtbegin.o(.dtors)
 *(EXCLUDE_FILE(*crtend.o) .dtors)
 *(SORT(.dtors.*))
 *(.dtors)
                0x020024e8                . = ALIGN (0x4)

.eh_frame       0x020024e8        0x4
 *(.eh_frame)
 .eh_frame      0x020024e8        0x0 c:/devkitpro/devkitarm/bin/../lib/gcc/arm-none-eabi/4.9.2/crtbegin.o
 .eh_frame      0x020024e8        0x4 c:/devkitpro/devkitarm/bin/../lib/gcc/arm-none-eabi/4.9.2/crtend.o
                0x020024ec                . = ALIGN (0x4)

.gcc_except_table
                0x020024ec        0x0
 *(.gcc_except_table)
                0x020024ec                . = ALIGN (0x4)

.jcr            0x020024ec        0x4
 *(.jcr)
 .jcr           0x020024ec        0x0 c:/devkitpro/devkitarm/bin/../lib/gcc/arm-none-eabi/4.9.2/crtbegin.o
 .jcr           0x020024ec        0x4 c:/devkitpro/devkitarm/bin/../lib/gcc/arm-none-eabi/4.9.2/crtend.o

.got
 *(.got.plt)
 *(.got)
 *(.rel.got)

.ewram          0x020024f0        0x0
                0x020024f0                __ewram_start = ABSOLUTE (.)
 *(.ewram)
 *ewram.*(.text)
                0x020024f0                . = ALIGN (0x4)

.data           0x020024f0       0x14
                0x020024f0                __data_start = ABSOLUTE (.)
 *(.data)
 .data          0x020024f0        0x0 c:/devkitpro/devkitarm/bin/../lib/gcc/arm-none-eabi/4.9.2/../../../../arm-none-eabi/lib/ds_arm9_crt0.o
 .data          0x020024f0        0x0 c:/devkitpro/devkitarm/bin/../lib/gcc/arm-none-eabi/4.9.2/crti.o
 .data          0x020024f0        0x4 c:/devkitpro/devkitarm/bin/../lib/gcc/arm-none-eabi/4.9.2/crtbegin.o
                0x020024f0                __dso_handle
 .data          0x020024f4        0x0 gfx_ball.o
 .data          0x020024f4        0x0 gfx_brick.o
 .data          0x020024f4        0x0 gfx_gradient.o
 .data          0x020024f4        0x0 ball.o
 .data          0x020024f4        0x0 main.o
 .data          0x020024f4        0x0 c:/devkitPro/libnds/lib\libnds9.a(initSystem.o)
 .data          0x020024f4       0x10 c:/devkitPro/libnds/lib\libnds9.a(fifosystem.o)
                0x020024f4                fifo_buffer_free
                0x020024f8                fifo_freewords
                0x020024fc                fifo_send_queue
                0x02002500                fifo_receive_queue
 .data          0x02002504        0x0 c:/devkitPro/libnds/lib\libnds9.a(libnds_exit.arm.o)
 .data          0x02002504        0x0 c:/devkitPro/libnds/lib\libnds9.a(interrupts.o)
 .data          0x02002504        0x0 c:/devkitPro/libnds/lib\libnds9.a(mpu_setup.o)
 .data          0x02002504        0x0 c:/devkitPro/libnds/lib\libnds9.a(swiSoftReset.o)
 .data          0x02002504        0x0 c:/devkitPro/libnds/lib\libnds9.a(biosCalls.o)
 .data          0x02002504        0x0 c:/devkitPro/libnds/lib\libnds9.a(interruptDispatcher.o)
 .data          0x02002504        0x0 c:/devkitPro/libnds/lib\libnds9.a(system.o)
 .data          0x02002504        0x0 c:/devkitPro/libnds/lib\libnds9.a(video.o)
 .data          0x02002504        0x0 c:/devkitPro/libnds/lib\libnds9.a(timeSupport.o)
 .data          0x02002504        0x0 c:/devkitpro/devkitarm/bin/../lib/gcc/arm-none-eabi/4.9.2/../../../../arm-none-eabi/lib\libg.a(lib_a-init.o)
 .data          0x02002504        0x0 c:/devkitpro/devkitarm/bin/../lib/gcc/arm-none-eabi/4.9.2/../../../../arm-none-eabi/lib\libg.a(lib_a-memcpy.o)
 .data          0x02002504        0x0 c:/devkitpro/devkitarm/bin/../lib/gcc/arm-none-eabi/4.9.2/../../../../arm-none-eabi/lib\libg.a(lib_a-memset.o)
 .data          0x02002504        0x0 c:/devkitpro/devkitarm/bin/../lib/gcc/arm-none-eabi/4.9.2/../../../../arm-none-eabi/lib\libsysbase.a(malloc_vars.o)
 .data          0x02002504        0x0 c:/devkitpro/devkitarm/bin/../lib/gcc/arm-none-eabi/4.9.2/../../../../arm-none-eabi/lib\libsysbase.a(build_argv.o)
 .data          0x02002504        0x0 c:/devkitpro/devkitarm/bin/../lib/gcc/arm-none-eabi/4.9.2/../../../../arm-none-eabi/lib\libsysbase.a(syscall_support.o)
 .data          0x02002504        0x0 c:/devkitpro/devkitarm/bin/../lib/gcc/arm-none-eabi/4.9.2/crtend.o
 .data          0x02002504        0x0 c:/devkitpro/devkitarm/bin/../lib/gcc/arm-none-eabi/4.9.2/crtn.o
 *(.data.*)
 *(.gnu.linkonce.d*)
                0x02002504                . = ALIGN (0x4)
                0x02002504                __data_end = ABSOLUTE (.)
                0x02002504                __dtcm_lma = .
                0x02002504                __bss_vma = .

.igot.plt       0x02002504        0x0
 .igot.plt      0x02002504        0x0 c:/devkitpro/devkitarm/bin/../lib/gcc/arm-none-eabi/4.9.2/../../../../arm-none-eabi/lib/ds_arm9_crt0.o

.tm_clone_table
                0x02002504        0x0
 .tm_clone_table
                0x02002504        0x0 c:/devkitpro/devkitarm/bin/../lib/gcc/arm-none-eabi/4.9.2/crtbegin.o
 .tm_clone_table
                0x02002504        0x0 c:/devkitpro/devkitarm/bin/../lib/gcc/arm-none-eabi/4.9.2/crtend.o

.dtcm           0x0b000000        0x0 load address 0x02002504
 *(.dtcm)
 *(.dtcm.*)
                0x0b000000                . = ALIGN (0x4)
                0x0b000000                __dtcm_end = ABSOLUTE (.)
                0x02002504                __itcm_lma = (__dtcm_lma + SIZEOF (.dtcm))

.itcm           0x01000100      0x194 load address 0x02002504
 *(.itcm)
 .itcm          0x01000100       0xc8 c:/devkitPro/libnds/lib\libnds9.a(interrupts.o)
                0x01000100                irqTable
 .itcm          0x010001c8       0xcc c:/devkitPro/libnds/lib\libnds9.a(interruptDispatcher.o)
                0x010001c8                IntrMain
 *itcm.*(.text)
                0x01000294                . = ALIGN (0x4)
                0x01000294                __itcm_end = ABSOLUTE (.)
                0x02002698                __vectors_lma = (__itcm_lma + SIZEOF (.itcm))

.vectors        0x01000000        0x0 load address 0x02002698
 *(.vectors)
 *vectors.*(.text)
                0x01000000                . = ALIGN (0x4)
                0x01000000                __vectors_end = ABSOLUTE (.)

.sbss           0x0b000000        0x0
                0x0b000000                __sbss_start = ABSOLUTE (.)
                0x0b000000                __sbss_start__ = ABSOLUTE (.)
 *(.sbss)
                0x0b000000                . = ALIGN (0x4)
                0x0b000000                __sbss_end = ABSOLUTE (.)

.bss            0x02002504      0xad0
                0x02002504                __bss_start = ABSOLUTE (.)
                0x02002504                __bss_start__ = ABSOLUTE (.)
 *(.dynbss)
 *(.gnu.linkonce.b*)
 *(.bss*)
 .bss           0x02002504        0x0 c:/devkitpro/devkitarm/bin/../lib/gcc/arm-none-eabi/4.9.2/../../../../arm-none-eabi/lib/ds_arm9_crt0.o
 .bss           0x02002504        0x0 c:/devkitpro/devkitarm/bin/../lib/gcc/arm-none-eabi/4.9.2/crti.o
 .bss           0x02002504       0x1c c:/devkitpro/devkitarm/bin/../lib/gcc/arm-none-eabi/4.9.2/crtbegin.o
 .bss           0x02002520        0x0 gfx_ball.o
 .bss           0x02002520        0x0 gfx_brick.o
 .bss           0x02002520        0x0 gfx_gradient.o
 .bss           0x02002520        0x0 ball.o
 .bss           0x02002520        0x0 main.o
 .bss           0x02002520        0x0 c:/devkitPro/libnds/lib\libnds9.a(initSystem.o)
 .bss           0x02002520        0x8 c:/devkitPro/libnds/lib\libnds9.a(fifosystem.o)
                0x02002524                processing
 .bss           0x02002528        0x0 c:/devkitPro/libnds/lib\libnds9.a(libnds_exit.arm.o)
 .bss           0x02002528        0x0 c:/devkitPro/libnds/lib\libnds9.a(interrupts.o)
 .bss           0x02002528        0x0 c:/devkitPro/libnds/lib\libnds9.a(mpu_setup.o)
 .bss           0x02002528        0x0 c:/devkitPro/libnds/lib\libnds9.a(swiSoftReset.o)
 .bss           0x02002528        0x0 c:/devkitPro/libnds/lib\libnds9.a(biosCalls.o)
 .bss           0x02002528        0x0 c:/devkitPro/libnds/lib\libnds9.a(interruptDispatcher.o)
 .bss           0x02002528        0x4 c:/devkitPro/libnds/lib\libnds9.a(system.o)
 .bss           0x0200252c        0x0 c:/devkitPro/libnds/lib\libnds9.a(video.o)
 .bss           0x0200252c        0x0 c:/devkitPro/libnds/lib\libnds9.a(timeSupport.o)
 .bss           0x0200252c        0x0 c:/devkitpro/devkitarm/bin/../lib/gcc/arm-none-eabi/4.9.2/../../../../arm-none-eabi/lib\libg.a(lib_a-init.o)
 .bss           0x0200252c        0x0 c:/devkitpro/devkitarm/bin/../lib/gcc/arm-none-eabi/4.9.2/../../../../arm-none-eabi/lib\libg.a(lib_a-memcpy.o)
 .bss           0x0200252c        0x0 c:/devkitpro/devkitarm/bin/../lib/gcc/arm-none-eabi/4.9.2/../../../../arm-none-eabi/lib\libg.a(lib_a-memset.o)
 .bss           0x0200252c        0x8 c:/devkitpro/devkitarm/bin/../lib/gcc/arm-none-eabi/4.9.2/../../../../arm-none-eabi/lib\libsysbase.a(malloc_vars.o)
                0x0200252c                fake_heap_start
                0x02002530                fake_heap_end
 .bss           0x02002534        0x0 c:/devkitpro/devkitarm/bin/../lib/gcc/arm-none-eabi/4.9.2/../../../../arm-none-eabi/lib\libsysbase.a(build_argv.o)
 .bss           0x02002534       0x40 c:/devkitpro/devkitarm/bin/../lib/gcc/arm-none-eabi/4.9.2/../../../../arm-none-eabi/lib\libsysbase.a(syscall_support.o)
                0x02002534                __syscalls
 .bss           0x02002574        0x0 c:/devkitpro/devkitarm/bin/../lib/gcc/arm-none-eabi/4.9.2/crtend.o
 .bss           0x02002574        0x0 c:/devkitpro/devkitarm/bin/../lib/gcc/arm-none-eabi/4.9.2/crtn.o
 *(COMMON)
 COMMON         0x02002574       0x18 main.o
                0x02002574                g_ball
 COMMON         0x0200258c        0x1 c:/devkitPro/libnds/lib\libnds9.a(initSystem.o)
                0x0200258c                __dsimode
 *fill*         0x0200258d        0x3 
 COMMON         0x02002590      0xa40 c:/devkitPro/libnds/lib\libnds9.a(fifosystem.o)
                0x02002590                fifo_datamsg_data
                0x020025d0                fifo_buffer
                0x02002dd0                fifo_value32_func
                0x02002e10                fifo_address_func
                0x02002e50                fifo_value32_data
                0x02002e90                fifo_value32_queue
                0x02002ed0                fifo_data_queue
                0x02002f10                fifo_address_data
                0x02002f50                fifo_datamsg_func
                0x02002f90                fifo_address_queue
 COMMON         0x02002fd0        0x4 c:/devkitPro/libnds/lib\libnds9.a(timeSupport.o)
                0x02002fd0                punixTime
                0x02002fd4                . = ALIGN (0x4)
                0x02002fd4                __bss_end__ = ABSOLUTE (.)
                0x02002fd4                __end__ = ABSOLUTE (.)

.stab
 *(.stab)

.stabstr
 *(.stabstr)

.stab.excl
 *(.stab.excl)

.stab.exclstr
 *(.stab.exclstr)

.stab.index
 *(.stab.index)

.stab.indexstr
 *(.stab.indexstr)

.comment        0x00000000       0x22
 *(.comment)
 .comment       0x00000000       0x22 c:/devkitpro/devkitarm/bin/../lib/gcc/arm-none-eabi/4.9.2/crtbegin.o
                                 0x23 (size before relaxing)
 .comment       0x00000022       0x23 ball.o
 .comment       0x00000022       0x23 main.o
 .comment       0x00000022       0x23 c:/devkitPro/libnds/lib\libnds9.a(initSystem.o)
 .comment       0x00000022       0x23 c:/devkitPro/libnds/lib\libnds9.a(fifosystem.o)
 .comment       0x00000022       0x23 c:/devkitPro/libnds/lib\libnds9.a(libnds_exit.arm.o)
 .comment       0x00000022       0x23 c:/devkitPro/libnds/lib\libnds9.a(interrupts.o)
 .comment       0x00000022       0x23 c:/devkitPro/libnds/lib\libnds9.a(system.o)
 .comment       0x00000022       0x23 c:/devkitPro/libnds/lib\libnds9.a(video.o)
 .comment       0x00000022       0x23 c:/devkitPro/libnds/lib\libnds9.a(timeSupport.o)
 .comment       0x00000022       0x23 c:/devkitpro/devkitarm/bin/../lib/gcc/arm-none-eabi/4.9.2/../../../../arm-none-eabi/lib\libg.a(lib_a-init.o)
 .comment       0x00000022       0x23 c:/devkitpro/devkitarm/bin/../lib/gcc/arm-none-eabi/4.9.2/../../../../arm-none-eabi/lib\libg.a(lib_a-memcpy.o)
 .comment       0x00000022       0x23 c:/devkitpro/devkitarm/bin/../lib/gcc/arm-none-eabi/4.9.2/../../../../arm-none-eabi/lib\libg.a(lib_a-memset.o)
 .comment       0x00000022       0x23 c:/devkitpro/devkitarm/bin/../lib/gcc/arm-none-eabi/4.9.2/../../../../arm-none-eabi/lib\libsysbase.a(malloc_vars.o)
 .comment       0x00000022       0x23 c:/devkitpro/devkitarm/bin/../lib/gcc/arm-none-eabi/4.9.2/../../../../arm-none-eabi/lib\libsysbase.a(build_argv.o)
 .comment       0x00000022       0x23 c:/devkitpro/devkitarm/bin/../lib/gcc/arm-none-eabi/4.9.2/../../../../arm-none-eabi/lib\libsysbase.a(syscall_support.o)
 .comment       0x00000022       0x23 c:/devkitpro/devkitarm/bin/../lib/gcc/arm-none-eabi/4.9.2/crtend.o

.ARM.attributes
                0x00000000       0x2d
 .ARM.attributes
                0x00000000       0x21 c:/devkitpro/devkitarm/bin/../lib/gcc/arm-none-eabi/4.9.2/../../../../arm-none-eabi/lib/ds_arm9_crt0.o
 .ARM.attributes
                0x00000021       0x16 c:/devkitpro/devkitarm/bin/../lib/gcc/arm-none-eabi/4.9.2/crti.o
 .ARM.attributes
                0x00000037       0x30 c:/devkitpro/devkitarm/bin/../lib/gcc/arm-none-eabi/4.9.2/crtbegin.o
 .ARM.attributes
                0x00000067       0x1b gfx_ball.o
 .ARM.attributes
                0x00000082       0x1b gfx_brick.o
 .ARM.attributes
                0x0000009d       0x1b gfx_gradient.o
 .ARM.attributes
                0x000000b8       0x2b ball.o
 .ARM.attributes
                0x000000e3       0x2b main.o
 .ARM.attributes
                0x0000010e       0x27 c:/devkitPro/libnds/lib\libnds9.a(initSystem.o)
 .ARM.attributes
                0x00000135       0x27 c:/devkitPro/libnds/lib\libnds9.a(fifosystem.o)
 .ARM.attributes
                0x0000015c       0x27 c:/devkitPro/libnds/lib\libnds9.a(libnds_exit.arm.o)
 .ARM.attributes
                0x00000183       0x27 c:/devkitPro/libnds/lib\libnds9.a(interrupts.o)
 .ARM.attributes
                0x000001aa       0x21 c:/devkitPro/libnds/lib\libnds9.a(mpu_setup.o)
 .ARM.attributes
                0x000001cb       0x21 c:/devkitPro/libnds/lib\libnds9.a(swiSoftReset.o)
 .ARM.attributes
                0x000001ec       0x1b c:/devkitPro/libnds/lib\libnds9.a(biosCalls.o)
 .ARM.attributes
                0x00000207       0x1b c:/devkitPro/libnds/lib\libnds9.a(interruptDispatcher.o)
 .ARM.attributes
                0x00000222       0x27 c:/devkitPro/libnds/lib\libnds9.a(system.o)
 .ARM.attributes
                0x00000249       0x27 c:/devkitPro/libnds/lib\libnds9.a(video.o)
 .ARM.attributes
                0x00000270       0x27 c:/devkitPro/libnds/lib\libnds9.a(timeSupport.o)
 .ARM.attributes
                0x00000297       0x30 c:/devkitpro/devkitarm/bin/../lib/gcc/arm-none-eabi/4.9.2/../../../../arm-none-eabi/lib\libg.a(lib_a-init.o)
 .ARM.attributes
                0x000002c7       0x30 c:/devkitpro/devkitarm/bin/../lib/gcc/arm-none-eabi/4.9.2/../../../../arm-none-eabi/lib\libg.a(lib_a-memcpy.o)
 .ARM.attributes
                0x000002f7       0x30 c:/devkitpro/devkitarm/bin/../lib/gcc/arm-none-eabi/4.9.2/../../../../arm-none-eabi/lib\libg.a(lib_a-memset.o)
 .ARM.attributes
                0x00000327       0x30 c:/devkitpro/devkitarm/bin/../lib/gcc/arm-none-eabi/4.9.2/../../../../arm-none-eabi/lib\libsysbase.a(malloc_vars.o)
 .ARM.attributes
                0x00000357       0x30 c:/devkitpro/devkitarm/bin/../lib/gcc/arm-none-eabi/4.9.2/../../../../arm-none-eabi/lib\libsysbase.a(build_argv.o)
 .ARM.attributes
                0x00000387       0x30 c:/devkitpro/devkitarm/bin/../lib/gcc/arm-none-eabi/4.9.2/../../../../arm-none-eabi/lib\libsysbase.a(syscall_support.o)
 .ARM.attributes
                0x000003b7       0x30 c:/devkitpro/devkitarm/bin/../lib/gcc/arm-none-eabi/4.9.2/crtend.o
 .ARM.attributes
                0x000003e7       0x18 c:/devkitpro/devkitarm/bin/../lib/gcc/arm-none-eabi/4.9.2/crtn.o

.debug
 *(.debug)

.line
 *(.line)

.debug_srcinfo
 *(.debug_srcinfo)

.debug_sfnames
 *(.debug_sfnames)

.debug_aranges  0x00000000      0x1a8
 *(.debug_aranges)
 .debug_aranges
                0x00000000       0x20 ball.o
 .debug_aranges
                0x00000020       0x28 main.o
 .debug_aranges
                0x00000048       0x20 c:/devkitPro/libnds/lib\libnds9.a(initSystem.o)
 .debug_aranges
                0x00000068       0x20 c:/devkitPro/libnds/lib\libnds9.a(fifosystem.o)
 .debug_aranges
                0x00000088       0x20 c:/devkitPro/libnds/lib\libnds9.a(libnds_exit.arm.o)
 .debug_aranges
                0x000000a8       0x20 c:/devkitPro/libnds/lib\libnds9.a(interrupts.o)
 .debug_aranges
                0x000000c8       0x20 c:/devkitPro/libnds/lib\libnds9.a(mpu_setup.o)
 .debug_aranges
                0x000000e8       0x20 c:/devkitPro/libnds/lib\libnds9.a(swiSoftReset.o)
 .debug_aranges
                0x00000108       0x20 c:/devkitPro/libnds/lib\libnds9.a(biosCalls.o)
 .debug_aranges
                0x00000128       0x20 c:/devkitPro/libnds/lib\libnds9.a(interruptDispatcher.o)
 .debug_aranges
                0x00000148       0x20 c:/devkitPro/libnds/lib\libnds9.a(system.o)
 .debug_aranges
                0x00000168       0x20 c:/devkitPro/libnds/lib\libnds9.a(video.o)
 .debug_aranges
                0x00000188       0x20 c:/devkitPro/libnds/lib\libnds9.a(timeSupport.o)

.debug_pubnames
 *(.debug_pubnames)

.debug_info     0x00000000     0x618c
 *(.debug_info)
 .debug_info    0x00000000      0xb41 ball.o
 .debug_info    0x00000b41     0x124c main.o
 .debug_info    0x00001d8d     0x10eb c:/devkitPro/libnds/lib\libnds9.a(initSystem.o)
 .debug_info    0x00002e78     0x1597 c:/devkitPro/libnds/lib\libnds9.a(fifosystem.o)
 .debug_info    0x0000440f      0x327 c:/devkitPro/libnds/lib\libnds9.a(libnds_exit.arm.o)
 .debug_info    0x00004736      0x5ac c:/devkitPro/libnds/lib\libnds9.a(interrupts.o)
 .debug_info    0x00004ce2       0xd0 c:/devkitPro/libnds/lib\libnds9.a(mpu_setup.o)
 .debug_info    0x00004db2       0xce c:/devkitPro/libnds/lib\libnds9.a(swiSoftReset.o)
 .debug_info    0x00004e80       0xcb c:/devkitPro/libnds/lib\libnds9.a(biosCalls.o)
 .debug_info    0x00004f4b       0xd5 c:/devkitPro/libnds/lib\libnds9.a(interruptDispatcher.o)
 .debug_info    0x00005020      0x8f6 c:/devkitPro/libnds/lib\libnds9.a(system.o)
 .debug_info    0x00005916      0x730 c:/devkitPro/libnds/lib\libnds9.a(video.o)
 .debug_info    0x00006046      0x146 c:/devkitPro/libnds/lib\libnds9.a(timeSupport.o)

.debug_abbrev   0x00000000     0x160e
 *(.debug_abbrev)
 .debug_abbrev  0x00000000      0x232 ball.o
 .debug_abbrev  0x00000232      0x393 main.o
 .debug_abbrev  0x000005c5      0x303 c:/devkitPro/libnds/lib\libnds9.a(initSystem.o)
 .debug_abbrev  0x000008c8      0x464 c:/devkitPro/libnds/lib\libnds9.a(fifosystem.o)
 .debug_abbrev  0x00000d2c      0x175 c:/devkitPro/libnds/lib\libnds9.a(libnds_exit.arm.o)
 .debug_abbrev  0x00000ea1      0x239 c:/devkitPro/libnds/lib\libnds9.a(interrupts.o)
 .debug_abbrev  0x000010da       0x14 c:/devkitPro/libnds/lib\libnds9.a(mpu_setup.o)
 .debug_abbrev  0x000010ee       0x14 c:/devkitPro/libnds/lib\libnds9.a(swiSoftReset.o)
 .debug_abbrev  0x00001102       0x14 c:/devkitPro/libnds/lib\libnds9.a(biosCalls.o)
 .debug_abbrev  0x00001116       0x14 c:/devkitPro/libnds/lib\libnds9.a(interruptDispatcher.o)
 .debug_abbrev  0x0000112a      0x250 c:/devkitPro/libnds/lib\libnds9.a(system.o)
 .debug_abbrev  0x0000137a      0x1d7 c:/devkitPro/libnds/lib\libnds9.a(video.o)
 .debug_abbrev  0x00001551       0xbd c:/devkitPro/libnds/lib\libnds9.a(timeSupport.o)

.debug_line     0x00000000     0x1cd0
 *(.debug_line)
 .debug_line    0x00000000      0x1d2 ball.o
 .debug_line    0x000001d2      0x2ea main.o
 .debug_line    0x000004bc      0x3a5 c:/devkitPro/libnds/lib\libnds9.a(initSystem.o)
 .debug_line    0x00000861      0x6b1 c:/devkitPro/libnds/lib\libnds9.a(fifosystem.o)
 .debug_line    0x00000f12      0x1ea c:/devkitPro/libnds/lib\libnds9.a(libnds_exit.arm.o)
 .debug_line    0x000010fc      0x29f c:/devkitPro/libnds/lib\libnds9.a(interrupts.o)
 .debug_line    0x0000139b      0x107 c:/devkitPro/libnds/lib\libnds9.a(mpu_setup.o)
 .debug_line    0x000014a2       0x9d c:/devkitPro/libnds/lib\libnds9.a(swiSoftReset.o)
 .debug_line    0x0000153f       0xc9 c:/devkitPro/libnds/lib\libnds9.a(biosCalls.o)
 .debug_line    0x00001608       0xcd c:/devkitPro/libnds/lib\libnds9.a(interruptDispatcher.o)
 .debug_line    0x000016d5      0x2a5 c:/devkitPro/libnds/lib\libnds9.a(system.o)
 .debug_line    0x0000197a      0x278 c:/devkitPro/libnds/lib\libnds9.a(video.o)
 .debug_line    0x00001bf2       0xde c:/devkitPro/libnds/lib\libnds9.a(timeSupport.o)

.debug_frame    0x00000000      0x654
 *(.debug_frame)
 .debug_frame   0x00000000       0x40 ball.o
 .debug_frame   0x00000040       0xa4 main.o
 .debug_frame   0x000000e4       0x28 c:/devkitPro/libnds/lib\libnds9.a(initSystem.o)
 .debug_frame   0x0000010c      0x2bc c:/devkitPro/libnds/lib\libnds9.a(fifosystem.o)
 .debug_frame   0x000003c8       0x3c c:/devkitPro/libnds/lib\libnds9.a(libnds_exit.arm.o)
 .debug_frame   0x00000404       0xac c:/devkitPro/libnds/lib\libnds9.a(interrupts.o)
 .debug_frame   0x000004b0       0xc8 c:/devkitPro/libnds/lib\libnds9.a(system.o)
 .debug_frame   0x00000578       0xbc c:/devkitPro/libnds/lib\libnds9.a(video.o)
 .debug_frame   0x00000634       0x20 c:/devkitPro/libnds/lib\libnds9.a(timeSupport.o)

.debug_str      0x00000000     0x2893
 *(.debug_str)
 .debug_str     0x00000000      0x776 ball.o
                                0x807 (size before relaxing)
 .debug_str     0x00000776      0x5b1 main.o
                                0xd73 (size before relaxing)
 .debug_str     0x00000d27      0x874 c:/devkitPro/libnds/lib\libnds9.a(initSystem.o)
                                0xbd3 (size before relaxing)
 .debug_str     0x0000159b      0x50b c:/devkitPro/libnds/lib\libnds9.a(fifosystem.o)
                                0x832 (size before relaxing)
 .debug_str     0x00001aa6      0x1bc c:/devkitPro/libnds/lib\libnds9.a(libnds_exit.arm.o)
                                0x35f (size before relaxing)
 .debug_str     0x00001c62      0x114 c:/devkitPro/libnds/lib\libnds9.a(interrupts.o)
                                0x41b (size before relaxing)
 .debug_str     0x00001d76      0x2af c:/devkitPro/libnds/lib\libnds9.a(system.o)
                                0x68c (size before relaxing)
 .debug_str     0x00002025      0x7fc c:/devkitPro/libnds/lib\libnds9.a(video.o)
                                0xbe1 (size before relaxing)
 .debug_str     0x00002821       0x72 c:/devkitPro/libnds/lib\libnds9.a(timeSupport.o)
                                0x1d0 (size before relaxing)

.debug_loc      0x00000000     0x199b
 *(.debug_loc)
 .debug_loc     0x00000000       0x80 ball.o
 .debug_loc     0x00000080      0x1d8 main.o
 .debug_loc     0x00000258       0x1f c:/devkitPro/libnds/lib\libnds9.a(initSystem.o)
 .debug_loc     0x00000277     0x1128 c:/devkitPro/libnds/lib\libnds9.a(fifosystem.o)
 .debug_loc     0x0000139f       0x58 c:/devkitPro/libnds/lib\libnds9.a(libnds_exit.arm.o)
 .debug_loc     0x000013f7      0x16a c:/devkitPro/libnds/lib\libnds9.a(interrupts.o)
 .debug_loc     0x00001561      0x1ee c:/devkitPro/libnds/lib\libnds9.a(system.o)
 .debug_loc     0x0000174f      0x22b c:/devkitPro/libnds/lib\libnds9.a(video.o)
 .debug_loc     0x0000197a       0x21 c:/devkitPro/libnds/lib\libnds9.a(timeSupport.o)

.debug_macinfo
 *(.debug_macinfo)

.debug_weaknames
 *(.debug_weaknames)

.debug_funcnames
 *(.debug_funcnames)

.debug_typenames
 *(.debug_typenames)

.debug_varnames
 *(.debug_varnames)

.stack          0x00080000        0x0
                0x00080000                _stack = .
 *(.stack)
LOAD c:/devkitpro/devkitarm/bin/../lib/gcc/arm-none-eabi/4.9.2/../../../../arm-none-eabi/lib/ds_arm9_crt0.o
LOAD c:/devkitpro/devkitarm/bin/../lib/gcc/arm-none-eabi/4.9.2/crti.o
LOAD c:/devkitpro/devkitarm/bin/../lib/gcc/arm-none-eabi/4.9.2/crtbegin.o
LOAD gfx_ball.o
LOAD gfx_brick.o
LOAD gfx_gradient.o
LOAD ball.o
LOAD main.o
LOAD c:/devkitPro/libnds/lib\libnds9.a
START GROUP
LOAD c:/devkitpro/devkitarm/bin/../lib/gcc/arm-none-eabi/4.9.2\libgcc.a
LOAD c:/devkitpro/devkitarm/bin/../lib/gcc/arm-none-eabi/4.9.2/../../../../arm-none-eabi/lib\libg.a
LOAD c:/devkitpro/devkitarm/bin/../lib/gcc/arm-none-eabi/4.9.2/../../../../arm-none-eabi/lib\libc.a
LOAD c:/devkitpro/devkitarm/bin/../lib/gcc/arm-none-eabi/4.9.2/../../../../arm-none-eabi/lib\libsysbase.a
END GROUP
LOAD c:/devkitpro/devkitarm/bin/../lib/gcc/arm-none-eabi/4.9.2/crtend.o
LOAD c:/devkitpro/devkitarm/bin/../lib/gcc/arm-none-eabi/4.9.2/crtn.o
OUTPUT(c:/PFC/Codigo/BouncingBall/BouncingBall.elf elf32-littlearm)

.debug_ranges   0x00000000      0x4d8
 .debug_ranges  0x00000000       0x18 ball.o
 .debug_ranges  0x00000018       0x78 main.o
 .debug_ranges  0x00000090      0x340 c:/devkitPro/libnds/lib\libnds9.a(fifosystem.o)
 .debug_ranges  0x000003d0       0xc0 c:/devkitPro/libnds/lib\libnds9.a(interrupts.o)
 .debug_ranges  0x00000490       0x48 c:/devkitPro/libnds/lib\libnds9.a(video.o)
